Archive member included to satisfy reference by file (symbol)

/opt/st/stm32cubeide_2.1.0/plugins/com.st.stm32cube.ide.mcu.externaltools.gnu-tools-for-stm32.14.3.rel1.linux64_1.0.100.202602081740/tools/bin/../lib/gcc/arm-none-eabi/14.3.1/../../../../arm-none-eabi/lib/thumb/v7e-m+fp/hard/libc_nano.a(libc_a-exit.o)
                              /opt/st/stm32cubeide_2.1.0/plugins/com.st.stm32cube.ide.mcu.externaltools.gnu-tools-for-stm32.14.3.rel1.linux64_1.0.100.202602081740/tools/bin/../lib/gcc/arm-none-eabi/14.3.1/../../../../arm-none-eabi/lib/thumb/v7e-m+fp/hard/crt0.o (exit)
/opt/st/stm32cubeide_2.1.0/plugins/com.st.stm32cube.ide.mcu.externaltools.gnu-tools-for-stm32.14.3.rel1.linux64_1.0.100.202602081740/tools/bin/../lib/gcc/arm-none-eabi/14.3.1/../../../../arm-none-eabi/lib/thumb/v7e-m+fp/hard/libc_nano.a(libc_a-findfp.o)
                              /opt/st/stm32cubeide_2.1.0/plugins/com.st.stm32cube.ide.mcu.externaltools.gnu-tools-for-stm32.14.3.rel1.linux64_1.0.100.202602081740/tools/bin/../lib/gcc/arm-none-eabi/14.3.1/../../../../arm-none-eabi/lib/thumb/v7e-m+fp/hard/libc_nano.a(libc_a-exit.o) (__stdio_exit_handler)
/opt/st/stm32cubeide_2.1.0/plugins/com.st.stm32cube.ide.mcu.externaltools.gnu-tools-for-stm32.14.3.rel1.linux64_1.0.100.202602081740/tools/bin/../lib/gcc/arm-none-eabi/14.3.1/../../../../arm-none-eabi/lib/thumb/v7e-m+fp/hard/libc_nano.a(libc_a-fwalk.o)
                              /opt/st/stm32cubeide_2.1.0/plugins/com.st.stm32cube.ide.mcu.externaltools.gnu-tools-for-stm32.14.3.rel1.linux64_1.0.100.202602081740/tools/bin/../lib/gcc/arm-none-eabi/14.3.1/../../../../arm-none-eabi/lib/thumb/v7e-m+fp/hard/libc_nano.a(libc_a-findfp.o) (_fwalk_sglue)
/opt/st/stm32cubeide_2.1.0/plugins/com.st.stm32cube.ide.mcu.externaltools.gnu-tools-for-stm32.14.3.rel1.linux64_1.0.100.202602081740/tools/bin/../lib/gcc/arm-none-eabi/14.3.1/../../../../arm-none-eabi/lib/thumb/v7e-m+fp/hard/libc_nano.a(libc_a-stdio.o)
                              /opt/st/stm32cubeide_2.1.0/plugins/com.st.stm32cube.ide.mcu.externaltools.gnu-tools-for-stm32.14.3.rel1.linux64_1.0.100.202602081740/tools/bin/../lib/gcc/arm-none-eabi/14.3.1/../../../../arm-none-eabi/lib/thumb/v7e-m+fp/hard/libc_nano.a(libc_a-findfp.o) (__sread)
/opt/st/stm32cubeide_2.1.0/plugins/com.st.stm32cube.ide.mcu.externaltools.gnu-tools-for-stm32.14.3.rel1.linux64_1.0.100.202602081740/tools/bin/../lib/gcc/arm-none-eabi/14.3.1/../../../../arm-none-eabi/lib/thumb/v7e-m+fp/hard/libc_nano.a(libc_a-memset.o)
                              /opt/st/stm32cubeide_2.1.0/plugins/com.st.stm32cube.ide.mcu.externaltools.gnu-tools-for-stm32.14.3.rel1.linux64_1.0.100.202602081740/tools/bin/../lib/gcc/arm-none-eabi/14.3.1/../../../../arm-none-eabi/lib/thumb/v7e-m+fp/hard/crt0.o (memset)
/opt/st/stm32cubeide_2.1.0/plugins/com.st.stm32cube.ide.mcu.externaltools.gnu-tools-for-stm32.14.3.rel1.linux64_1.0.100.202602081740/tools/bin/../lib/gcc/arm-none-eabi/14.3.1/../../../../arm-none-eabi/lib/thumb/v7e-m+fp/hard/libc_nano.a(libc_a-closer.o)
                              /opt/st/stm32cubeide_2.1.0/plugins/com.st.stm32cube.ide.mcu.externaltools.gnu-tools-for-stm32.14.3.rel1.linux64_1.0.100.202602081740/tools/bin/../lib/gcc/arm-none-eabi/14.3.1/../../../../arm-none-eabi/lib/thumb/v7e-m+fp/hard/libc_nano.a(libc_a-stdio.o) (_close_r)
/opt/st/stm32cubeide_2.1.0/plugins/com.st.stm32cube.ide.mcu.externaltools.gnu-tools-for-stm32.14.3.rel1.linux64_1.0.100.202602081740/tools/bin/../lib/gcc/arm-none-eabi/14.3.1/../../../../arm-none-eabi/lib/thumb/v7e-m+fp/hard/libc_nano.a(libc_a-reent.o)
                              /opt/st/stm32cubeide_2.1.0/plugins/com.st.stm32cube.ide.mcu.externaltools.gnu-tools-for-stm32.14.3.rel1.linux64_1.0.100.202602081740/tools/bin/../lib/gcc/arm-none-eabi/14.3.1/../../../../arm-none-eabi/lib/thumb/v7e-m+fp/hard/libc_nano.a(libc_a-closer.o) (errno)
/opt/st/stm32cubeide_2.1.0/plugins/com.st.stm32cube.ide.mcu.externaltools.gnu-tools-for-stm32.14.3.rel1.linux64_1.0.100.202602081740/tools/bin/../lib/gcc/arm-none-eabi/14.3.1/../../../../arm-none-eabi/lib/thumb/v7e-m+fp/hard/libc_nano.a(libc_a-impure.o)
                              /opt/st/stm32cubeide_2.1.0/plugins/com.st.stm32cube.ide.mcu.externaltools.gnu-tools-for-stm32.14.3.rel1.linux64_1.0.100.202602081740/tools/bin/../lib/gcc/arm-none-eabi/14.3.1/../../../../arm-none-eabi/lib/thumb/v7e-m+fp/hard/libc_nano.a(libc_a-reent.o) (_impure_ptr)
/opt/st/stm32cubeide_2.1.0/plugins/com.st.stm32cube.ide.mcu.externaltools.gnu-tools-for-stm32.14.3.rel1.linux64_1.0.100.202602081740/tools/bin/../lib/gcc/arm-none-eabi/14.3.1/../../../../arm-none-eabi/lib/thumb/v7e-m+fp/hard/libc_nano.a(libc_a-lseekr.o)
                              /opt/st/stm32cubeide_2.1.0/plugins/com.st.stm32cube.ide.mcu.externaltools.gnu-tools-for-stm32.14.3.rel1.linux64_1.0.100.202602081740/tools/bin/../lib/gcc/arm-none-eabi/14.3.1/../../../../arm-none-eabi/lib/thumb/v7e-m+fp/hard/libc_nano.a(libc_a-stdio.o) (_lseek_r)
[...]
Memory Configuration

Name             Origin             Length             Attributes
RAM              0x20000000         0x00020000         xrw
FLASH            0x08000000         0x00080000         xr
*default*        0x00000000         0xffffffff

Linker script and memory map

LOAD /opt/st/stm32cubeide_2.1.0/plugins/com.st.stm32cube.ide.mcu.externaltools.gnu-tools-for-stm32.14.3.rel1.linux64_1.0.100.202602081740/tools/bin/../lib/gcc/arm-none-eabi/14.3.1/thumb/v7e-m+fp/hard/crti.o
LOAD /opt/st/stm32cubeide_2.1.0/plugins/com.st.stm32cube.ide.mcu.externaltools.gnu-tools-for-stm32.14.3.rel1.linux64_1.0.100.202602081740/tools/bin/../lib/gcc/arm-none-eabi/14.3.1/thumb/v7e-m+fp/hard/crtbegin.o
LOAD /opt/st/stm32cubeide_2.1.0/plugins/com.st.stm32cube.ide.mcu.externaltools.gnu-tools-for-stm32.14.3.rel1.linux64_1.0.100.202602081740/tools/bin/../lib/gcc/arm-none-eabi/14.3.1/../../../../arm-none-eabi/lib/thumb/v7e-m+fp/hard/crt0.o
LOAD ./Core/Src/euler.o
LOAD ./Core/Src/main.o
LOAD ./Core/Src/sensors.o
LOAD ./Core/Src/sh2.o
LOAD ./Core/Src/sh2_SensorValue.o
LOAD ./Core/Src/sh2_util.o
LOAD ./Core/Src/shtp.o
LOAD ./Core/Src/stm32f4xx_hal_msp.o
LOAD ./Core/Src/stm32f4xx_it.o
LOAD ./Core/Src/sx1278.o
LOAD ./Core/Src/syscalls.o
LOAD ./Core/Src/sysmem.o
LOAD ./Core/Src/system_stm32f4xx.o
LOAD ./Core/Src/telemetry.o
LOAD ./Core/Startup/startup_stm32f411ceux.o
LOAD ./Drivers/STM32F4xx_HAL_Driver/Src/stm32f4xx_hal.o
LOAD ./Drivers/STM32F4xx_HAL_Driver/Src/stm32f4xx_hal_cortex.o
LOAD ./Drivers/STM32F4xx_HAL_Driver/Src/stm32f4xx_hal_dma.o
LOAD ./Drivers/STM32F4xx_HAL_Driver/Src/stm32f4xx_hal_dma_ex.o
LOAD ./Drivers/STM32F4xx_HAL_Driver/Src/stm32f4xx_hal_exti.o
LOAD ./Drivers/STM32F4xx_HAL_Driver/Src/stm32f4xx_hal_flash.o
LOAD ./Drivers/STM32F4xx_HAL_Driver/Src/stm32f4xx_hal_flash_ex.o
LOAD ./Drivers/STM32F4xx_HAL_Driver/Src/stm32f4xx_hal_flash_ramfunc.o
LOAD ./Drivers/STM32F4xx_HAL_Driver/Src/stm32f4xx_hal_gpio.o
LOAD ./Drivers/STM32F4xx_HAL_Driver/Src/stm32f4xx_hal_i2c.o
LOAD ./Drivers/STM32F4xx_HAL_Driver/Src/stm32f4xx_hal_i2c_ex.o
LOAD ./Drivers/STM32F4xx_HAL_Driver/Src/stm32f4xx_hal_pwr.o
LOAD ./Drivers/STM32F4xx_HAL_Driver/Src/stm32f4xx_hal_pwr_ex.o
LOAD ./Drivers/STM32F4xx_HAL_Driver/Src/stm32f4xx_hal_rcc.o
LOAD ./Drivers/STM32F4xx_HAL_Driver/Src/stm32f4xx_hal_rcc_ex.o
LOAD ./Drivers/STM32F4xx_HAL_Driver/Src/stm32f4xx_hal_spi.o
START GROUP
LOAD /opt/st/stm32cubeide_2.1.0/plugins/com.st.stm32cube.ide.mcu.externaltools.gnu-tools-for-stm32.14.3.rel1.linux64_1.0.100.202602081740/tools/bin/../lib/gcc/arm-none-eabi/14.3.1/../../../../arm-none-eabi/lib/thumb/v7e-m+fp/hard/libc_nano.a
LOAD /opt/st/stm32cubeide_2.1.0/plugins/com.st.stm32cube.ide.mcu.externaltools.gnu-tools-for-stm32.14.3.rel1.linux64_1.0.100.202602081740/tools/bin/../lib/gcc/arm-none-eabi/14.3.1/../../../../arm-none-eabi/lib/thumb/v7e-m+fp/hard/libm.a
END GROUP
START GROUP
LOAD /opt/st/stm32cubeide_2.1.0/plugins/com.st.stm32cube.ide.mcu.externaltools.gnu-tools-for-stm32.14.3.rel1.linux64_1.0.100.202602081740/tools/bin/../lib/gcc/arm-none-eabi/14.3.1/thumb/v7e-m+fp/hard/libgcc.a
LOAD /opt/st/stm32cubeide_2.1.0/plugins/com.st.stm32cube.ide.mcu.externaltools.gnu-tools-for-stm32.14.3.rel1.linux64_1.0.100.202602081740/tools/bin/../lib/gcc/arm-none-eabi/14.3.1/../../../../arm-none-eabi/lib/thumb/v7e-m+fp/hard/libc_nano.a
END GROUP
START GROUP
LOAD /opt/st/stm32cubeide_2.1.0/plugins/com.st.stm32cube.ide.mcu.externaltools.gnu-tools-for-stm32.14.3.rel1.linux64_1.0.100.202602081740/tools/bin/../lib/gcc/arm-none-eabi/14.3.1/thumb/v7e-m+fp/hard/libgcc.a
LOAD /opt/st/stm32cubeide_2.1.0/plugins/com.st.stm32cube.ide.mcu.externaltools.gnu-tools-for-stm32.14.3.rel1.linux64_1.0.100.202602081740/tools/bin/../lib/gcc/arm-none-eabi/14.3.1/../../../../arm-none-eabi/lib/thumb/v7e-m+fp/hard/libc_nano.a
LOAD /opt/st/stm32cubeide_2.1.0/plugins/com.st.stm32cube.ide.mcu.externaltools.gnu-tools-for-stm32.14.3.rel1.linux64_1.0.100.202602081740/tools/bin/../lib/gcc/arm-none-eabi/14.3.1/../../../../arm-none-eabi/lib/thumb/v7e-m+fp/hard/libnosys.a
END GROUP
START GROUP
LOAD /opt/st/stm32cubeide_2.1.0/plugins/com.st.stm32cube.ide.mcu.externaltools.gnu-tools-for-stm32.14.3.rel1.linux64_1.0.100.202602081740/tools/bin/../lib/gcc/arm-none-eabi/14.3.1/thumb/v7e-m+fp/hard/libgcc.a
LOAD /opt/st/stm32cubeide_2.1.0/plugins/com.st.stm32cube.ide.mcu.externaltools.gnu-tools-for-stm32.14.3.rel1.linux64_1.0.100.202602081740/tools/bin/../lib/gcc/arm-none-eabi/14.3.1/../../../../arm-none-eabi/lib/thumb/v7e-m+fp/hard/libc_nano.a
LOAD /opt/st/stm32cubeide_2.1.0/plugins/com.st.stm32cube.ide.mcu.externaltools.gnu-tools-for-stm32.14.3.rel1.linux64_1.0.100.202602081740/tools/bin/../lib/gcc/arm-none-eabi/14.3.1/../../../../arm-none-eabi/lib/thumb/v7e-m+fp/hard/libnosys.a
END GROUP
LOAD /opt/st/stm32cubeide_2.1.0/plugins/com.st.stm32cube.ide.mcu.externaltools.gnu-tools-for-stm32.14.3.rel1.linux64_1.0.100.202602081740/tools/bin/../lib/gcc/arm-none-eabi/14.3.1/thumb/v7e-m+fp/hard/crtend.o
LOAD /opt/st/stm32cubeide_2.1.0/plugins/com.st.stm32cube.ide.mcu.externaltools.gnu-tools-for-stm32.14.3.rel1.linux64_1.0.100.202602081740/tools/bin/../lib/gcc/arm-none-eabi/14.3.1/thumb/v7e-m+fp/hard/crtn.o
                0x20020000                        _estack = (ORIGIN (RAM) + LENGTH (RAM))
                0x00000200                        _Min_Heap_Size = 0x200
                0x00000400                        _Min_Stack_Size = 0x400

.isr_vector     0x08000000      0x198
                0x08000000                        . = ALIGN (0x4)
 *(.isr_vector)
 .isr_vector    0x08000000      0x198 ./Core/Startup/startup_stm32f411ceux.o
                0x08000000                g_pfnVectors
                0x08000198                        . = ALIGN (0x4)

.text           0x08000198     0x8df4
                0x08000198                        . = ALIGN (0x4)
 *(.text)
 .text          0x08000198       0x40 /opt/st/stm32cubeide_2.1.0/plugins/com.st.stm32cube.ide.mcu.externaltools.gnu-tools-for-stm32.14.3.rel1.linux64_1.0.100.202602081740/tools/bin/../lib/gcc/arm-none-eabi/14.3.1/thumb/v7e-m+fp/hard/crtbegin.o
 .text          0x080001d8       0xa0 /opt/st/stm32cubeide_2.1.0/plugins/com.st.stm32cube.ide.mcu.externaltools.gnu-tools-for-stm32.14.3.rel1.linux64_1.0.100.202602081740/tools/bin/../lib/gcc/arm-none-eabi/14.3.1/thumb/v7e-m+fp/hard/libgcc.a(_aeabi_ldivmod.o)
                0x080001d8                __aeabi_ldivmod
 .text          0x08000278       0x30 /opt/st/stm32cubeide_2.1.0/plugins/com.st.stm32cube.ide.mcu.externaltools.gnu-tools-for-stm32.14.3.rel1.linux64_1.0.100.202602081740/tools/bin/../lib/gcc/arm-none-eabi/14.3.1/thumb/v7e-m+fp/hard/libgcc.a(_aeabi_uldivmod.o)
                0x08000278                __aeabi_uldivmod
 .text          0x080002a8      0x2f8 /opt/st/stm32cubeide_2.1.0/plugins/com.st.stm32cube.ide.mcu.externaltools.gnu-tools-for-stm32.14.3.rel1.linux64_1.0.100.202602081740/tools/bin/../lib/gcc/arm-none-eabi/14.3.1/thumb/v7e-m+fp/hard/libgcc.a(_udivmoddi4.o)
                0x080002a8                __udivmoddi4
 .text          0x080005a0        0x4 /opt/st/stm32cubeide_2.1.0/plugins/com.st.stm32cube.ide.mcu.externaltools.gnu-tools-for-stm32.14.3.rel1.linux64_1.0.100.202602081740/tools/bin/../lib/gcc/arm-none-eabi/14.3.1/thumb/v7e-m+fp/hard/libgcc.a(_dvmd_tls.o)
                0x080005a0                __aeabi_ldiv0
                0x080005a0                __aeabi_idiv0
 *(.text*)
 .text.main     0x080005a4       0xac ./Core/Src/main.o
                0x080005a4                main
 .text.SystemClock_Config
                0x08000650       0xbc ./Core/Src/main.o
                0x08000650                SystemClock_Config
 .text.MX_I2C1_Init
                0x0800070c       0x5c ./Core/Src/main.o
 .text.MX_SPI1_Init
                0x08000768       0x6c ./Core/Src/main.o
 .text.MX_GPIO_Init
                0x080007d4      0x108 ./Core/Src/main.o
 .text.HAL_GPIO_EXTI_Callback
                0x080008dc       0x28 ./Core/Src/main.o
                0x080008dc                HAL_GPIO_EXTI_Callback
 .text.Error_Handler
                0x08000904        0xc ./Core/Src/main.o
                0x08000904                Error_Handler
 .text.event_handler
                0x08000910       0x74 ./Core/Src/sensors.o
 .text.compensate_T
                0x08000984       0x84 ./Core/Src/sensors.o
 .text.compensate_P
                0x08000a08      0x57c ./Core/Src/sensors.o
 .text.sensors_init
                0x08000f84      0x1d8 ./Core/Src/sensors.o
                0x08000f84                sensors_init
 .text.sensors_service
                0x0800115c      0x170 ./Core/Src/sensors.o
                0x0800115c                sensors_service
 .text.read_sensors
                0x080012cc       0xac ./Core/Src/sensors.o
                0x080012cc                read_sensors
 .text.opStart  0x08001378       0x4a ./Core/Src/sh2.o
 .text.opRx     0x080013c2       0x36 ./Core/Src/sh2.o
 .text.opCompleted
                0x080013f8       0x24 ./Core/Src/sh2.o
 .text.opOnReset
                0x0800141c       0x38 ./Core/Src/sh2.o
 .text.getReportLen
                0x08001454       0x48 ./Core/Src/sh2.o
 .text.sensorhubControlHdlr
                0x0800149c      0x15c ./Core/Src/sh2.o
 .text.opProcess
                0x080015f8       0xa8 ./Core/Src/sh2.o
 .text.touSTimestamp
                0x080016a0       0x88 ./Core/Src/sh2.o
 .text.sensorhubInputHdlr
                0x08001728      0x160 ./Core/Src/sh2.o
 .text.sensorhubInputNormalHdlr
                0x08001888       0x28 ./Core/Src/sh2.o
 .text.sensorhubInputWakeHdlr
                0x080018b0       0x28 ./Core/Src/sh2.o
 .text.sensorhubInputGyroRvHdlr
                0x080018d8       0xa2 ./Core/Src/sh2.o
 *fill*         0x0800197a        0x2 
 .text.executableDeviceHdlr
                0x0800197c       0x78 ./Core/Src/sh2.o
 .text.sendCtrl
                0x080019f4       0x26 ./Core/Src/sh2.o
 .text.setSensorConfigStart
                0x08001a1a       0xda ./Core/Src/sh2.o
 .text.shtpEventCallback
                0x08001af4       0x44 ./Core/Src/sh2.o
 .text.sh2_open
                0x08001b38      0x134 ./Core/Src/sh2.o
                0x08001b38                sh2_open
 .text.sh2_service
                0x08001c6c       0x28 ./Core/Src/sh2.o
                0x08001c6c                sh2_service
 .text.sh2_setSensorConfig
                0x08001c94       0x54 ./Core/Src/sh2.o
                0x08001c94                sh2_setSensorConfig
 .text.sh2_decodeSensorEvent
                0x08001ce8      0x318 ./Core/Src/sh2_SensorValue.o
                0x08001ce8                sh2_decodeSensorEvent
 .text.decodeRawAccelerometer
                0x08002000       0x5c ./Core/Src/sh2_SensorValue.o
 .text.decodeAccelerometer
                0x0800205c       0x80 ./Core/Src/sh2_SensorValue.o
 .text.decodeLinearAcceleration
                0x080020dc       0x80 ./Core/Src/sh2_SensorValue.o
 .text.decodeGravity
                0x0800215c       0x80 ./Core/Src/sh2_SensorValue.o
 .text.decodeRawGyroscope
                0x080021dc       0x6e ./Core/Src/sh2_SensorValue.o
 *fill*         0x0800224a        0x2 
 .text.decodeGyroscopeCalibrated
                0x0800224c       0x80 ./Core/Src/sh2_SensorValue.o
 .text.decodeGyroscopeUncal
                0x080022cc       0xe4 ./Core/Src/sh2_SensorValue.o
 .text.decodeRawMagnetometer
                0x080023b0       0x5c ./Core/Src/sh2_SensorValue.o
 .text.decodeMagneticFieldCalibrated
                0x0800240c       0x80 ./Core/Src/sh2_SensorValue.o
 .text.decodeMagneticFieldUncal
                0x0800248c       0xe4 ./Core/Src/sh2_SensorValue.o
 .text.decodeRotationVector
                0x08002570       0xc8 ./Core/Src/sh2_SensorValue.o
 .text.decodeGameRotationVector
                0x08002638       0xa0 ./Core/Src/sh2_SensorValue.o
 .text.decodeGeomagneticRotationVector
                0x080026d8       0xc8 ./Core/Src/sh2_SensorValue.o
 .text.decodePressure
                0x080027a0       0x38 ./Core/Src/sh2_SensorValue.o
 .text.decodeAmbientLight
                0x080027d8       0x38 ./Core/Src/sh2_SensorValue.o
 .text.decodeHumidity
                0x08002810       0x3c ./Core/Src/sh2_SensorValue.o
 .text.decodeProximity
                0x0800284c       0x3c ./Core/Src/sh2_SensorValue.o
 .text.decodeTemperature
                0x08002888       0x3c ./Core/Src/sh2_SensorValue.o
 .text.decodeReserved
                0x080028c4       0x3c ./Core/Src/sh2_SensorValue.o
 .text.decodeTapDetector
                0x08002900       0x20 ./Core/Src/sh2_SensorValue.o
 .text.decodeStepDetector
                0x08002920       0x24 ./Core/Src/sh2_SensorValue.o
 .text.decodeStepCounter
                0x08002944       0x36 ./Core/Src/sh2_SensorValue.o
 .text.decodeSignificantMotion
                0x0800297a       0x26 ./Core/Src/sh2_SensorValue.o
 .text.decodeStabilityClassifier
                0x080029a0       0x20 ./Core/Src/sh2_SensorValue.o
 .text.decodeShakeDetector
                0x080029c0       0x26 ./Core/Src/sh2_SensorValue.o
 .text.decodeFlipDetector
                0x080029e6       0x26 ./Core/Src/sh2_SensorValue.o
 .text.decodePickupDetector
                0x08002a0c       0x26 ./Core/Src/sh2_SensorValue.o
 .text.decodeStabilityDetector
                0x08002a32       0x26 ./Core/Src/sh2_SensorValue.o
 .text.decodePersonalActivityClassifier
                0x08002a58       0x66 ./Core/Src/sh2_SensorValue.o
 .text.decodeSleepDetector
                0x08002abe       0x20 ./Core/Src/sh2_SensorValue.o
 .text.decodeTiltDetector
                0x08002ade       0x26 ./Core/Src/sh2_SensorValue.o
 .text.decodePocketDetector
                0x08002b04       0x26 ./Core/Src/sh2_SensorValue.o
 .text.decodeCircleDetector
                0x08002b2a       0x26 ./Core/Src/sh2_SensorValue.o
 .text.decodeHeartRateMonitor
                0x08002b50       0x26 ./Core/Src/sh2_SensorValue.o
 *fill*         0x08002b76        0x2 
 .text.decodeArvrStabilizedRV
                0x08002b78       0xc8 ./Core/Src/sh2_SensorValue.o
 .text.decodeArvrStabilizedGRV
                0x08002c40       0xa0 ./Core/Src/sh2_SensorValue.o
 .text.decodeGyroIntegratedRV
                0x08002ce0      0x10c ./Core/Src/sh2_SensorValue.o
 .text.decodeIZroRequest
                0x08002dec       0x28 ./Core/Src/sh2_SensorValue.o
 .text.decodeRawOptFlow
                0x08002e14       0xfa ./Core/Src/sh2_SensorValue.o
 *fill*         0x08002f0e        0x2 
 .text.decodeDeadReckoningPose
                0x08002f10      0x1d4 ./Core/Src/sh2_SensorValue.o
 .text.decodeWheelEncoder
                0x080030e4       0x5c ./Core/Src/sh2_SensorValue.o
 .text.readu16  0x08003140       0x2e ./Core/Src/sh2_util.o
                0x08003140                readu16
 .text.readu32  0x0800316e       0x3c ./Core/Src/sh2_util.o
                0x0800316e                readu32
 .text.read8    0x080031aa       0x1e ./Core/Src/sh2_util.o
                0x080031aa                read8
 .text.read16   0x080031c8       0x2e ./Core/Src/sh2_util.o
                0x080031c8                read16
 .text.read32   0x080031f6       0x3c ./Core/Src/sh2_util.o
                0x080031f6                read32
 *fill*         0x08003232        0x2 
 .text.shtp_init
                0x08003234       0x44 ./Core/Src/shtp.o
 .text.getInstance
                0x08003278       0x50 ./Core/Src/shtp.o
 .text.min_u16  0x080032c8       0x2a ./Core/Src/shtp.o
 .text.txProcess
                0x080032f2      0x12a ./Core/Src/shtp.o
 .text.rxAssemble
                0x0800341c      0x2bc ./Core/Src/shtp.o
 .text.shtp_open
                0x080036d8       0x68 ./Core/Src/shtp.o
                0x080036d8                shtp_open
 .text.shtp_setEventCallback
                0x08003740       0x28 ./Core/Src/shtp.o
                0x08003740                shtp_setEventCallback
 .text.shtp_listenChan
                0x08003768       0x60 ./Core/Src/shtp.o
                0x08003768                shtp_listenChan
 .text.shtp_send
                0x080037c8       0x62 ./Core/Src/shtp.o
                0x080037c8                shtp_send
 .text.shtp_service
                0x0800382a       0x4c ./Core/Src/shtp.o
                0x0800382a                shtp_service
 *fill*         0x08003876        0x2 
 .text.HAL_MspInit
                0x08003878       0x50 ./Core/Src/stm32f4xx_hal_msp.o
                0x08003878                HAL_MspInit
 .text.HAL_I2C_MspInit
                0x080038c8       0xb0 ./Core/Src/stm32f4xx_hal_msp.o
                0x080038c8                HAL_I2C_MspInit
 .text.HAL_SPI_MspInit
                0x08003978       0xa0 ./Core/Src/stm32f4xx_hal_msp.o
                0x08003978                HAL_SPI_MspInit
 .text.NMI_Handler
                0x08003a18        0x8 ./Core/Src/stm32f4xx_it.o
                0x08003a18                NMI_Handler
 .text.HardFault_Handler
                0x08003a20        0x8 ./Core/Src/stm32f4xx_it.o
                0x08003a20                HardFault_Handler
 .text.MemManage_Handler
                0x08003a28        0x8 ./Core/Src/stm32f4xx_it.o
                0x08003a28                MemManage_Handler
 .text.BusFault_Handler
                0x08003a30        0x8 ./Core/Src/stm32f4xx_it.o
                0x08003a30                BusFault_Handler
 .text.UsageFault_Handler
                0x08003a38        0x8 ./Core/Src/stm32f4xx_it.o
                0x08003a38                UsageFault_Handler
 .text.SVC_Handler
                0x08003a40        0xe ./Core/Src/stm32f4xx_it.o
                0x08003a40                SVC_Handler
 .text.DebugMon_Handler
                0x08003a4e        0xe ./Core/Src/stm32f4xx_it.o
                0x08003a4e                DebugMon_Handler
 .text.PendSV_Handler
                0x08003a5c        0xe ./Core/Src/stm32f4xx_it.o
                0x08003a5c                PendSV_Handler
 .text.SysTick_Handler
                0x08003a6a        0xc ./Core/Src/stm32f4xx_it.o
                0x08003a6a                SysTick_Handler
 .text.EXTI1_IRQHandler
                0x08003a76        0xe ./Core/Src/stm32f4xx_it.o
                0x08003a76                EXTI1_IRQHandler
 .text.EXTI9_5_IRQHandler
                0x08003a84       0x10 ./Core/Src/stm32f4xx_it.o
                0x08003a84                EXTI9_5_IRQHandler
 .text.I2C1_EV_IRQHandler
                0x08003a94       0x14 ./Core/Src/stm32f4xx_it.o
                0x08003a94                I2C1_EV_IRQHandler
 .text.I2C1_ER_IRQHandler
                0x08003aa8       0x14 ./Core/Src/stm32f4xx_it.o
                0x08003aa8                I2C1_ER_IRQHandler
 .text.SPI1_IRQHandler
                0x08003abc       0x14 ./Core/Src/stm32f4xx_it.o
                0x08003abc                SPI1_IRQHandler
 .text.sx1278_write
                0x08003ad0       0x54 ./Core/Src/sx1278.o
 .text.sx1278_init
                0x08003b24       0x7c ./Core/Src/sx1278.o
                0x08003b24                sx1278_init
 .text.sx1278_transmit_it
                0x08003ba0       0x58 ./Core/Src/sx1278.o
                0x08003ba0                sx1278_transmit_it
 .text.sx1278_clear_irq
                0x08003bf8       0x10 ./Core/Src/sx1278.o
                0x08003bf8                sx1278_clear_irq
 .text.sx1278_read_reg
                0x08003c08       0x60 ./Core/Src/sx1278.o
                0x08003c08                sx1278_read_reg
 .text.SystemInit
                0x08003c68       0x24 ./Core/Src/system_stm32f4xx.o
                0x08003c68                SystemInit
 .text.calculate_checksum
                0x08003c8c       0x40 ./Core/Src/telemetry.o
 .text.telemetry_build
                0x08003ccc       0x48 ./Core/Src/telemetry.o
                0x08003ccc                telemetry_build
 .text.telemetry_update_imu
                0x08003d14       0xd8 ./Core/Src/telemetry.o
                0x08003d14                telemetry_update_imu
 .text.Reset_Handler
                0x08003dec       0x50 ./Core/Startup/startup_stm32f411ceux.o
                0x08003dec                Reset_Handler
 .text.Default_Handler
                0x08003e3c        0x2 ./Core/Startup/startup_stm32f411ceux.o
                0x08003e3c                RTC_Alarm_IRQHandler
                0x08003e3c                EXTI2_IRQHandler
                0x08003e3c                SPI4_IRQHandler
                0x08003e3c                TIM1_CC_IRQHandler
                0x08003e3c                DMA2_Stream5_IRQHandler
                0x08003e3c                DMA1_Stream5_IRQHandler
                0x08003e3c                PVD_IRQHandler
                0x08003e3c                SDIO_IRQHandler
                0x08003e3c                TAMP_STAMP_IRQHandler
                0x08003e3c                EXTI3_IRQHandler
                0x08003e3c                TIM1_UP_TIM10_IRQHandler
                0x08003e3c                I2C3_ER_IRQHandler
                0x08003e3c                EXTI0_IRQHandler
                0x08003e3c                I2C2_EV_IRQHandler
                0x08003e3c                DMA1_Stream2_IRQHandler
                0x08003e3c                FPU_IRQHandler
                0x08003e3c                DMA2_Stream2_IRQHandler
                0x08003e3c                TIM1_BRK_TIM9_IRQHandler
                0x08003e3c                DMA2_Stream3_IRQHandler
                0x08003e3c                USART6_IRQHandler
                0x08003e3c                DMA2_Stream0_IRQHandler
                0x08003e3c                TIM4_IRQHandler
                0x08003e3c                DMA1_Stream6_IRQHandler
                0x08003e3c                DMA1_Stream1_IRQHandler
                0x08003e3c                TIM3_IRQHandler
                0x08003e3c                RCC_IRQHandler
                0x08003e3c                Default_Handler
                0x08003e3c                EXTI15_10_IRQHandler
                0x08003e3c                ADC_IRQHandler
                0x08003e3c                DMA1_Stream7_IRQHandler
                0x08003e3c                SPI5_IRQHandler
                0x08003e3c                TIM5_IRQHandler
                0x08003e3c                DMA2_Stream7_IRQHandler
                0x08003e3c                I2C3_EV_IRQHandler
                0x08003e3c                RTC_WKUP_IRQHandler
                0x08003e3c                SPI2_IRQHandler
                0x08003e3c                DMA1_Stream0_IRQHandler
                0x08003e3c                EXTI4_IRQHandler
                0x08003e3c                WWDG_IRQHandler
                0x08003e3c                TIM2_IRQHandler
                0x08003e3c                OTG_FS_WKUP_IRQHandler
                0x08003e3c                TIM1_TRG_COM_TIM11_IRQHandler
                0x08003e3c                USART2_IRQHandler
                0x08003e3c                I2C2_ER_IRQHandler
                0x08003e3c                DMA2_Stream1_IRQHandler
                0x08003e3c                FLASH_IRQHandler
                0x08003e3c                DMA2_Stream4_IRQHandler
                0x08003e3c                USART1_IRQHandler
                0x08003e3c                OTG_FS_IRQHandler
                0x08003e3c                SPI3_IRQHandler
                0x08003e3c                DMA1_Stream4_IRQHandler
                0x08003e3c                DMA2_Stream6_IRQHandler
                0x08003e3c                DMA1_Stream3_IRQHandler
 *fill*         0x08003e3e        0x2 
 .text.HAL_Init
                0x08003e40       0x44 ./Drivers/STM32F4xx_HAL_Driver/Src/stm32f4xx_hal.o
                0x08003e40                HAL_Init
 .text.HAL_InitTick
                0x08003e84       0x60 ./Drivers/STM32F4xx_HAL_Driver/Src/stm32f4xx_hal.o
                0x08003e84                HAL_InitTick
 .text.HAL_IncTick
                0x08003ee4       0x28 ./Drivers/STM32F4xx_HAL_Driver/Src/stm32f4xx_hal.o
                0x08003ee4                HAL_IncTick
 .text.HAL_GetTick
                0x08003f0c       0x18 ./Drivers/STM32F4xx_HAL_Driver/Src/stm32f4xx_hal.o
                0x08003f0c                HAL_GetTick
 .text.HAL_Delay
                0x08003f24       0x48 ./Drivers/STM32F4xx_HAL_Driver/Src/stm32f4xx_hal.o
                0x08003f24                HAL_Delay
 .text.__NVIC_SetPriorityGrouping
                0x08003f6c       0x48 ./Drivers/STM32F4xx_HAL_Driver/Src/stm32f4xx_hal_cortex.o
 .text.__NVIC_GetPriorityGrouping
                0x08003fb4       0x1c ./Drivers/STM32F4xx_HAL_Driver/Src/stm32f4xx_hal_cortex.o
 .text.__NVIC_EnableIRQ
                0x08003fd0       0x3c ./Drivers/STM32F4xx_HAL_Driver/Src/stm32f4xx_hal_cortex.o
 .text.__NVIC_SetPriority
                0x0800400c       0x54 ./Drivers/STM32F4xx_HAL_Driver/Src/stm32f4xx_hal_cortex.o
 .text.NVIC_EncodePriority
                0x08004060       0x66 ./Drivers/STM32F4xx_HAL_Driver/Src/stm32f4xx_hal_cortex.o
 *fill*         0x080040c6        0x2 
 .text.SysTick_Config
                0x080040c8       0x44 ./Drivers/STM32F4xx_HAL_Driver/Src/stm32f4xx_hal_cortex.o
 .text.HAL_NVIC_SetPriorityGrouping
                0x0800410c       0x16 ./Drivers/STM32F4xx_HAL_Driver/Src/stm32f4xx_hal_cortex.o
                0x0800410c                HAL_NVIC_SetPriorityGrouping
 .text.HAL_NVIC_SetPriority
                0x08004122       0x38 ./Drivers/STM32F4xx_HAL_Driver/Src/stm32f4xx_hal_cortex.o
                0x08004122                HAL_NVIC_SetPriority
 .text.HAL_NVIC_EnableIRQ
                0x0800415a       0x1c ./Drivers/STM32F4xx_HAL_Driver/Src/stm32f4xx_hal_cortex.o
                0x0800415a                HAL_NVIC_EnableIRQ
 .text.HAL_SYSTICK_Config
                0x08004176       0x18 ./Drivers/STM32F4xx_HAL_Driver/Src/stm32f4xx_hal_cortex.o
                0x08004176                HAL_SYSTICK_Config
 .text.HAL_DMA_Abort_IT
                0x0800418e       0x44 ./Drivers/STM32F4xx_HAL_Driver/Src/stm32f4xx_hal_dma.o
                0x0800418e                HAL_DMA_Abort_IT
 .text.HAL_DMA_GetState
                0x080041d2       0x1c ./Drivers/STM32F4xx_HAL_Driver/Src/stm32f4xx_hal_dma.o
                0x080041d2                HAL_DMA_GetState
 *fill*         0x080041ee        0x2 
 .text.HAL_GPIO_Init
                0x080041f0      0x308 ./Drivers/STM32F4xx_HAL_Driver/Src/stm32f4xx_hal_gpio.o
                0x080041f0                HAL_GPIO_Init
 .text.HAL_GPIO_WritePin
                0x080044f8       0x32 ./Drivers/STM32F4xx_HAL_Driver/Src/stm32f4xx_hal_gpio.o
                0x080044f8                HAL_GPIO_WritePin
 *fill*         0x0800452a        0x2 
 .text.HAL_GPIO_EXTI_IRQHandler
                0x0800452c       0x30 ./Drivers/STM32F4xx_HAL_Driver/Src/stm32f4xx_hal_gpio.o
                0x0800452c                HAL_GPIO_EXTI_IRQHandler
 .text.HAL_I2C_Init
                0x0800455c      0x288 ./Drivers/STM32F4xx_HAL_Driver/Src/stm32f4xx_hal_i2c.o
                0x0800455c                HAL_I2C_Init
 .text.I2C_Flush_DR
                0x080047e4       0x2a ./Drivers/STM32F4xx_HAL_Driver/Src/stm32f4xx_hal_i2c.o
 *fill*         0x0800480e        0x2 
 .text.HAL_I2C_Mem_Write
                0x08004810      0x1f4 ./Drivers/STM32F4xx_HAL_Driver/Src/stm32f4xx_hal_i2c.o
                0x08004810                HAL_I2C_Mem_Write
 .text.HAL_I2C_Mem_Read
                0x08004a04      0x464 ./Drivers/STM32F4xx_HAL_Driver/Src/stm32f4xx_hal_i2c.o
                0x08004a04                HAL_I2C_Mem_Read
 .text.HAL_I2C_EV_IRQHandler
                0x08004e68      0x2e2 ./Drivers/STM32F4xx_HAL_Driver/Src/stm32f4xx_hal_i2c.o
                0x08004e68                HAL_I2C_EV_IRQHandler
 .text.HAL_I2C_ER_IRQHandler
                0x0800514a      0x14e ./Drivers/STM32F4xx_HAL_Driver/Src/stm32f4xx_hal_i2c.o
                0x0800514a                HAL_I2C_ER_IRQHandler
 .text.HAL_I2C_MasterTxCpltCallback
                0x08005298       0x14 ./Drivers/STM32F4xx_HAL_Driver/Src/stm32f4xx_hal_i2c.o
                0x08005298                HAL_I2C_MasterTxCpltCallback
 .text.HAL_I2C_MasterRxCpltCallback
                0x080052ac       0x14 ./Drivers/STM32F4xx_HAL_Driver/Src/stm32f4xx_hal_i2c.o
                0x080052ac                HAL_I2C_MasterRxCpltCallback
 .text.HAL_I2C_SlaveTxCpltCallback
                0x080052c0       0x14 ./Drivers/STM32F4xx_HAL_Driver/Src/stm32f4xx_hal_i2c.o
                0x080052c0                HAL_I2C_SlaveTxCpltCallback
 .text.HAL_I2C_SlaveRxCpltCallback
                0x080052d4       0x14 ./Drivers/STM32F4xx_HAL_Driver/Src/stm32f4xx_hal_i2c.o
                0x080052d4                HAL_I2C_SlaveRxCpltCallback
 .text.HAL_I2C_AddrCallback
                0x080052e8       0x1c ./Drivers/STM32F4xx_HAL_Driver/Src/stm32f4xx_hal_i2c.o
                0x080052e8                HAL_I2C_AddrCallback
 .text.HAL_I2C_ListenCpltCallback
                0x08005304       0x14 ./Drivers/STM32F4xx_HAL_Driver/Src/stm32f4xx_hal_i2c.o
                0x08005304                HAL_I2C_ListenCpltCallback
 .text.HAL_I2C_MemTxCpltCallback
                0x08005318       0x14 ./Drivers/STM32F4xx_HAL_Driver/Src/stm32f4xx_hal_i2c.o
                0x08005318                HAL_I2C_MemTxCpltCallback
 .text.HAL_I2C_MemRxCpltCallback
                0x0800532c       0x14 ./Drivers/STM32F4xx_HAL_Driver/Src/stm32f4xx_hal_i2c.o
                0x0800532c                HAL_I2C_MemRxCpltCallback
 .text.HAL_I2C_ErrorCallback
                0x08005340       0x14 ./Drivers/STM32F4xx_HAL_Driver/Src/stm32f4xx_hal_i2c.o
                0x08005340                HAL_I2C_ErrorCallback
 .text.HAL_I2C_AbortCpltCallback
                0x08005354       0x14 ./Drivers/STM32F4xx_HAL_Driver/Src/stm32f4xx_hal_i2c.o
                0x08005354                HAL_I2C_AbortCpltCallback
 .text.I2C_MasterTransmit_TXE
                0x08005368      0x138 ./Drivers/STM32F4xx_HAL_Driver/Src/stm32f4xx_hal_i2c.o
 .text.I2C_MasterTransmit_BTF
                0x080054a0       0xec ./Drivers/STM32F4xx_HAL_Driver/Src/stm32f4xx_hal_i2c.o
 .text.I2C_MemoryTransmit_TXE_BTF
                0x0800558c      0x130 ./Drivers/STM32F4xx_HAL_Driver/Src/stm32f4xx_hal_i2c.o
 .text.I2C_MasterReceive_RXNE
                0x080056bc      0x190 ./Drivers/STM32F4xx_HAL_Driver/Src/stm32f4xx_hal_i2c.o
 .text.I2C_MasterReceive_BTF
                0x0800584c      0x1e2 ./Drivers/STM32F4xx_HAL_Driver/Src/stm32f4xx_hal_i2c.o
 .text.I2C_Master_SB
                0x08005a2e      0x10c ./Drivers/STM32F4xx_HAL_Driver/Src/stm32f4xx_hal_i2c.o
 .text.I2C_Master_ADD10
                0x08005b3a       0x54 ./Drivers/STM32F4xx_HAL_Driver/Src/stm32f4xx_hal_i2c.o
 .text.I2C_Master_ADDR
                0x08005b8e      0x322 ./Drivers/STM32F4xx_HAL_Driver/Src/stm32f4xx_hal_i2c.o
 .text.I2C_SlaveTransmit_TXE
                0x08005eb0       0x7a ./Drivers/STM32F4xx_HAL_Driver/Src/stm32f4xx_hal_i2c.o
 .text.I2C_SlaveTransmit_BTF
                0x08005f2a       0x42 ./Drivers/STM32F4xx_HAL_Driver/Src/stm32f4xx_hal_i2c.o
 .text.I2C_SlaveReceive_RXNE
                0x08005f6c       0x7c ./Drivers/STM32F4xx_HAL_Driver/Src/stm32f4xx_hal_i2c.o
 .text.I2C_SlaveReceive_BTF
                0x08005fe8       0x44 ./Drivers/STM32F4xx_HAL_Driver/Src/stm32f4xx_hal_i2c.o
 .text.I2C_Slave_ADDR
                0x0800602c       0x94 ./Drivers/STM32F4xx_HAL_Driver/Src/stm32f4xx_hal_i2c.o
 .text.I2C_Slave_STOPF
                0x080060c0      0x260 ./Drivers/STM32F4xx_HAL_Driver/Src/stm32f4xx_hal_i2c.o
 .text.I2C_Slave_AF
                0x08006320       0xe8 ./Drivers/STM32F4xx_HAL_Driver/Src/stm32f4xx_hal_i2c.o
 .text.I2C_ITError
                0x08006408      0x264 ./Drivers/STM32F4xx_HAL_Driver/Src/stm32f4xx_hal_i2c.o
 .text.I2C_RequestMemoryWrite
                0x0800666c      0x12c ./Drivers/STM32F4xx_HAL_Driver/Src/stm32f4xx_hal_i2c.o
 .text.I2C_RequestMemoryRead
                0x08006798      0x1d0 ./Drivers/STM32F4xx_HAL_Driver/Src/stm32f4xx_hal_i2c.o
 .text.I2C_DMAAbort
                0x08006968      0x150 ./Drivers/STM32F4xx_HAL_Driver/Src/stm32f4xx_hal_i2c.o
 .text.I2C_WaitOnFlagUntilTimeout
                0x08006ab8       0xf4 ./Drivers/STM32F4xx_HAL_Driver/Src/stm32f4xx_hal_i2c.o
 .text.I2C_WaitOnMasterAddressFlagUntilTimeout
                0x08006bac      0x140 ./Drivers/STM32F4xx_HAL_Driver/Src/stm32f4xx_hal_i2c.o
 .text.I2C_WaitOnTXEFlagUntilTimeout
                0x08006cec       0x90 ./Drivers/STM32F4xx_HAL_Driver/Src/stm32f4xx_hal_i2c.o
 .text.I2C_WaitOnBTFFlagUntilTimeout
                0x08006d7c       0x90 ./Drivers/STM32F4xx_HAL_Driver/Src/stm32f4xx_hal_i2c.o
 .text.I2C_WaitOnSTOPRequestThroughIT
                0x08006e0c       0x64 ./Drivers/STM32F4xx_HAL_Driver/Src/stm32f4xx_hal_i2c.o
 .text.I2C_WaitOnRXNEFlagUntilTimeout
                0x08006e70       0xba ./Drivers/STM32F4xx_HAL_Driver/Src/stm32f4xx_hal_i2c.o
 .text.I2C_IsAcknowledgeFailed
                0x08006f2a       0x5e ./Drivers/STM32F4xx_HAL_Driver/Src/stm32f4xx_hal_i2c.o
 .text.I2C_ConvertOtherXferOptions
                0x08006f88       0x36 ./Drivers/STM32F4xx_HAL_Driver/Src/stm32f4xx_hal_i2c.o
 *fill*         0x08006fbe        0x2 
 .text.HAL_RCC_OscConfig
                0x08006fc0      0x4f0 ./Drivers/STM32F4xx_HAL_Driver/Src/stm32f4xx_hal_rcc.o
                0x08006fc0                HAL_RCC_OscConfig
 .text.HAL_RCC_ClockConfig
                0x080074b0      0x1cc ./Drivers/STM32F4xx_HAL_Driver/Src/stm32f4xx_hal_rcc.o
                0x080074b0                HAL_RCC_ClockConfig
 .text.HAL_RCC_GetSysClockFreq
                0x0800767c      0x188 ./Drivers/STM32F4xx_HAL_Driver/Src/stm32f4xx_hal_rcc.o
                0x0800767c                HAL_RCC_GetSysClockFreq
 .text.HAL_RCC_GetHCLKFreq
                0x08007804       0x18 ./Drivers/STM32F4xx_HAL_Driver/Src/stm32f4xx_hal_rcc.o
                0x08007804                HAL_RCC_GetHCLKFreq
 .text.HAL_RCC_GetPCLK1Freq
                0x0800781c       0x28 ./Drivers/STM32F4xx_HAL_Driver/Src/stm32f4xx_hal_rcc.o
                0x0800781c                HAL_RCC_GetPCLK1Freq
 .text.HAL_SPI_Init
                0x08007844      0x112 ./Drivers/STM32F4xx_HAL_Driver/Src/stm32f4xx_hal_spi.o
                0x08007844                HAL_SPI_Init
 .text.HAL_SPI_Transmit
                0x08007956      0x288 ./Drivers/STM32F4xx_HAL_Driver/Src/stm32f4xx_hal_spi.o
                0x08007956                HAL_SPI_Transmit
 .text.HAL_SPI_Receive
                0x08007bde      0x232 ./Drivers/STM32F4xx_HAL_Driver/Src/stm32f4xx_hal_spi.o
                0x08007bde                HAL_SPI_Receive
 .text.HAL_SPI_TransmitReceive
                0x08007e10      0x352 ./Drivers/STM32F4xx_HAL_Driver/Src/stm32f4xx_hal_spi.o
                0x08007e10                HAL_SPI_TransmitReceive
 *fill*         0x08008162        0x2 
 .text.HAL_SPI_IRQHandler
                0x08008164      0x200 ./Drivers/STM32F4xx_HAL_Driver/Src/stm32f4xx_hal_spi.o
                0x08008164                HAL_SPI_IRQHandler
 .text.HAL_SPI_ErrorCallback
                0x08008364       0x14 ./Drivers/STM32F4xx_HAL_Driver/Src/stm32f4xx_hal_spi.o
                0x08008364                HAL_SPI_ErrorCallback
 .text.SPI_DMAAbortOnError
                0x08008378       0x28 ./Drivers/STM32F4xx_HAL_Driver/Src/stm32f4xx_hal_spi.o
 .text.SPI_WaitFlagStateUntilTimeout
                0x080083a0      0x110 ./Drivers/STM32F4xx_HAL_Driver/Src/stm32f4xx_hal_spi.o
 .text.SPI_EndRxTransaction
                0x080084b0       0xca ./Drivers/STM32F4xx_HAL_Driver/Src/stm32f4xx_hal_spi.o
 *fill*         0x0800857a        0x2 
 .text.SPI_EndRxTxTransaction
                0x0800857c       0xa8 ./Drivers/STM32F4xx_HAL_Driver/Src/stm32f4xx_hal_spi.o
 .text.memset   0x08008624       0x10 /opt/st/stm32cubeide_2.1.0/plugins/com.st.stm32cube.ide.mcu.externaltools.gnu-tools-for-stm32.14.3.rel1.linux64_1.0.100.202602081740/tools/bin/../lib/gcc/arm-none-eabi/14.3.1/../../../../arm-none-eabi/lib/thumb/v7e-m+fp/hard/libc_nano.a(libc_a-memset.o)
                0x08008624                memset
 .text.__errno  0x08008634        0xc /opt/st/stm32cubeide_2.1.0/plugins/com.st.stm32cube.ide.mcu.externaltools.gnu-tools-for-stm32.14.3.rel1.linux64_1.0.100.202602081740/tools/bin/../lib/gcc/arm-none-eabi/14.3.1/../../../../arm-none-eabi/lib/thumb/v7e-m+fp/hard/libc_nano.a(libc_a-errno.o)
                0x08008634                __errno
 .text.__libc_init_array
                0x08008640       0x48 /opt/st/stm32cubeide_2.1.0/plugins/com.st.stm32cube.ide.mcu.externaltools.gnu-tools-for-stm32.14.3.rel1.linux64_1.0.100.202602081740/tools/bin/../lib/gcc/arm-none-eabi/14.3.1/../../../../arm-none-eabi/lib/thumb/v7e-m+fp/hard/libc_nano.a(libc_a-init.o)
                0x08008640                __libc_init_array
 .text.memcpy   0x08008688       0x1c /opt/st/stm32cubeide_2.1.0/plugins/com.st.stm32cube.ide.mcu.externaltools.gnu-tools-for-stm32.14.3.rel1.linux64_1.0.100.202602081740/tools/bin/../lib/gcc/arm-none-eabi/14.3.1/../../../../arm-none-eabi/lib/thumb/v7e-m+fp/hard/libc_nano.a(libc_a-memcpy-stub.o)
                0x08008688                memcpy
 .text.powf     0x080086a4       0xbc /opt/st/stm32cubeide_2.1.0/plugins/com.st.stm32cube.ide.mcu.externaltools.gnu-tools-for-stm32.14.3.rel1.linux64_1.0.100.202602081740/tools/bin/../lib/gcc/arm-none-eabi/14.3.1/../../../../arm-none-eabi/lib/thumb/v7e-m+fp/hard/libm.a(libm_a-wf_pow.o)
                0x080086a4                powf
 .text.finitef  0x08008760       0x14 /opt/st/stm32cubeide_2.1.0/plugins/com.st.stm32cube.ide.mcu.externaltools.gnu-tools-for-stm32.14.3.rel1.linux64_1.0.100.202602081740/tools/bin/../lib/gcc/arm-none-eabi/14.3.1/../../../../arm-none-eabi/lib/thumb/v7e-m+fp/hard/libm.a(libm_a-sf_finite.o)
                0x08008760                finitef
 .text.__ieee754_powf
                0x08008774      0x6b8 /opt/st/stm32cubeide_2.1.0/plugins/com.st.stm32cube.ide.mcu.externaltools.gnu-tools-for-stm32.14.3.rel1.linux64_1.0.100.202602081740/tools/bin/../lib/gcc/arm-none-eabi/14.3.1/../../../../arm-none-eabi/lib/thumb/v7e-m+fp/hard/libm.a(libm_a-ef_pow.o)
                0x08008774                __ieee754_powf
 .text.fabsf    0x08008e2c       0x10 /opt/st/stm32cubeide_2.1.0/plugins/com.st.stm32cube.ide.mcu.externaltools.gnu-tools-for-stm32.14.3.rel1.linux64_1.0.100.202602081740/tools/bin/../lib/gcc/arm-none-eabi/14.3.1/../../../../arm-none-eabi/lib/thumb/v7e-m+fp/hard/libm.a(libm_a-sf_fabs.o)
                0x08008e2c                fabsf
 .text.scalbnf  0x08008e3c       0xdc /opt/st/stm32cubeide_2.1.0/plugins/com.st.stm32cube.ide.mcu.externaltools.gnu-tools-for-stm32.14.3.rel1.linux64_1.0.100.202602081740/tools/bin/../lib/gcc/arm-none-eabi/14.3.1/../../../../arm-none-eabi/lib/thumb/v7e-m+fp/hard/libm.a(libm_a-sf_scalbn.o)
                0x08008e3c                scalbnf
 .text.with_errnof
                0x08008f18       0x1c /opt/st/stm32cubeide_2.1.0/plugins/com.st.stm32cube.ide.mcu.externaltools.gnu-tools-for-stm32.14.3.rel1.linux64_1.0.100.202602081740/tools/bin/../lib/gcc/arm-none-eabi/14.3.1/../../../../arm-none-eabi/lib/thumb/v7e-m+fp/hard/libm.a(libm_a-math_errf.o)
 .text.xflowf   0x08008f34       0x20 /opt/st/stm32cubeide_2.1.0/plugins/com.st.stm32cube.ide.mcu.externaltools.gnu-tools-for-stm32.14.3.rel1.linux64_1.0.100.202602081740/tools/bin/../lib/gcc/arm-none-eabi/14.3.1/../../../../arm-none-eabi/lib/thumb/v7e-m+fp/hard/libm.a(libm_a-math_errf.o)
 .text.__math_uflowf
                0x08008f54        0xc /opt/st/stm32cubeide_2.1.0/plugins/com.st.stm32cube.ide.mcu.externaltools.gnu-tools-for-stm32.14.3.rel1.linux64_1.0.100.202602081740/tools/bin/../lib/gcc/arm-none-eabi/14.3.1/../../../../arm-none-eabi/lib/thumb/v7e-m+fp/hard/libm.a(libm_a-math_errf.o)
                0x08008f54                __math_uflowf
 .text.__math_oflowf
                0x08008f60        0xc /opt/st/stm32cubeide_2.1.0/plugins/com.st.stm32cube.ide.mcu.externaltools.gnu-tools-for-stm32.14.3.rel1.linux64_1.0.100.202602081740/tools/bin/../lib/gcc/arm-none-eabi/14.3.1/../../../../arm-none-eabi/lib/thumb/v7e-m+fp/hard/libm.a(libm_a-math_errf.o)
                0x08008f60                __math_oflowf
 .text.__ieee754_sqrtf
                0x08008f6c        0x8 /opt/st/stm32cubeide_2.1.0/plugins/com.st.stm32cube.ide.mcu.externaltools.gnu-tools-for-stm32.14.3.rel1.linux64_1.0.100.202602081740/tools/bin/../lib/gcc/arm-none-eabi/14.3.1/../../../../arm-none-eabi/lib/thumb/v7e-m+fp/hard/libm.a(libm_a-ef_sqrt.o)
                0x08008f6c                __ieee754_sqrtf
 *(.glue_7)
 .glue_7        0x08008f74        0x0 linker stubs
 *(.glue_7t)
 .glue_7t       0x08008f74        0x0 linker stubs
 *(.eh_frame)
 .eh_frame      0x08008f74        0x0 /opt/st/stm32cubeide_2.1.0/plugins/com.st.stm32cube.ide.mcu.externaltools.gnu-tools-for-stm32.14.3.rel1.linux64_1.0.100.202602081740/tools/bin/../lib/gcc/arm-none-eabi/14.3.1/thumb/v7e-m+fp/hard/crtbegin.o
 *(.init)
 .init          0x08008f74        0x4 /opt/st/stm32cubeide_2.1.0/plugins/com.st.stm32cube.ide.mcu.externaltools.gnu-tools-for-stm32.14.3.rel1.linux64_1.0.100.202602081740/tools/bin/../lib/gcc/arm-none-eabi/14.3.1/thumb/v7e-m+fp/hard/crti.o
                0x08008f74                _init
 .init          0x08008f78        0x8 /opt/st/stm32cubeide_2.1.0/plugins/com.st.stm32cube.ide.mcu.externaltools.gnu-tools-for-stm32.14.3.rel1.linux64_1.0.100.202602081740/tools/bin/../lib/gcc/arm-none-eabi/14.3.1/thumb/v7e-m+fp/hard/crtn.o
 *(.fini)
 .fini          0x08008f80        0x4 /opt/st/stm32cubeide_2.1.0/plugins/com.st.stm32cube.ide.mcu.externaltools.gnu-tools-for-stm32.14.3.rel1.linux64_1.0.100.202602081740/tools/bin/../lib/gcc/arm-none-eabi/14.3.1/thumb/v7e-m+fp/hard/crti.o
                0x08008f80                _fini
 .fini          0x08008f84        0x8 /opt/st/stm32cubeide_2.1.0/plugins/com.st.stm32cube.ide.mcu.externaltools.gnu-tools-for-stm32.14.3.rel1.linux64_1.0.100.202602081740/tools/bin/../lib/gcc/arm-none-eabi/14.3.1/thumb/v7e-m+fp/hard/crtn.o
                0x08008f8c                        . = ALIGN (0x4)
                0x08008f8c                        _etext = .

.vfp11_veneer   0x08008f8c        0x0
 .vfp11_veneer  0x08008f8c        0x0 linker stubs

.v4_bx          0x08008f8c        0x0
 .v4_bx         0x08008f8c        0x0 linker stubs

.iplt           0x08008f8c        0x0
 .iplt          0x08008f8c        0x0 /opt/st/stm32cubeide_2.1.0/plugins/com.st.stm32cube.ide.mcu.externaltools.gnu-tools-for-stm32.14.3.rel1.linux64_1.0.100.202602081740/tools/bin/../lib/gcc/arm-none-eabi/14.3.1/thumb/v7e-m+fp/hard/crtbegin.o

.rodata         0x08008f8c       0x88
                0x08008f8c                        . = ALIGN (0x4)
 *(.rodata)
 *(.rodata*)
 .rodata.sh2ReportLens
                0x08008f8c       0x60 ./Core/Src/sh2.o
 .rodata.setSensorConfigOp
                0x08008fec       0x10 ./Core/Src/sh2.o
                0x08008fec                setSensorConfigOp
 .rodata.AHBPrescTable
                0x08008ffc       0x10 ./Core/Src/system_stm32f4xx.o
                0x08008ffc                AHBPrescTable
 .rodata.APBPrescTable
                0x0800900c        0x8 ./Core/Src/system_stm32f4xx.o
                0x0800900c                APBPrescTable
                0x08009014                        . = ALIGN (0x4)

.ARM.extab      0x08009014        0x0
                0x08009014                        . = ALIGN (0x4)
 *(.ARM.extab* .gnu.linkonce.armextab.*)
                0x08009014                        . = ALIGN (0x4)

.ARM            0x08009014        0x8
                0x08009014                        . = ALIGN (0x4)
                0x08009014                        __exidx_start = .
 *(.ARM.exidx*)
 .ARM.exidx     0x08009014        0x8 /opt/st/stm32cubeide_2.1.0/plugins/com.st.stm32cube.ide.mcu.externaltools.gnu-tools-for-stm32.14.3.rel1.linux64_1.0.100.202602081740/tools/bin/../lib/gcc/arm-none-eabi/14.3.1/thumb/v7e-m+fp/hard/libgcc.a(_udivmoddi4.o)
                0x0800901c                        __exidx_end = .
                0x0800901c                        . = ALIGN (0x4)

.preinit_array  0x0800901c        0x0
                0x0800901c                        . = ALIGN (0x4)
                0x0800901c                        PROVIDE (__preinit_array_start = .)
 *(.preinit_array*)
                0x0800901c                        PROVIDE (__preinit_array_end = .)
                0x0800901c                        . = ALIGN (0x4)

.init_array     0x0800901c        0x4
                0x0800901c                        . = ALIGN (0x4)
                0x0800901c                        PROVIDE (__init_array_start = .)
 *(SORT_BY_NAME(.init_array.*))
 *(.init_array*)
 .init_array    0x0800901c        0x4 /opt/st/stm32cubeide_2.1.0/plugins/com.st.stm32cube.ide.mcu.externaltools.gnu-tools-for-stm32.14.3.rel1.linux64_1.0.100.202602081740/tools/bin/../lib/gcc/arm-none-eabi/14.3.1/thumb/v7e-m+fp/hard/crtbegin.o
                0x08009020                        PROVIDE (__init_array_end = .)
                0x08009020                        . = ALIGN (0x4)

.fini_array     0x08009020        0x4
                0x08009020                        . = ALIGN (0x4)
                [!provide]                        PROVIDE (__fini_array_start = .)
 *(SORT_BY_NAME(.fini_array.*))
 *(.fini_array*)
 .fini_array    0x08009020        0x4 /opt/st/stm32cubeide_2.1.0/plugins/com.st.stm32cube.ide.mcu.externaltools.gnu-tools-for-stm32.14.3.rel1.linux64_1.0.100.202602081740/tools/bin/../lib/gcc/arm-none-eabi/14.3.1/thumb/v7e-m+fp/hard/crtbegin.o
                [!provide]                        PROVIDE (__fini_array_end = .)
                0x08009024                        . = ALIGN (0x4)
                0x08009024                        _sidata = LOADADDR (.data)

.rel.dyn        0x08009024        0x0
 .rel.iplt      0x08009024        0x0 /opt/st/stm32cubeide_2.1.0/plugins/com.st.stm32cube.ide.mcu.externaltools.gnu-tools-for-stm32.14.3.rel1.linux64_1.0.100.202602081740/tools/bin/../lib/gcc/arm-none-eabi/14.3.1/thumb/v7e-m+fp/hard/crtbegin.o

.data           0x20000000       0x68 load address 0x08009024
                0x20000000                        . = ALIGN (0x4)
                0x20000000                        _sdata = .
 *(.data)
 *(.data*)
 .data.tx_ready
                0x20000000        0x1 ./Core/Src/main.o
                0x20000000                tx_ready
 *fill*         0x20000001        0x3 
 .data.g_sh2_open_rc
                0x20000004        0x4 ./Core/Src/main.o
                0x20000004                g_sh2_open_rc
 .data.alpha    0x20000008        0x4 ./Core/Src/sensors.o
                0x20000008                alpha
 .data.SystemCoreClock
                0x2000000c        0x4 ./Core/Src/system_stm32f4xx.o
                0x2000000c                SystemCoreClock
 .data.uwTickPrio
                0x20000010        0x4 ./Drivers/STM32F4xx_HAL_Driver/Src/stm32f4xx_hal.o
                0x20000010                uwTickPrio
 .data.uwTickFreq
                0x20000014        0x1 ./Drivers/STM32F4xx_HAL_Driver/Src/stm32f4xx_hal.o
                0x20000014                uwTickFreq
 *fill*         0x20000015        0x3 
 .data._impure_ptr
                0x20000018        0x4 /opt/st/stm32cubeide_2.1.0/plugins/com.st.stm32cube.ide.mcu.externaltools.gnu-tools-for-stm32.14.3.rel1.linux64_1.0.100.202602081740/tools/bin/../lib/gcc/arm-none-eabi/14.3.1/../../../../arm-none-eabi/lib/thumb/v7e-m+fp/hard/libc_nano.a(libc_a-impure.o)
                0x20000018                _impure_ptr
 .data._impure_data
                0x2000001c       0x4c /opt/st/stm32cubeide_2.1.0/plugins/com.st.stm32cube.ide.mcu.externaltools.gnu-tools-for-stm32.14.3.rel1.linux64_1.0.100.202602081740/tools/bin/../lib/gcc/arm-none-eabi/14.3.1/../../../../arm-none-eabi/lib/thumb/v7e-m+fp/hard/libc_nano.a(libc_a-impure.o)
                0x2000001c                _impure_data
 *(.RamFunc)
 *(.RamFunc*)
                0x20000068                        . = ALIGN (0x4)
                0x20000068                        _edata = .

.igot.plt       0x20000068        0x0 load address 0x0800908c
 .igot.plt      0x20000068        0x0 /opt/st/stm32cubeide_2.1.0/plugins/com.st.stm32cube.ide.mcu.externaltools.gnu-tools-for-stm32.14.3.rel1.linux64_1.0.100.202602081740/tools/bin/../lib/gcc/arm-none-eabi/14.3.1/thumb/v7e-m+fp/hard/crtbegin.o
                0x20000068                        . = ALIGN (0x4)

.bss            0x20000068      0xd84 load address 0x0800908c
                0x20000068                        _sbss = .
                0x20000068                        __bss_start__ = _sbss
 *(.bss)
 .bss           0x20000068       0x1c /opt/st/stm32cubeide_2.1.0/plugins/com.st.stm32cube.ide.mcu.externaltools.gnu-tools-for-stm32.14.3.rel1.linux64_1.0.100.202602081740/tools/bin/../lib/gcc/arm-none-eabi/14.3.1/thumb/v7e-m+fp/hard/crtbegin.o
 *(.bss*)
 .bss.hi2c1     0x20000084       0x54 ./Core/Src/main.o
                0x20000084                hi2c1
 .bss.hspi1     0x200000d8       0x58 ./Core/Src/main.o
                0x200000d8                hspi1
 .bss.last_tick
                0x20000130        0x4 ./Core/Src/main.o
                0x20000130                last_tick
 .bss.telemetria
                0x20000134       0x1a ./Core/Src/main.o
                0x20000134                telemetria
 .bss.sx1278_version
                0x2000014e        0x1 ./Core/Src/main.o
                0x2000014e                sx1278_version
 .bss.sx1278_detected
                0x2000014f        0x1 ./Core/Src/main.o
                0x2000014f                sx1278_detected
 .bss.tx_count  0x20000150        0x4 ./Core/Src/main.o
                0x20000150                tx_count
 .bss.dig_T1    0x20000154        0x2 ./Core/Src/sensors.o
 .bss.dig_P1    0x20000156        0x2 ./Core/Src/sensors.o
 .bss.dig_T2    0x20000158        0x2 ./Core/Src/sensors.o
 .bss.dig_T3    0x2000015a        0x2 ./Core/Src/sensors.o
 .bss.dig_P2    0x2000015c        0x2 ./Core/Src/sensors.o
 .bss.dig_P3    0x2000015e        0x2 ./Core/Src/sensors.o
 .bss.dig_P4    0x20000160        0x2 ./Core/Src/sensors.o
 .bss.dig_P5    0x20000162        0x2 ./Core/Src/sensors.o
 .bss.dig_P6    0x20000164        0x2 ./Core/Src/sensors.o
 .bss.dig_P7    0x20000166        0x2 ./Core/Src/sensors.o
 .bss.dig_P8    0x20000168        0x2 ./Core/Src/sensors.o
 .bss.dig_P9    0x2000016a        0x2 ./Core/Src/sensors.o
 .bss.t_fine    0x2000016c        0x4 ./Core/Src/sensors.o
 .bss.temperature
                0x20000170        0x4 ./Core/Src/sensors.o
 .bss.pressure  0x20000174        0x4 ./Core/Src/sensors.o
 .bss.altitude  0x20000178        0x4 ./Core/Src/sensors.o
 .bss.a         0x2000017c        0x4 ./Core/Src/sensors.o
                0x2000017c                a
 .bss.pressure_init
                0x20000180        0x4 ./Core/Src/sensors.o
                0x20000180                pressure_init
 .bss.is_calibrated
                0x20000184        0x1 ./Core/Src/sensors.o
                0x20000184                is_calibrated
 *fill*         0x20000185        0x3 
 .bss.last_accel
                0x20000188        0xc ./Core/Src/sensors.o
 .bss.last_gyro
                0x20000194        0xc ./Core/Src/sensors.o
 .bss.sensorValue
                0x200001a0       0x50 ./Core/Src/sensors.o
 .bss.altitude_filtered
                0x200001f0        0x4 ./Core/Src/sensors.o
                0x200001f0                altitude_filtered
 .bss._sh2      0x200001f4      0x178 ./Core/Src/sh2.o
                0x200001f4                _sh2
 .bss.sh2AsyncEvent
                0x2000036c       0x1c ./Core/Src/sh2.o
 .bss.lastHostInt.1
                0x20000388        0x4 ./Core/Src/sh2.o
 .bss.rollovers.0
                0x2000038c        0x4 ./Core/Src/sh2.o
 .bss.instances
                0x20000390      0x914 ./Core/Src/shtp.o
 .bss.shtp_initialized
                0x20000ca4        0x1 ./Core/Src/shtp.o
 *fill*         0x20000ca5        0x3 
 .bss.sx1278_hspi
                0x20000ca8        0x4 ./Core/Src/sx1278.o
 .bss.global_pkt_id
                0x20000cac        0x1 ./Core/Src/telemetry.o
 *fill*         0x20000cad        0x3 
 .bss.uwTick    0x20000cb0        0x4 ./Drivers/STM32F4xx_HAL_Driver/Src/stm32f4xx_hal.o
                0x20000cb0                uwTick
 .bss.__sf      0x20000cb4      0x138 /opt/st/stm32cubeide_2.1.0/plugins/com.st.stm32cube.ide.mcu.externaltools.gnu-tools-for-stm32.14.3.rel1.linux64_1.0.100.202602081740/tools/bin/../lib/gcc/arm-none-eabi/14.3.1/../../../../arm-none-eabi/lib/thumb/v7e-m+fp/hard/libc_nano.a(libc_a-findfp.o)
                0x20000cb4                __sf
 *(COMMON)
                0x20000dec                        . = ALIGN (0x4)
                0x20000dec                        _ebss = .
                0x20000dec                        __bss_end__ = _ebss

._user_heap_stack
                0x20000dec      0x604 load address 0x0800908c
                0x20000df0                        . = ALIGN (0x8)
 *fill*         0x20000dec        0x4 
                [!provide]                        PROVIDE (end = .)
                0x20000df0                        PROVIDE (_end = .)
                0x20000ff0                        . = (. + _Min_Heap_Size)
 *fill*         0x20000df0      0x200 
                0x200013f0                        . = (. + _Min_Stack_Size)
 *fill*         0x20000ff0      0x400 
                0x200013f0                        . = ALIGN (0x8)

/DISCARD/
 libc.a(*)
 libm.a(*)
 libgcc.a(*)

.ARM.attributes
                0x00000000       0x30
 *(.ARM.attributes)
 .ARM.attributes
                0x00000000       0x22 /opt/st/stm32cubeide_2.1.0/plugins/com.st.stm32cube.ide.mcu.externaltools.gnu-tools-for-stm32.14.3.rel1.linux64_1.0.100.202602081740/tools/bin/../lib/gcc/arm-none-eabi/14.3.1/thumb/v7e-m+fp/hard/crti.o
 .ARM.attributes
                0x00000022       0x34 /opt/st/stm32cubeide_2.1.0/plugins/com.st.stm32cube.ide.mcu.externaltools.gnu-tools-for-stm32.14.3.rel1.linux64_1.0.100.202602081740/tools/bin/../lib/gcc/arm-none-eabi/14.3.1/thumb/v7e-m+fp/hard/crtbegin.o
 .ARM.attributes
                0x00000056       0x34 ./Core/Src/main.o
 .ARM.attributes
                0x0000008a       0x34 ./Core/Src/sensors.o
 .ARM.attributes
                0x000000be       0x34 ./Core/Src/sh2.o
 .ARM.attributes
                0x000000f2       0x34 ./Core/Src/sh2_SensorValue.o
 .ARM.attributes
                0x00000126       0x34 ./Core/Src/sh2_util.o
 .ARM.attributes
                0x0000015a       0x34 ./Core/Src/shtp.o
 .ARM.attributes
                0x0000018e       0x34 ./Core/Src/stm32f4xx_hal_msp.o
 .ARM.attributes
                0x000001c2       0x34 ./Core/Src/stm32f4xx_it.o
 .ARM.attributes
                0x000001f6       0x34 ./Core/Src/sx1278.o
 .ARM.attributes
                0x0000022a       0x34 ./Core/Src/system_stm32f4xx.o
 .ARM.attributes
                0x0000025e       0x34 ./Core/Src/telemetry.o
 .ARM.attributes
                0x00000292       0x21 ./Core/Startup/startup_stm32f411ceux.o
 .ARM.attributes
                0x000002b3       0x34 ./Drivers/STM32F4xx_HAL_Driver/Src/stm32f4xx_hal.o
 .ARM.attributes
                0x000002e7       0x34 ./Drivers/STM32F4xx_HAL_Driver/Src/stm32f4xx_hal_cortex.o
 .ARM.attributes
                0x0000031b       0x34 ./Drivers/STM32F4xx_HAL_Driver/Src/stm32f4xx_hal_dma.o
 .ARM.attributes
                0x0000034f       0x34 ./Drivers/STM32F4xx_HAL_Driver/Src/stm32f4xx_hal_gpio.o
 .ARM.attributes
                0x00000383       0x34 ./Drivers/STM32F4xx_HAL_Driver/Src/stm32f4xx_hal_i2c.o
 .ARM.attributes
                0x000003b7       0x34 ./Drivers/STM32F4xx_HAL_Driver/Src/stm32f4xx_hal_rcc.o
 .ARM.attributes
                0x000003eb       0x34 ./Drivers/STM32F4xx_HAL_Driver/Src/stm32f4xx_hal_spi.o
 .ARM.attributes
                0x0000041f       0x34 /opt/st/stm32cubeide_2.1.0/plugins/com.st.stm32cube.ide.mcu.externaltools.gnu-tools-for-stm32.14.3.rel1.linux64_1.0.100.202602081740/tools/bin/../lib/gcc/arm-none-eabi/14.3.1/../../../../arm-none-eabi/lib/thumb/v7e-m+fp/hard/libc_nano.a(libc_a-findfp.o)
 .ARM.attributes
                0x00000453       0x34 /opt/st/stm32cubeide_2.1.0/plugins/com.st.stm32cube.ide.mcu.externaltools.gnu-tools-for-stm32.14.3.rel1.linux64_1.0.100.202602081740/tools/bin/../lib/gcc/arm-none-eabi/14.3.1/../../../../arm-none-eabi/lib/thumb/v7e-m+fp/hard/libc_nano.a(libc_a-memset.o)
 .ARM.attributes
                0x00000487       0x34 /opt/st/stm32cubeide_2.1.0/plugins/com.st.stm32cube.ide.mcu.externaltools.gnu-tools-for-stm32.14.3.rel1.linux64_1.0.100.202602081740/tools/bin/../lib/gcc/arm-none-eabi/14.3.1/../../../../arm-none-eabi/lib/thumb/v7e-m+fp/hard/libc_nano.a(libc_a-impure.o)
 .ARM.attributes
                0x000004bb       0x34 /opt/st/stm32cubeide_2.1.0/plugins/com.st.stm32cube.ide.mcu.externaltools.gnu-tools-for-stm32.14.3.rel1.linux64_1.0.100.202602081740/tools/bin/../lib/gcc/arm-none-eabi/14.3.1/../../../../arm-none-eabi/lib/thumb/v7e-m+fp/hard/libc_nano.a(libc_a-errno.o)
 .ARM.attributes
                0x000004ef       0x34 /opt/st/stm32cubeide_2.1.0/plugins/com.st.stm32cube.ide.mcu.externaltools.gnu-tools-for-stm32.14.3.rel1.linux64_1.0.100.202602081740/tools/bin/../lib/gcc/arm-none-eabi/14.3.1/../../../../arm-none-eabi/lib/thumb/v7e-m+fp/hard/libc_nano.a(libc_a-init.o)
 .ARM.attributes
                0x00000523       0x34 /opt/st/stm32cubeide_2.1.0/plugins/com.st.stm32cube.ide.mcu.externaltools.gnu-tools-for-stm32.14.3.rel1.linux64_1.0.100.202602081740/tools/bin/../lib/gcc/arm-none-eabi/14.3.1/../../../../arm-none-eabi/lib/thumb/v7e-m+fp/hard/libc_nano.a(libc_a-memcpy-stub.o)
 .ARM.attributes
                0x00000557       0x34 /opt/st/stm32cubeide_2.1.0/plugins/com.st.stm32cube.ide.mcu.externaltools.gnu-tools-for-stm32.14.3.rel1.linux64_1.0.100.202602081740/tools/bin/../lib/gcc/arm-none-eabi/14.3.1/../../../../arm-none-eabi/lib/thumb/v7e-m+fp/hard/libm.a(libm_a-wf_pow.o)
 .ARM.attributes
                0x0000058b       0x34 /opt/st/stm32cubeide_2.1.0/plugins/com.st.stm32cube.ide.mcu.externaltools.gnu-tools-for-stm32.14.3.rel1.linux64_1.0.100.202602081740/tools/bin/../lib/gcc/arm-none-eabi/14.3.1/../../../../arm-none-eabi/lib/thumb/v7e-m+fp/hard/libm.a(libm_a-sf_finite.o)
 .ARM.attributes
                0x000005bf       0x34 /opt/st/stm32cubeide_2.1.0/plugins/com.st.stm32cube.ide.mcu.externaltools.gnu-tools-for-stm32.14.3.rel1.linux64_1.0.100.202602081740/tools/bin/../lib/gcc/arm-none-eabi/14.3.1/../../../../arm-none-eabi/lib/thumb/v7e-m+fp/hard/libm.a(libm_a-ef_pow.o)
 .ARM.attributes
                0x000005f3       0x34 /opt/st/stm32cubeide_2.1.0/plugins/com.st.stm32cube.ide.mcu.externaltools.gnu-tools-for-stm32.14.3.rel1.linux64_1.0.100.202602081740/tools/bin/../lib/gcc/arm-none-eabi/14.3.1/../../../../arm-none-eabi/lib/thumb/v7e-m+fp/hard/libm.a(libm_a-sf_fabs.o)
 .ARM.attributes
                0x00000627       0x34 /opt/st/stm32cubeide_2.1.0/plugins/com.st.stm32cube.ide.mcu.externaltools.gnu-tools-for-stm32.14.3.rel1.linux64_1.0.100.202602081740/tools/bin/../lib/gcc/arm-none-eabi/14.3.1/../../../../arm-none-eabi/lib/thumb/v7e-m+fp/hard/libm.a(libm_a-sf_scalbn.o)
 .ARM.attributes
                0x0000065b       0x34 /opt/st/stm32cubeide_2.1.0/plugins/com.st.stm32cube.ide.mcu.externaltools.gnu-tools-for-stm32.14.3.rel1.linux64_1.0.100.202602081740/tools/bin/../lib/gcc/arm-none-eabi/14.3.1/../../../../arm-none-eabi/lib/thumb/v7e-m+fp/hard/libm.a(libm_a-math_errf.o)
 .ARM.attributes
                0x0000068f       0x34 /opt/st/stm32cubeide_2.1.0/plugins/com.st.stm32cube.ide.mcu.externaltools.gnu-tools-for-stm32.14.3.rel1.linux64_1.0.100.202602081740/tools/bin/../lib/gcc/arm-none-eabi/14.3.1/../../../../arm-none-eabi/lib/thumb/v7e-m+fp/hard/libm.a(libm_a-ef_sqrt.o)
 .ARM.attributes
                0x000006c3       0x22 /opt/st/stm32cubeide_2.1.0/plugins/com.st.stm32cube.ide.mcu.externaltools.gnu-tools-for-stm32.14.3.rel1.linux64_1.0.100.202602081740/tools/bin/../lib/gcc/arm-none-eabi/14.3.1/thumb/v7e-m+fp/hard/libgcc.a(_aeabi_ldivmod.o)
 .ARM.attributes
                0x000006e5       0x22 /opt/st/stm32cubeide_2.1.0/plugins/com.st.stm32cube.ide.mcu.externaltools.gnu-tools-for-stm32.14.3.rel1.linux64_1.0.100.202602081740/tools/bin/../lib/gcc/arm-none-eabi/14.3.1/thumb/v7e-m+fp/hard/libgcc.a(_aeabi_uldivmod.o)
 .ARM.attributes
                0x00000707       0x34 /opt/st/stm32cubeide_2.1.0/plugins/com.st.stm32cube.ide.mcu.externaltools.gnu-tools-for-stm32.14.3.rel1.linux64_1.0.100.202602081740/tools/bin/../lib/gcc/arm-none-eabi/14.3.1/thumb/v7e-m+fp/hard/libgcc.a(_udivmoddi4.o)
 .ARM.attributes
                0x0000073b       0x22 /opt/st/stm32cubeide_2.1.0/plugins/com.st.stm32cube.ide.mcu.externaltools.gnu-tools-for-stm32.14.3.rel1.linux64_1.0.100.202602081740/tools/bin/../lib/gcc/arm-none-eabi/14.3.1/thumb/v7e-m+fp/hard/libgcc.a(_dvmd_tls.o)
 .ARM.attributes
                0x0000075d       0x22 /opt/st/stm32cubeide_2.1.0/plugins/com.st.stm32cube.ide.mcu.externaltools.gnu-tools-for-stm32.14.3.rel1.linux64_1.0.100.202602081740/tools/bin/../lib/gcc/arm-none-eabi/14.3.1/thumb/v7e-m+fp/hard/crtn.o
OUTPUT(OBC_STM32.elf elf32-littlearm)
LOAD linker stubs
LOAD /opt/st/stm32cubeide_2.1.0/plugins/com.st.stm32cube.ide.mcu.externaltools.gnu-tools-for-stm32.14.3.rel1.linux64_1.0.100.202602081740/tools/bin/../lib/gcc/arm-none-eabi/14.3.1/../../../../arm-none-eabi/lib/thumb/v7e-m+fp/hard/libc.a
LOAD /opt/st/stm32cubeide_2.1.0/plugins/com.st.stm32cube.ide.mcu.externaltools.gnu-tools-for-stm32.14.3.rel1.linux64_1.0.100.202602081740/tools/bin/../lib/gcc/arm-none-eabi/14.3.1/../../../../arm-none-eabi/lib/thumb/v7e-m+fp/hard/libm.a
LOAD /opt/st/stm32cubeide_2.1.0/plugins/com.st.stm32cube.ide.mcu.externaltools.gnu-tools-for-stm32.14.3.rel1.linux64_1.0.100.202602081740/tools/bin/../lib/gcc/arm-none-eabi/14.3.1/thumb/v7e-m+fp/hard/libgcc.a

.debug_info     0x00000000    0x116eb
 .debug_info    0x00000000     0x1292 ./Core/Src/main.o
 .debug_info    0x00001292     0x1eba ./Core/Src/sensors.o
 .debug_info    0x0000314c     0x31f8 ./Core/Src/sh2.o
 .debug_info    0x00006344     0x182b ./Core/Src/sh2_SensorValue.o
 .debug_info    0x00007b6f      0x35f ./Core/Src/sh2_util.o
 .debug_info    0x00007ece      0x7f8 ./Core/Src/shtp.o
 .debug_info    0x000086c6      0xe4d ./Core/Src/stm32f4xx_hal_msp.o
 .debug_info    0x00009513      0x98a ./Core/Src/stm32f4xx_it.o
 .debug_info    0x00009e9d      0x82a ./Core/Src/sx1278.o
 .debug_info    0x0000a6c7      0x53e ./Core/Src/system_stm32f4xx.o
 .debug_info    0x0000ac05      0x2bd ./Core/Src/telemetry.o
 .debug_info    0x0000aec2       0x30 ./Core/Startup/startup_stm32f411ceux.o
 .debug_info    0x0000aef2      0x8c4 ./Drivers/STM32F4xx_HAL_Driver/Src/stm32f4xx_hal.o
 .debug_info    0x0000b7b6      0xcfc ./Drivers/STM32F4xx_HAL_Driver/Src/stm32f4xx_hal_cortex.o
 .debug_info    0x0000c4b2      0x8e6 ./Drivers/STM32F4xx_HAL_Driver/Src/stm32f4xx_hal_dma.o
 .debug_info    0x0000cd98      0x6f9 ./Drivers/STM32F4xx_HAL_Driver/Src/stm32f4xx_hal_gpio.o
 .debug_info    0x0000d491     0x2426 ./Drivers/STM32F4xx_HAL_Driver/Src/stm32f4xx_hal_i2c.o
 .debug_info    0x0000f8b7      0x904 ./Drivers/STM32F4xx_HAL_Driver/Src/stm32f4xx_hal_rcc.o
 .debug_info    0x000101bb     0x1530 ./Drivers/STM32F4xx_HAL_Driver/Src/stm32f4xx_hal_spi.o

.debug_abbrev   0x00000000     0x2803
 .debug_abbrev  0x00000000      0x2d2 ./Core/Src/main.o
 .debug_abbrev  0x000002d2      0x35b ./Core/Src/sensors.o
 .debug_abbrev  0x0000062d      0x33e ./Core/Src/sh2.o
 .debug_abbrev  0x0000096b      0x220 ./Core/Src/sh2_SensorValue.o
 .debug_abbrev  0x00000b8b       0xd8 ./Core/Src/sh2_util.o
 .debug_abbrev  0x00000c63      0x27b ./Core/Src/shtp.o
 .debug_abbrev  0x00000ede      0x1cb ./Core/Src/stm32f4xx_hal_msp.o
 .debug_abbrev  0x000010a9      0x1b7 ./Core/Src/stm32f4xx_it.o
 .debug_abbrev  0x00001260      0x21b ./Core/Src/sx1278.o
 .debug_abbrev  0x0000147b      0x11a ./Core/Src/system_stm32f4xx.o
 .debug_abbrev  0x00001595      0x106 ./Core/Src/telemetry.o
 .debug_abbrev  0x0000169b       0x24 ./Core/Startup/startup_stm32f411ceux.o
 .debug_abbrev  0x000016bf      0x24b ./Drivers/STM32F4xx_HAL_Driver/Src/stm32f4xx_hal.o
 .debug_abbrev  0x0000190a      0x31d ./Drivers/STM32F4xx_HAL_Driver/Src/stm32f4xx_hal_cortex.o
 .debug_abbrev  0x00001c27      0x221 ./Drivers/STM32F4xx_HAL_Driver/Src/stm32f4xx_hal_dma.o
 .debug_abbrev  0x00001e48      0x1d3 ./Drivers/STM32F4xx_HAL_Driver/Src/stm32f4xx_hal_gpio.o
 .debug_abbrev  0x0000201b      0x2bc ./Drivers/STM32F4xx_HAL_Driver/Src/stm32f4xx_hal_i2c.o
 .debug_abbrev  0x000022d7      0x2b6 ./Drivers/STM32F4xx_HAL_Driver/Src/stm32f4xx_hal_rcc.o
 .debug_abbrev  0x0000258d      0x276 ./Drivers/STM32F4xx_HAL_Driver/Src/stm32f4xx_hal_spi.o

.debug_aranges  0x00000000      0xf80
 .debug_aranges
                0x00000000       0x50 ./Core/Src/main.o
 .debug_aranges
                0x00000050       0x70 ./Core/Src/sensors.o
 .debug_aranges
                0x000000c0      0x2e0 ./Core/Src/sh2.o
 .debug_aranges
                0x000003a0      0x168 ./Core/Src/sh2_SensorValue.o
 .debug_aranges
                0x00000508       0x78 ./Core/Src/sh2_util.o
 .debug_aranges
                0x00000580       0x70 ./Core/Src/shtp.o
 .debug_aranges
                0x000005f0       0x40 ./Core/Src/stm32f4xx_hal_msp.o
 .debug_aranges
                0x00000630       0x88 ./Core/Src/stm32f4xx_it.o
 .debug_aranges
                0x000006b8       0x40 ./Core/Src/sx1278.o
 .debug_aranges
                0x000006f8       0x28 ./Core/Src/system_stm32f4xx.o
 .debug_aranges
                0x00000720       0x30 ./Core/Src/telemetry.o
 .debug_aranges
                0x00000750       0x28 ./Core/Startup/startup_stm32f411ceux.o
 .debug_aranges
                0x00000778       0xf0 ./Drivers/STM32F4xx_HAL_Driver/Src/stm32f4xx_hal.o
 .debug_aranges
                0x00000868      0x130 ./Drivers/STM32F4xx_HAL_Driver/Src/stm32f4xx_hal_cortex.o
 .debug_aranges
                0x00000998       0x90 ./Drivers/STM32F4xx_HAL_Driver/Src/stm32f4xx_hal_dma.o
 .debug_aranges
                0x00000a28       0x58 ./Drivers/STM32F4xx_HAL_Driver/Src/stm32f4xx_hal_gpio.o
 .debug_aranges
                0x00000a80      0x2a8 ./Drivers/STM32F4xx_HAL_Driver/Src/stm32f4xx_hal_i2c.o
 .debug_aranges
                0x00000d28       0x88 ./Drivers/STM32F4xx_HAL_Driver/Src/stm32f4xx_hal_rcc.o
 .debug_aranges
                0x00000db0      0x1d0 ./Drivers/STM32F4xx_HAL_Driver/Src/stm32f4xx_hal_spi.o

.debug_rnglists
                0x00000000      0xbe0
 .debug_rnglists
                0x00000000       0x3a ./Core/Src/main.o
 .debug_rnglists
                0x0000003a       0x55 ./Core/Src/sensors.o
 .debug_rnglists
                0x0000008f      0x237 ./Core/Src/sh2.o
 .debug_rnglists
                0x000002c6      0x119 ./Core/Src/sh2_SensorValue.o
 .debug_rnglists
                0x000003df       0x55 ./Core/Src/sh2_util.o
 .debug_rnglists
                0x00000434       0x51 ./Core/Src/shtp.o
 .debug_rnglists
                0x00000485       0x2d ./Core/Src/stm32f4xx_hal_msp.o
 .debug_rnglists
                0x000004b2       0x61 ./Core/Src/stm32f4xx_it.o
 .debug_rnglists
                0x00000513       0x2b ./Core/Src/sx1278.o
 .debug_rnglists
                0x0000053e       0x1a ./Core/Src/system_stm32f4xx.o
 .debug_rnglists
                0x00000558       0x20 ./Core/Src/telemetry.o
 .debug_rnglists
                0x00000578       0x19 ./Core/Startup/startup_stm32f411ceux.o
 .debug_rnglists
                0x00000591       0xaf ./Drivers/STM32F4xx_HAL_Driver/Src/stm32f4xx_hal.o
 .debug_rnglists
                0x00000640       0xe0 ./Drivers/STM32F4xx_HAL_Driver/Src/stm32f4xx_hal_cortex.o
 .debug_rnglists
                0x00000720       0x70 ./Drivers/STM32F4xx_HAL_Driver/Src/stm32f4xx_hal_dma.o
 .debug_rnglists
                0x00000790       0x3f ./Drivers/STM32F4xx_HAL_Driver/Src/stm32f4xx_hal_gpio.o
 .debug_rnglists
                0x000007cf      0x23c ./Drivers/STM32F4xx_HAL_Driver/Src/stm32f4xx_hal_i2c.o
 .debug_rnglists
                0x00000a0b       0x66 ./Drivers/STM32F4xx_HAL_Driver/Src/stm32f4xx_hal_rcc.o
 .debug_rnglists
                0x00000a71      0x16f ./Drivers/STM32F4xx_HAL_Driver/Src/stm32f4xx_hal_spi.o

.debug_macro    0x00000000    0x1595e
 .debug_macro   0x00000000      0x207 ./Core/Src/main.o
 .debug_macro   0x00000207      0x29b ./Core/Src/main.o
 .debug_macro   0x000004a2       0x2e ./Core/Src/main.o
 .debug_macro   0x000004d0       0x28 ./Core/Src/main.o
 .debug_macro   0x000004f8       0x8e ./Core/Src/main.o
 .debug_macro   0x00000586       0x51 ./Core/Src/main.o
 .debug_macro   0x000005d7      0x103 ./Core/Src/main.o
 .debug_macro   0x000006da       0x6a ./Core/Src/main.o
 .debug_macro   0x00000744      0x1df ./Core/Src/main.o
 .debug_macro   0x00000923       0x1c ./Core/Src/main.o
 .debug_macro   0x0000093f       0x22 ./Core/Src/main.o
 .debug_macro   0x00000961       0xfb ./Core/Src/main.o
 .debug_macro   0x00000a5c     0x1011 ./Core/Src/main.o
 .debug_macro   0x00001a6d      0x11f ./Core/Src/main.o
 .debug_macro   0x00001b8c     0xb968 ./Core/Src/main.o
 .debug_macro   0x0000d4f4       0x6d ./Core/Src/main.o
 .debug_macro   0x0000d561     0x3693 ./Core/Src/main.o
 .debug_macro   0x00010bf4       0x5c ./Core/Src/main.o
 .debug_macro   0x00010c50      0x45c ./Core/Src/main.o
 .debug_macro   0x000110ac      0x9e9 ./Core/Src/main.o
 .debug_macro   0x00011a95      0x115 ./Core/Src/main.o
 .debug_macro   0x00011baa      0x11b ./Core/Src/main.o
 .debug_macro   0x00011cc5       0xa5 ./Core/Src/main.o
 .debug_macro   0x00011d6a      0x15f ./Core/Src/main.o
 .debug_macro   0x00011ec9      0x287 ./Core/Src/main.o
 .debug_macro   0x00012150       0x5f ./Core/Src/main.o
 .debug_macro   0x000121af      0x236 ./Core/Src/main.o
 .debug_macro   0x000123e5      0x132 ./Core/Src/main.o
 .debug_macro   0x00012517      0x264 ./Core/Src/main.o
 .debug_macro   0x0001277b       0x2e ./Core/Src/main.o
 .debug_macro   0x000127a9      0x1b5 ./Core/Src/main.o
 .debug_macro   0x0001295e       0x22 ./Core/Src/main.o
 .debug_macro   0x00012980       0xd6 ./Core/Src/main.o
 .debug_macro   0x00012a56      0x127 ./Core/Src/main.o
 .debug_macro   0x00012b7d       0x85 ./Core/Src/main.o
 .debug_macro   0x00012c02       0x89 ./Core/Src/main.o
 .debug_macro   0x00012c8b      0x225 ./Core/Src/main.o
 .debug_macro   0x00012eb0      0x126 ./Core/Src/main.o
 .debug_macro   0x00012fd6       0x4c ./Core/Src/main.o
 .debug_macro   0x00013022       0x70 ./Core/Src/main.o
 .debug_macro   0x00013092      0x2e8 ./Core/Src/sensors.o
 .debug_macro   0x0001337a       0x22 ./Core/Src/sensors.o
 .debug_macro   0x0001339c       0x22 ./Core/Src/sensors.o
 .debug_macro   0x000133be      0x2a9 ./Core/Src/sensors.o
 .debug_macro   0x00013667       0xc1 ./Core/Src/sensors.o
 .debug_macro   0x00013728       0x34 ./Core/Src/sensors.o
 .debug_macro   0x0001375c       0x61 ./Core/Src/sensors.o
 .debug_macro   0x000137bd      0x422 ./Core/Src/sh2.o
 .debug_macro   0x00013bdf       0x10 ./Core/Src/sh2.o
 .debug_macro   0x00013bef       0x10 ./Core/Src/sh2.o
 .debug_macro   0x00013bff       0x3c ./Core/Src/sh2.o
 .debug_macro   0x00013c3b       0x20 ./Core/Src/sh2.o
 .debug_macro   0x00013c5b       0x1c ./Core/Src/sh2.o
 .debug_macro   0x00013c77       0x10 ./Core/Src/sh2.o
 .debug_macro   0x00013c87       0x1c ./Core/Src/sh2.o
 .debug_macro   0x00013ca3       0x16 ./Core/Src/sh2.o
 .debug_macro   0x00013cb9      0x146 ./Core/Src/sh2.o
 .debug_macro   0x00013dff      0x188 ./Core/Src/sh2_SensorValue.o
 .debug_macro   0x00013f87       0x16 ./Core/Src/sh2_SensorValue.o
 .debug_macro   0x00013f9d       0x9e ./Core/Src/sh2_SensorValue.o
 .debug_macro   0x0001403b      0x112 ./Core/Src/sh2_SensorValue.o
 .debug_macro   0x0001414d       0x16 ./Core/Src/sh2_SensorValue.o
 .debug_macro   0x00014163       0x73 ./Core/Src/sh2_util.o
 .debug_macro   0x000141d6      0x16d ./Core/Src/shtp.o
 .debug_macro   0x00014343      0x1e2 ./Core/Src/stm32f4xx_hal_msp.o
 .debug_macro   0x00014525      0x1ec ./Core/Src/stm32f4xx_it.o
 .debug_macro   0x00014711      0x1f1 ./Core/Src/sx1278.o
 .debug_macro   0x00014902       0x6a ./Core/Src/sx1278.o
 .debug_macro   0x0001496c      0x1d3 ./Core/Src/system_stm32f4xx.o
 .debug_macro   0x00014b3f       0x6d ./Core/Src/telemetry.o
 .debug_macro   0x00014bac      0x233 ./Drivers/STM32F4xx_HAL_Driver/Src/stm32f4xx_hal.o
 .debug_macro   0x00014ddf      0x1d3 ./Drivers/STM32F4xx_HAL_Driver/Src/stm32f4xx_hal_cortex.o
 .debug_macro   0x00014fb2      0x1d9 ./Drivers/STM32F4xx_HAL_Driver/Src/stm32f4xx_hal_dma.o
 .debug_macro   0x0001518b      0x1d9 ./Drivers/STM32F4xx_HAL_Driver/Src/stm32f4xx_hal_gpio.o
 .debug_macro   0x00015364      0x221 ./Drivers/STM32F4xx_HAL_Driver/Src/stm32f4xx_hal_i2c.o
 .debug_macro   0x00015585      0x1f7 ./Drivers/STM32F4xx_HAL_Driver/Src/stm32f4xx_hal_rcc.o
 .debug_macro   0x0001577c      0x1e2 ./Drivers/STM32F4xx_HAL_Driver/Src/stm32f4xx_hal_spi.o

.debug_line     0x00000000    0x103c5
 .debug_line    0x00000000      0x85e ./Core/Src/main.o
 .debug_line    0x0000085e      0xbfd ./Core/Src/sensors.o
 .debug_line    0x0000145b     0x1b7c ./Core/Src/sh2.o
 .debug_line    0x00002fd7     0x117f ./Core/Src/sh2_SensorValue.o
 .debug_line    0x00004156      0x540 ./Core/Src/sh2_util.o
 .debug_line    0x00004696      0x863 ./Core/Src/shtp.o
 .debug_line    0x00004ef9      0x732 ./Core/Src/stm32f4xx_hal_msp.o
 .debug_line    0x0000562b      0x7b5 ./Core/Src/stm32f4xx_it.o
 .debug_line    0x00005de0      0x72b ./Core/Src/sx1278.o
 .debug_line    0x0000650b      0x704 ./Core/Src/system_stm32f4xx.o
 .debug_line    0x00006c0f      0x40f ./Core/Src/telemetry.o
 .debug_line    0x0000701e       0x7a ./Core/Startup/startup_stm32f411ceux.o
 .debug_line    0x00007098      0x983 ./Drivers/STM32F4xx_HAL_Driver/Src/stm32f4xx_hal.o
 .debug_line    0x00007a1b      0xc50 ./Drivers/STM32F4xx_HAL_Driver/Src/stm32f4xx_hal_cortex.o
 .debug_line    0x0000866b      0xeec ./Drivers/STM32F4xx_HAL_Driver/Src/stm32f4xx_hal_dma.o
 .debug_line    0x00009557      0xa99 ./Drivers/STM32F4xx_HAL_Driver/Src/stm32f4xx_hal_gpio.o
 .debug_line    0x00009ff0     0x3a2d ./Drivers/STM32F4xx_HAL_Driver/Src/stm32f4xx_hal_i2c.o
 .debug_line    0x0000da1d      0xd8d ./Drivers/STM32F4xx_HAL_Driver/Src/stm32f4xx_hal_rcc.o
 .debug_line    0x0000e7aa     0x1c1b ./Drivers/STM32F4xx_HAL_Driver/Src/stm32f4xx_hal_spi.o

.debug_str      0x00000000    0x8c70b
 .debug_str     0x00000000    0x8c70b ./Core/Src/main.o
                              0x8231d (size before relaxing)
 .debug_str     0x0008c70b    0x87417 ./Core/Src/sensors.o
 .debug_str     0x0008c70b     0xab0e ./Core/Src/sh2.o
 .debug_str     0x0008c70b     0x9b93 ./Core/Src/sh2_SensorValue.o
 .debug_str     0x0008c70b     0x3ec7 ./Core/Src/sh2_util.o
 .debug_str     0x0008c70b     0x77d3 ./Core/Src/shtp.o
 .debug_str     0x0008c70b    0x81e60 ./Core/Src/stm32f4xx_hal_msp.o
 .debug_str     0x0008c70b    0x819f6 ./Core/Src/stm32f4xx_it.o
 .debug_str     0x0008c70b    0x818a4 ./Core/Src/sx1278.o
 .debug_str     0x0008c70b    0x8126b ./Core/Src/system_stm32f4xx.o
 .debug_str     0x0008c70b     0x3edb ./Core/Src/telemetry.o
 .debug_str     0x0008c70b       0xad ./Core/Startup/startup_stm32f411ceux.o
 .debug_str     0x0008c70b    0x81c97 ./Drivers/STM32F4xx_HAL_Driver/Src/stm32f4xx_hal.o
 .debug_str     0x0008c70b    0x81a01 ./Drivers/STM32F4xx_HAL_Driver/Src/stm32f4xx_hal_cortex.o
 .debug_str     0x0008c70b    0x81673 ./Drivers/STM32F4xx_HAL_Driver/Src/stm32f4xx_hal_dma.o
 .debug_str     0x0008c70b    0x813e6 ./Drivers/STM32F4xx_HAL_Driver/Src/stm32f4xx_hal_gpio.o
 .debug_str     0x0008c70b    0x8227c ./Drivers/STM32F4xx_HAL_Driver/Src/stm32f4xx_hal_i2c.o
 .debug_str     0x0008c70b    0x8169f ./Drivers/STM32F4xx_HAL_Driver/Src/stm32f4xx_hal_rcc.o
 .debug_str     0x0008c70b    0x81b17 ./Drivers/STM32F4xx_HAL_Driver/Src/stm32f4xx_hal_spi.o

.comment        0x00000000       0x43
 .comment       0x00000000       0x43 ./Core/Src/main.o
                                 0x44 (size before relaxing)
 .comment       0x00000043       0x44 ./Core/Src/sensors.o
 .comment       0x00000043       0x44 ./Core/Src/sh2.o
 .comment       0x00000043       0x44 ./Core/Src/sh2_SensorValue.o
 .comment       0x00000043       0x44 ./Core/Src/sh2_util.o
 .comment       0x00000043       0x44 ./Core/Src/shtp.o
 .comment       0x00000043       0x44 ./Core/Src/stm32f4xx_hal_msp.o
 .comment       0x00000043       0x44 ./Core/Src/stm32f4xx_it.o
 .comment       0x00000043       0x44 ./Core/Src/sx1278.o
 .comment       0x00000043       0x44 ./Core/Src/system_stm32f4xx.o
 .comment       0x00000043       0x44 ./Core/Src/telemetry.o
 .comment       0x00000043       0x44 ./Drivers/STM32F4xx_HAL_Driver/Src/stm32f4xx_hal.o
 .comment       0x00000043       0x44 ./Drivers/STM32F4xx_HAL_Driver/Src/stm32f4xx_hal_cortex.o
 .comment       0x00000043       0x44 ./Drivers/STM32F4xx_HAL_Driver/Src/stm32f4xx_hal_dma.o
 .comment       0x00000043       0x44 ./Drivers/STM32F4xx_HAL_Driver/Src/stm32f4xx_hal_gpio.o
 .comment       0x00000043       0x44 ./Drivers/STM32F4xx_HAL_Driver/Src/stm32f4xx_hal_i2c.o
 .comment       0x00000043       0x44 ./Drivers/STM32F4xx_HAL_Driver/Src/stm32f4xx_hal_rcc.o
 .comment       0x00000043       0x44 ./Drivers/STM32F4xx_HAL_Driver/Src/stm32f4xx_hal_spi.o

.debug_frame    0x00000000     0x41e0
 .debug_frame   0x00000000       0xe8 ./Core/Src/main.o
 .debug_frame   0x000000e8      0x1b8 ./Core/Src/sensors.o
 .debug_frame   0x000002a0      0xcc4 ./Core/Src/sh2.o
 .debug_frame   0x00000f64      0x5fc ./Core/Src/sh2_SensorValue.o
 .debug_frame   0x00001560      0x1c0 ./Core/Src/sh2_util.o
 .debug_frame   0x00001720      0x1a8 ./Core/Src/shtp.o
 .debug_frame   0x000018c8       0xc4 ./Core/Src/stm32f4xx_hal_msp.o
 .debug_frame   0x0000198c      0x184 ./Core/Src/stm32f4xx_it.o
 .debug_frame   0x00001b10       0xbc ./Core/Src/sx1278.o
 .debug_frame   0x00001bcc       0x50 ./Core/Src/system_stm32f4xx.o
 .debug_frame   0x00001c1c       0x7c ./Core/Src/telemetry.o
 .debug_frame   0x00001c98      0x31c ./Drivers/STM32F4xx_HAL_Driver/Src/stm32f4xx_hal.o
 .debug_frame   0x00001fb4      0x4b8 ./Drivers/STM32F4xx_HAL_Driver/Src/stm32f4xx_hal_cortex.o
 .debug_frame   0x0000246c      0x230 ./Drivers/STM32F4xx_HAL_Driver/Src/stm32f4xx_hal_dma.o
 .debug_frame   0x0000269c      0x130 ./Drivers/STM32F4xx_HAL_Driver/Src/stm32f4xx_hal_gpio.o
 .debug_frame   0x000027cc      0xbf4 ./Drivers/STM32F4xx_HAL_Driver/Src/stm32f4xx_hal_i2c.o
 .debug_frame   0x000033c0      0x1d8 ./Drivers/STM32F4xx_HAL_Driver/Src/stm32f4xx_hal_rcc.o
 .debug_frame   0x00003598      0x7e0 ./Drivers/STM32F4xx_HAL_Driver/Src/stm32f4xx_hal_spi.o
 .debug_frame   0x00003d78      0x144 /opt/st/stm32cubeide_2.1.0/plugins/com.st.stm32cube.ide.mcu.externaltools.gnu-tools-for-stm32.14.3.rel1.linux64_1.0.100.202602081740/tools/bin/../lib/gcc/arm-none-eabi/14.3.1/../../../../arm-none-eabi/lib/thumb/v7e-m+fp/hard/libc_nano.a(libc_a-findfp.o)
 .debug_frame   0x00003ebc       0x20 /opt/st/stm32cubeide_2.1.0/plugins/com.st.stm32cube.ide.mcu.externaltools.gnu-tools-for-stm32.14.3.rel1.linux64_1.0.100.202602081740/tools/bin/../lib/gcc/arm-none-eabi/14.3.1/../../../../arm-none-eabi/lib/thumb/v7e-m+fp/hard/libc_nano.a(libc_a-memset.o)
 .debug_frame   0x00003edc       0x20 /opt/st/stm32cubeide_2.1.0/plugins/com.st.stm32cube.ide.mcu.externaltools.gnu-tools-for-stm32.14.3.rel1.linux64_1.0.100.202602081740/tools/bin/../lib/gcc/arm-none-eabi/14.3.1/../../../../arm-none-eabi/lib/thumb/v7e-m+fp/hard/libc_nano.a(libc_a-errno.o)
 .debug_frame   0x00003efc       0x2c /opt/st/stm32cubeide_2.1.0/plugins/com.st.stm32cube.ide.mcu.externaltools.gnu-tools-for-stm32.14.3.rel1.linux64_1.0.100.202602081740/tools/bin/../lib/gcc/arm-none-eabi/14.3.1/../../../../arm-none-eabi/lib/thumb/v7e-m+fp/hard/libc_nano.a(libc_a-init.o)
 .debug_frame   0x00003f28       0x28 /opt/st/stm32cubeide_2.1.0/plugins/com.st.stm32cube.ide.mcu.externaltools.gnu-tools-for-stm32.14.3.rel1.linux64_1.0.100.202602081740/tools/bin/../lib/gcc/arm-none-eabi/14.3.1/../../../../arm-none-eabi/lib/thumb/v7e-m+fp/hard/libc_nano.a(libc_a-memcpy-stub.o)
 .debug_frame   0x00003f50       0x44 /opt/st/stm32cubeide_2.1.0/plugins/com.st.stm32cube.ide.mcu.externaltools.gnu-tools-for-stm32.14.3.rel1.linux64_1.0.100.202602081740/tools/bin/../lib/gcc/arm-none-eabi/14.3.1/../../../../arm-none-eabi/lib/thumb/v7e-m+fp/hard/libm.a(libm_a-wf_pow.o)
 .debug_frame   0x00003f94       0x20 /opt/st/stm32cubeide_2.1.0/plugins/com.st.stm32cube.ide.mcu.externaltools.gnu-tools-for-stm32.14.3.rel1.linux64_1.0.100.202602081740/tools/bin/../lib/gcc/arm-none-eabi/14.3.1/../../../../arm-none-eabi/lib/thumb/v7e-m+fp/hard/libm.a(libm_a-sf_finite.o)
 .debug_frame   0x00003fb4       0xa0 /opt/st/stm32cubeide_2.1.0/plugins/com.st.stm32cube.ide.mcu.externaltools.gnu-tools-for-stm32.14.3.rel1.linux64_1.0.100.202602081740/tools/bin/../lib/gcc/arm-none-eabi/14.3.1/../../../../arm-none-eabi/lib/thumb/v7e-m+fp/hard/libm.a(libm_a-ef_pow.o)
 .debug_frame   0x00004054       0x20 /opt/st/stm32cubeide_2.1.0/plugins/com.st.stm32cube.ide.mcu.externaltools.gnu-tools-for-stm32.14.3.rel1.linux64_1.0.100.202602081740/tools/bin/../lib/gcc/arm-none-eabi/14.3.1/../../../../arm-none-eabi/lib/thumb/v7e-m+fp/hard/libm.a(libm_a-sf_fabs.o)
 .debug_frame   0x00004074       0x20 /opt/st/stm32cubeide_2.1.0/plugins/com.st.stm32cube.ide.mcu.externaltools.gnu-tools-for-stm32.14.3.rel1.linux64_1.0.100.202602081740/tools/bin/../lib/gcc/arm-none-eabi/14.3.1/../../../../arm-none-eabi/lib/thumb/v7e-m+fp/hard/libm.a(libm_a-sf_scalbn.o)
 .debug_frame   0x00004094       0x88 /opt/st/stm32cubeide_2.1.0/plugins/com.st.stm32cube.ide.mcu.externaltools.gnu-tools-for-stm32.14.3.rel1.linux64_1.0.100.202602081740/tools/bin/../lib/gcc/arm-none-eabi/14.3.1/../../../../arm-none-eabi/lib/thumb/v7e-m+fp/hard/libm.a(libm_a-math_errf.o)
 .debug_frame   0x0000411c       0x20 /opt/st/stm32cubeide_2.1.0/plugins/com.st.stm32cube.ide.mcu.externaltools.gnu-tools-for-stm32.14.3.rel1.linux64_1.0.100.202602081740/tools/bin/../lib/gcc/arm-none-eabi/14.3.1/../../../../arm-none-eabi/lib/thumb/v7e-m+fp/hard/libm.a(libm_a-ef_sqrt.o)
 .debug_frame   0x0000413c       0x44 /opt/st/stm32cubeide_2.1.0/plugins/com.st.stm32cube.ide.mcu.externaltools.gnu-tools-for-stm32.14.3.rel1.linux64_1.0.100.202602081740/tools/bin/../lib/gcc/arm-none-eabi/14.3.1/thumb/v7e-m+fp/hard/libgcc.a(_aeabi_ldivmod.o)
 .debug_frame   0x00004180       0x2c /opt/st/stm32cubeide_2.1.0/plugins/com.st.stm32cube.ide.mcu.externaltools.gnu-tools-for-stm32.14.3.rel1.linux64_1.0.100.202602081740/tools/bin/../lib/gcc/arm-none-eabi/14.3.1/thumb/v7e-m+fp/hard/libgcc.a(_aeabi_uldivmod.o)
 .debug_frame   0x000041ac       0x34 /opt/st/stm32cubeide_2.1.0/plugins/com.st.stm32cube.ide.mcu.externaltools.gnu-tools-for-stm32.14.3.rel1.linux64_1.0.100.202602081740/tools/bin/../lib/gcc/arm-none-eabi/14.3.1/thumb/v7e-m+fp/hard/libgcc.a(_udivmoddi4.o)

.debug_line_str
                0x00000000       0x91
 .debug_line_str
                0x00000000       0x91 ./Core/Startup/startup_stm32f411ceux.o
