Archive member included to satisfy reference by file (symbol)

/opt/st/stm32cubeide_2.1.0/plugins/com.st.stm32cube.ide.mcu.externaltools.gnu-tools-for-stm32.14.3.rel1.linux64_1.0.100.202602081740/tools/bin/../lib/gcc/arm-none-eabi/14.3.1/../../../../arm-none-eabi/lib/thumb/v7e-m+fp/hard/libc_nano.a(libc_a-exit.o)
                              /opt/st/stm32cubeide_2.1.0/plugins/com.st.stm32cube.ide.mcu.externaltools.gnu-tools-for-stm32.14.3.rel1.linux64_1.0.100.202602081740/tools/bin/../lib/gcc/arm-none-eabi/14.3.1/../../../../arm-none-eabi/lib/thumb/v7e-m+fp/hard/crt0.o (exit)
/opt/st/stm32cubeide_2.1.0/plugins/com.st.stm32cube.ide.mcu.externaltools.gnu-tools-for-stm32.14.3.rel1.linux64_1.0.100.202602081740/tools/bin/../lib/gcc/arm-none-eabi/14.3.1/../../../../arm-none-eabi/lib/thumb/v7e-m+fp/hard/libc_nano.a(libc_a-findfp.o)
                              /opt/st/stm32cubeide_2.1.0/plugins/com.st.stm32cube.ide.mcu.externaltools.gnu-tools-for-stm32.14.3.rel1.linux64_1.0.100.202602081740/tools/bin/../lib/gcc/arm-none-eabi/14.3.1/../../../../arm-none-eabi/lib/thumb/v7e-m+fp/hard/libc_nano.a(libc_a-exit.o) (__stdio_exit_handler)
/opt/st/stm32cubeide_2.1.0/plugins/com.st.stm32cube.ide.mcu.externaltools.gnu-tools-for-stm32.14.3.rel1.linux64_1.0.100.202602081740/tools/bin/../lib/gcc/arm-none-eabi/14.3.1/../../../../arm-none-eabi/lib/thumb/v7e-m+fp/hard/libc_nano.a(libc_a-fwalk.o)
                              /opt/st/stm32cubeide_2.1.0/plugins/com.st.stm32cube.ide.mcu.externaltools.gnu-tools-for-stm32.14.3.rel1.linux64_1.0.100.202602081740/tools/bin/../lib/gcc/arm-none-eabi/14.3.1/../../../../arm-none-eabi/lib/thumb/v7e-m+fp/hard/libc_nano.a(libc_a-findfp.o) (_fwalk_sglue)
/opt/st/stm32cubeide_2.1.0/plugins/com.st.stm32cube.ide.mcu.externaltools.gnu-tools-for-stm32.14.3.rel1.linux64_1.0.100.202602081740/tools/bin/../lib/gcc/arm-none-eabi/14.3.1/../../../../arm-none-eabi/lib/thumb/v7e-m+fp/hard/libc_nano.a(libc_a-stdio.o)
                              /opt/st/stm32cubeide_2.1.0/plugins/com.st.stm32cube.ide.mcu.externaltools.gnu-tools-for-stm32.14.3.rel1.linux64_1.0.100.202602081740/tools/bin/../lib/gcc/arm-none-eabi/14.3.1/../../../../arm-none-eabi/lib/thumb/v7e-m+fp/hard/libc_nano.a(libc_a-findfp.o) (__sread)
/opt/st/stm32cubeide_2.1.0/plugins/com.st.stm32cube.ide.mcu.externaltools.gnu-tools-for-stm32.14.3.rel1.linux64_1.0.100.202602081740/tools/bin/../lib/gcc/arm-none-eabi/14.3.1/../../../../arm-none-eabi/lib/thumb/v7e-m+fp/hard/libc_nano.a(libc_a-memset.o)
                              /opt/st/stm32cubeide_2.1.0/plugins/com.st.stm32cube.ide.mcu.externaltools.gnu-tools-for-stm32.14.3.rel1.linux64_1.0.100.202602081740/tools/bin/../lib/gcc/arm-none-eabi/14.3.1/../../../../arm-none-eabi/lib/thumb/v7e-m+fp/hard/crt0.o (memset)
/opt/st/stm32cubeide_2.1.0/plugins/com.st.stm32cube.ide.mcu.externaltools.gnu-tools-for-stm32.14.3.rel1.linux64_1.0.100.202602081740/tools/bin/../lib/gcc/arm-none-eabi/14.3.1/../../../../arm-none-eabi/lib/thumb/v7e-m+fp/hard/libc_nano.a(libc_a-closer.o)
                              /opt/st/stm32cubeide_2.1.0/plugins/com.st.stm32cube.ide.mcu.externaltools.gnu-tools-for-stm32.14.3.rel1.linux64_1.0.100.202602081740/tools/bin/../lib/gcc/arm-none-eabi/14.3.1/../../../../arm-none-eabi/lib/thumb/v7e-m+fp/hard/libc_nano.a(libc_a-stdio.o) (_close_r)
/opt/st/stm32cubeide_2.1.0/plugins/com.st.stm32cube.ide.mcu.externaltools.gnu-tools-for-stm32.14.3.rel1.linux64_1.0.100.202602081740/tools/bin/../lib/gcc/arm-none-eabi/14.3.1/../../../../arm-none-eabi/lib/thumb/v7e-m+fp/hard/libc_nano.a(libc_a-reent.o)
                              /opt/st/stm32cubeide_2.1.0/plugins/com.st.stm32cube.ide.mcu.externaltools.gnu-tools-for-stm32.14.3.rel1.linux64_1.0.100.202602081740/tools/bin/../lib/gcc/arm-none-eabi/14.3.1/../../../../arm-none-eabi/lib/thumb/v7e-m+fp/hard/libc_nano.a(libc_a-closer.o) (errno)
/opt/st/stm32cubeide_2.1.0/plugins/com.st.stm32cube.ide.mcu.externaltools.gnu-tools-for-stm32.14.3.rel1.linux64_1.0.100.202602081740/tools/bin/../lib/gcc/arm-none-eabi/14.3.1/../../../../arm-none-eabi/lib/thumb/v7e-m+fp/hard/libc_nano.a(libc_a-impure.o)
                              /opt/st/stm32cubeide_2.1.0/plugins/com.st.stm32cube.ide.mcu.externaltools.gnu-tools-for-stm32.14.3.rel1.linux64_1.0.100.202602081740/tools/bin/../lib/gcc/arm-none-eabi/14.3.1/../../../../arm-none-eabi/lib/thumb/v7e-m+fp/hard/libc_nano.a(libc_a-reent.o) (_impure_ptr)
/opt/st/stm32cubeide_2.1.0/plugins/com.st.stm32cube.ide.mcu.externaltools.gnu-tools-for-stm32.14.3.rel1.linux64_1.0.100.202602081740/tools/bin/../lib/gcc/arm-none-eabi/14.3.1/../../../../arm-none-eabi/lib/thumb/v7e-m+fp/hard/libc_nano.a(libc_a-lseekr.o)
                              /opt/st/stm32cubeide_2.1.0/plugins/com.st.stm32cube.ide.mcu.externaltools.gnu-tools-for-stm32.14.3.rel1.linux64_1.0.100.202602081740/tools/bin/../lib/gcc/arm-none-eabi/14.3.1/../../../../arm-none-eabi/lib/thumb/v7e-m+fp/hard/libc_nano.a(libc_a-stdio.o) (_lseek_r)
[...]
Memory Configuration

Name             Origin             Length             Attributes
RAM              0x20000000         0x00020000         xrw
FLASH            0x08000000         0x00080000         xr
*default*        0x00000000         0xffffffff

Linker script and memory map

LOAD /opt/st/stm32cubeide_2.1.0/plugins/com.st.stm32cube.ide.mcu.externaltools.gnu-tools-for-stm32.14.3.rel1.linux64_1.0.100.202602081740/tools/bin/../lib/gcc/arm-none-eabi/14.3.1/thumb/v7e-m+fp/hard/crti.o
LOAD /opt/st/stm32cubeide_2.1.0/plugins/com.st.stm32cube.ide.mcu.externaltools.gnu-tools-for-stm32.14.3.rel1.linux64_1.0.100.202602081740/tools/bin/../lib/gcc/arm-none-eabi/14.3.1/thumb/v7e-m+fp/hard/crtbegin.o
LOAD /opt/st/stm32cubeide_2.1.0/plugins/com.st.stm32cube.ide.mcu.externaltools.gnu-tools-for-stm32.14.3.rel1.linux64_1.0.100.202602081740/tools/bin/../lib/gcc/arm-none-eabi/14.3.1/../../../../arm-none-eabi/lib/thumb/v7e-m+fp/hard/crt0.o
LOAD ./Core/Src/euler.o
LOAD ./Core/Src/main.o
LOAD ./Core/Src/sensors.o
LOAD ./Core/Src/sh2.o
LOAD ./Core/Src/sh2_SensorValue.o
LOAD ./Core/Src/sh2_util.o
LOAD ./Core/Src/shtp.o
LOAD ./Core/Src/stm32f4xx_hal_msp.o
LOAD ./Core/Src/stm32f4xx_it.o
LOAD ./Core/Src/sx1278.o
LOAD ./Core/Src/syscalls.o
LOAD ./Core/Src/sysmem.o
LOAD ./Core/Src/system_stm32f4xx.o
LOAD ./Core/Src/telemetry.o
LOAD ./Core/Startup/startup_stm32f411ceux.o
LOAD ./Drivers/STM32F4xx_HAL_Driver/Src/stm32f4xx_hal.o
LOAD ./Drivers/STM32F4xx_HAL_Driver/Src/stm32f4xx_hal_cortex.o
LOAD ./Drivers/STM32F4xx_HAL_Driver/Src/stm32f4xx_hal_dma.o
LOAD ./Drivers/STM32F4xx_HAL_Driver/Src/stm32f4xx_hal_dma_ex.o
LOAD ./Drivers/STM32F4xx_HAL_Driver/Src/stm32f4xx_hal_exti.o
LOAD ./Drivers/STM32F4xx_HAL_Driver/Src/stm32f4xx_hal_flash.o
LOAD ./Drivers/STM32F4xx_HAL_Driver/Src/stm32f4xx_hal_flash_ex.o
LOAD ./Drivers/STM32F4xx_HAL_Driver/Src/stm32f4xx_hal_flash_ramfunc.o
LOAD ./Drivers/STM32F4xx_HAL_Driver/Src/stm32f4xx_hal_gpio.o
LOAD ./Drivers/STM32F4xx_HAL_Driver/Src/stm32f4xx_hal_i2c.o
LOAD ./Drivers/STM32F4xx_HAL_Driver/Src/stm32f4xx_hal_i2c_ex.o
LOAD ./Drivers/STM32F4xx_HAL_Driver/Src/stm32f4xx_hal_pwr.o
LOAD ./Drivers/STM32F4xx_HAL_Driver/Src/stm32f4xx_hal_pwr_ex.o
LOAD ./Drivers/STM32F4xx_HAL_Driver/Src/stm32f4xx_hal_rcc.o
LOAD ./Drivers/STM32F4xx_HAL_Driver/Src/stm32f4xx_hal_rcc_ex.o
LOAD ./Drivers/STM32F4xx_HAL_Driver/Src/stm32f4xx_hal_spi.o
START GROUP
LOAD /opt/st/stm32cubeide_2.1.0/plugins/com.st.stm32cube.ide.mcu.externaltools.gnu-tools-for-stm32.14.3.rel1.linux64_1.0.100.202602081740/tools/bin/../lib/gcc/arm-none-eabi/14.3.1/../../../../arm-none-eabi/lib/thumb/v7e-m+fp/hard/libc_nano.a
LOAD /opt/st/stm32cubeide_2.1.0/plugins/com.st.stm32cube.ide.mcu.externaltools.gnu-tools-for-stm32.14.3.rel1.linux64_1.0.100.202602081740/tools/bin/../lib/gcc/arm-none-eabi/14.3.1/../../../../arm-none-eabi/lib/thumb/v7e-m+fp/hard/libm.a
END GROUP
START GROUP
LOAD /opt/st/stm32cubeide_2.1.0/plugins/com.st.stm32cube.ide.mcu.externaltools.gnu-tools-for-stm32.14.3.rel1.linux64_1.0.100.202602081740/tools/bin/../lib/gcc/arm-none-eabi/14.3.1/thumb/v7e-m+fp/hard/libgcc.a
LOAD /opt/st/stm32cubeide_2.1.0/plugins/com.st.stm32cube.ide.mcu.externaltools.gnu-tools-for-stm32.14.3.rel1.linux64_1.0.100.202602081740/tools/bin/../lib/gcc/arm-none-eabi/14.3.1/../../../../arm-none-eabi/lib/thumb/v7e-m+fp/hard/libc_nano.a
END GROUP
START GROUP
LOAD /opt/st/stm32cubeide_2.1.0/plugins/com.st.stm32cube.ide.mcu.externaltools.gnu-tools-for-stm32.14.3.rel1.linux64_1.0.100.202602081740/tools/bin/../lib/gcc/arm-none-eabi/14.3.1/thumb/v7e-m+fp/hard/libgcc.a
LOAD /opt/st/stm32cubeide_2.1.0/plugins/com.st.stm32cube.ide.mcu.externaltools.gnu-tools-for-stm32.14.3.rel1.linux64_1.0.100.202602081740/tools/bin/../lib/gcc/arm-none-eabi/14.3.1/../../../../arm-none-eabi/lib/thumb/v7e-m+fp/hard/libc_nano.a
LOAD /opt/st/stm32cubeide_2.1.0/plugins/com.st.stm32cube.ide.mcu.externaltools.gnu-tools-for-stm32.14.3.rel1.linux64_1.0.100.202602081740/tools/bin/../lib/gcc/arm-none-eabi/14.3.1/../../../../arm-none-eabi/lib/thumb/v7e-m+fp/hard/libnosys.a
END GROUP
START GROUP
LOAD /opt/st/stm32cubeide_2.1.0/plugins/com.st.stm32cube.ide.mcu.externaltools.gnu-tools-for-stm32.14.3.rel1.linux64_1.0.100.202602081740/tools/bin/../lib/gcc/arm-none-eabi/14.3.1/thumb/v7e-m+fp/hard/libgcc.a
LOAD /opt/st/stm32cubeide_2.1.0/plugins/com.st.stm32cube.ide.mcu.externaltools.gnu-tools-for-stm32.14.3.rel1.linux64_1.0.100.202602081740/tools/bin/../lib/gcc/arm-none-eabi/14.3.1/../../../../arm-none-eabi/lib/thumb/v7e-m+fp/hard/libc_nano.a
LOAD /opt/st/stm32cubeide_2.1.0/plugins/com.st.stm32cube.ide.mcu.externaltools.gnu-tools-for-stm32.14.3.rel1.linux64_1.0.100.202602081740/tools/bin/../lib/gcc/arm-none-eabi/14.3.1/../../../../arm-none-eabi/lib/thumb/v7e-m+fp/hard/libnosys.a
END GROUP
LOAD /opt/st/stm32cubeide_2.1.0/plugins/com.st.stm32cube.ide.mcu.externaltools.gnu-tools-for-stm32.14.3.rel1.linux64_1.0.100.202602081740/tools/bin/../lib/gcc/arm-none-eabi/14.3.1/thumb/v7e-m+fp/hard/crtend.o
LOAD /opt/st/stm32cubeide_2.1.0/plugins/com.st.stm32cube.ide.mcu.externaltools.gnu-tools-for-stm32.14.3.rel1.linux64_1.0.100.202602081740/tools/bin/../lib/gcc/arm-none-eabi/14.3.1/thumb/v7e-m+fp/hard/crtn.o
                0x20020000                        _estack = (ORIGIN (RAM) + LENGTH (RAM))
                0x00000200                        _Min_Heap_Size = 0x200
                0x00000400                        _Min_Stack_Size = 0x400

.isr_vector     0x08000000      0x198
                0x08000000                        . = ALIGN (0x4)
 *(.isr_vector)
 .isr_vector    0x08000000      0x198 ./Core/Startup/startup_stm32f411ceux.o
                0x08000000                g_pfnVectors
                0x08000198                        . = ALIGN (0x4)

.text           0x08000198     0x8d7c
                0x08000198                        . = ALIGN (0x4)
 *(.text)
 .text          0x08000198       0x40 /opt/st/stm32cubeide_2.1.0/plugins/com.st.stm32cube.ide.mcu.externaltools.gnu-tools-for-stm32.14.3.rel1.linux64_1.0.100.202602081740/tools/bin/../lib/gcc/arm-none-eabi/14.3.1/thumb/v7e-m+fp/hard/crtbegin.o
 .text          0x080001d8       0xa0 /opt/st/stm32cubeide_2.1.0/plugins/com.st.stm32cube.ide.mcu.externaltools.gnu-tools-for-stm32.14.3.rel1.linux64_1.0.100.202602081740/tools/bin/../lib/gcc/arm-none-eabi/14.3.1/thumb/v7e-m+fp/hard/libgcc.a(_aeabi_ldivmod.o)
                0x080001d8                __aeabi_ldivmod
 .text          0x08000278       0x30 /opt/st/stm32cubeide_2.1.0/plugins/com.st.stm32cube.ide.mcu.externaltools.gnu-tools-for-stm32.14.3.rel1.linux64_1.0.100.202602081740/tools/bin/../lib/gcc/arm-none-eabi/14.3.1/thumb/v7e-m+fp/hard/libgcc.a(_aeabi_uldivmod.o)
                0x08000278                __aeabi_uldivmod
 .text          0x080002a8      0x2f8 /opt/st/stm32cubeide_2.1.0/plugins/com.st.stm32cube.ide.mcu.externaltools.gnu-tools-for-stm32.14.3.rel1.linux64_1.0.100.202602081740/tools/bin/../lib/gcc/arm-none-eabi/14.3.1/thumb/v7e-m+fp/hard/libgcc.a(_udivmoddi4.o)
                0x080002a8                __udivmoddi4
 .text          0x080005a0        0x4 /opt/st/stm32cubeide_2.1.0/plugins/com.st.stm32cube.ide.mcu.externaltools.gnu-tools-for-stm32.14.3.rel1.linux64_1.0.100.202602081740/tools/bin/../lib/gcc/arm-none-eabi/14.3.1/thumb/v7e-m+fp/hard/libgcc.a(_dvmd_tls.o)
                0x080005a0                __aeabi_ldiv0
                0x080005a0                __aeabi_idiv0
 *(.text*)
 .text.main     0x080005a4       0xac ./Core/Src/main.o
                0x080005a4                main
 .text.SystemClock_Config
                0x08000650       0xbc ./Core/Src/main.o
                0x08000650                SystemClock_Config
 .text.MX_I2C1_Init
                0x0800070c       0x5c ./Core/Src/main.o
 .text.MX_SPI1_Init
                0x08000768       0x6c ./Core/Src/main.o
 .text.MX_GPIO_Init
                0x080007d4      0x108 ./Core/Src/main.o
 .text.HAL_GPIO_EXTI_Callback
                0x080008dc       0x28 ./Core/Src/main.o
                0x080008dc                HAL_GPIO_EXTI_Callback
 .text.Error_Handler
                0x08000904        0xc ./Core/Src/main.o
                0x08000904                Error_Handler
 .text.event_handler
                0x08000910       0x74 ./Core/Src/sensors.o
 .text.compensate_T
                0x08000984       0x84 ./Core/Src/sensors.o
 .text.compensate_P
                0x08000a08      0x57c ./Core/Src/sensors.o
 .text.sensors_init
                0x08000f84      0x1d8 ./Core/Src/sensors.o
                0x08000f84                sensors_init
 .text.sensors_service
                0x0800115c       0xf0 ./Core/Src/sensors.o
                0x0800115c                sensors_service
 .text.read_sensors
                0x0800124c       0xb0 ./Core/Src/sensors.o
                0x0800124c                read_sensors
 .text.opStart  0x080012fc       0x4a ./Core/Src/sh2.o
 .text.opRx     0x08001346       0x36 ./Core/Src/sh2.o
 .text.opCompleted
                0x0800137c       0x24 ./Core/Src/sh2.o
 .text.opOnReset
                0x080013a0       0x38 ./Core/Src/sh2.o
 .text.getReportLen
                0x080013d8       0x48 ./Core/Src/sh2.o
 .text.sensorhubControlHdlr
                0x08001420      0x15c ./Core/Src/sh2.o
 .text.opProcess
                0x0800157c       0xa8 ./Core/Src/sh2.o
 .text.touSTimestamp
                0x08001624       0x88 ./Core/Src/sh2.o
 .text.sensorhubInputHdlr
                0x080016ac      0x160 ./Core/Src/sh2.o
 .text.sensorhubInputNormalHdlr
                0x0800180c       0x28 ./Core/Src/sh2.o
 .text.sensorhubInputWakeHdlr
                0x08001834       0x28 ./Core/Src/sh2.o
 .text.sensorhubInputGyroRvHdlr
                0x0800185c       0xa2 ./Core/Src/sh2.o
 *fill*         0x080018fe        0x2 
 .text.executableDeviceHdlr
                0x08001900       0x78 ./Core/Src/sh2.o
 .text.sendCtrl
                0x08001978       0x26 ./Core/Src/sh2.o
 .text.setSensorConfigStart
                0x0800199e       0xda ./Core/Src/sh2.o
 .text.shtpEventCallback
                0x08001a78       0x44 ./Core/Src/sh2.o
 .text.sh2_open
                0x08001abc      0x134 ./Core/Src/sh2.o
                0x08001abc                sh2_open
 .text.sh2_service
                0x08001bf0       0x28 ./Core/Src/sh2.o
                0x08001bf0                sh2_service
 .text.sh2_setSensorConfig
                0x08001c18       0x54 ./Core/Src/sh2.o
                0x08001c18                sh2_setSensorConfig
 .text.sh2_decodeSensorEvent
                0x08001c6c      0x318 ./Core/Src/sh2_SensorValue.o
                0x08001c6c                sh2_decodeSensorEvent
 .text.decodeRawAccelerometer
                0x08001f84       0x5c ./Core/Src/sh2_SensorValue.o
 .text.decodeAccelerometer
                0x08001fe0       0x80 ./Core/Src/sh2_SensorValue.o
 .text.decodeLinearAcceleration
                0x08002060       0x80 ./Core/Src/sh2_SensorValue.o
 .text.decodeGravity
                0x080020e0       0x80 ./Core/Src/sh2_SensorValue.o
 .text.decodeRawGyroscope
                0x08002160       0x6e ./Core/Src/sh2_SensorValue.o
 *fill*         0x080021ce        0x2 
 .text.decodeGyroscopeCalibrated
                0x080021d0       0x80 ./Core/Src/sh2_SensorValue.o
 .text.decodeGyroscopeUncal
                0x08002250       0xe4 ./Core/Src/sh2_SensorValue.o
 .text.decodeRawMagnetometer
                0x08002334       0x5c ./Core/Src/sh2_SensorValue.o
 .text.decodeMagneticFieldCalibrated
                0x08002390       0x80 ./Core/Src/sh2_SensorValue.o
 .text.decodeMagneticFieldUncal
                0x08002410       0xe4 ./Core/Src/sh2_SensorValue.o
 .text.decodeRotationVector
                0x080024f4       0xc8 ./Core/Src/sh2_SensorValue.o
 .text.decodeGameRotationVector
                0x080025bc       0xa0 ./Core/Src/sh2_SensorValue.o
 .text.decodeGeomagneticRotationVector
                0x0800265c       0xc8 ./Core/Src/sh2_SensorValue.o
 .text.decodePressure
                0x08002724       0x38 ./Core/Src/sh2_SensorValue.o
 .text.decodeAmbientLight
                0x0800275c       0x38 ./Core/Src/sh2_SensorValue.o
 .text.decodeHumidity
                0x08002794       0x3c ./Core/Src/sh2_SensorValue.o
 .text.decodeProximity
                0x080027d0       0x3c ./Core/Src/sh2_SensorValue.o
 .text.decodeTemperature
                0x0800280c       0x3c ./Core/Src/sh2_SensorValue.o
 .text.decodeReserved
                0x08002848       0x3c ./Core/Src/sh2_SensorValue.o
 .text.decodeTapDetector
                0x08002884       0x20 ./Core/Src/sh2_SensorValue.o
 .text.decodeStepDetector
                0x080028a4       0x24 ./Core/Src/sh2_SensorValue.o
 .text.decodeStepCounter
                0x080028c8       0x36 ./Core/Src/sh2_SensorValue.o
 .text.decodeSignificantMotion
                0x080028fe       0x26 ./Core/Src/sh2_SensorValue.o
 .text.decodeStabilityClassifier
                0x08002924       0x20 ./Core/Src/sh2_SensorValue.o
 .text.decodeShakeDetector
                0x08002944       0x26 ./Core/Src/sh2_SensorValue.o
 .text.decodeFlipDetector
                0x0800296a       0x26 ./Core/Src/sh2_SensorValue.o
 .text.decodePickupDetector
                0x08002990       0x26 ./Core/Src/sh2_SensorValue.o
 .text.decodeStabilityDetector
                0x080029b6       0x26 ./Core/Src/sh2_SensorValue.o
 .text.decodePersonalActivityClassifier
                0x080029dc       0x66 ./Core/Src/sh2_SensorValue.o
 .text.decodeSleepDetector
                0x08002a42       0x20 ./Core/Src/sh2_SensorValue.o
 .text.decodeTiltDetector
                0x08002a62       0x26 ./Core/Src/sh2_SensorValue.o
 .text.decodePocketDetector
                0x08002a88       0x26 ./Core/Src/sh2_SensorValue.o
 .text.decodeCircleDetector
                0x08002aae       0x26 ./Core/Src/sh2_SensorValue.o
 .text.decodeHeartRateMonitor
                0x08002ad4       0x26 ./Core/Src/sh2_SensorValue.o
 *fill*         0x08002afa        0x2 
 .text.decodeArvrStabilizedRV
                0x08002afc       0xc8 ./Core/Src/sh2_SensorValue.o
 .text.decodeArvrStabilizedGRV
                0x08002bc4       0xa0 ./Core/Src/sh2_SensorValue.o
 .text.decodeGyroIntegratedRV
                0x08002c64      0x10c ./Core/Src/sh2_SensorValue.o
 .text.decodeIZroRequest
                0x08002d70       0x28 ./Core/Src/sh2_SensorValue.o
 .text.decodeRawOptFlow
                0x08002d98       0xfa ./Core/Src/sh2_SensorValue.o
 *fill*         0x08002e92        0x2 
 .text.decodeDeadReckoningPose
                0x08002e94      0x1d4 ./Core/Src/sh2_SensorValue.o
 .text.decodeWheelEncoder
                0x08003068       0x5c ./Core/Src/sh2_SensorValue.o
 .text.readu16  0x080030c4       0x2e ./Core/Src/sh2_util.o
                0x080030c4                readu16
 .text.readu32  0x080030f2       0x3c ./Core/Src/sh2_util.o
                0x080030f2                readu32
 .text.read8    0x0800312e       0x1e ./Core/Src/sh2_util.o
                0x0800312e                read8
 .text.read16   0x0800314c       0x2e ./Core/Src/sh2_util.o
                0x0800314c                read16
 .text.read32   0x0800317a       0x3c ./Core/Src/sh2_util.o
                0x0800317a                read32
 *fill*         0x080031b6        0x2 
 .text.shtp_init
                0x080031b8       0x44 ./Core/Src/shtp.o
 .text.getInstance
                0x080031fc       0x50 ./Core/Src/shtp.o
 .text.min_u16  0x0800324c       0x2a ./Core/Src/shtp.o
 .text.txProcess
                0x08003276      0x12a ./Core/Src/shtp.o
 .text.rxAssemble
                0x080033a0      0x2bc ./Core/Src/shtp.o
 .text.shtp_open
                0x0800365c       0x68 ./Core/Src/shtp.o
                0x0800365c                shtp_open
 .text.shtp_setEventCallback
                0x080036c4       0x28 ./Core/Src/shtp.o
                0x080036c4                shtp_setEventCallback
 .text.shtp_listenChan
                0x080036ec       0x60 ./Core/Src/shtp.o
                0x080036ec                shtp_listenChan
 .text.shtp_send
                0x0800374c       0x62 ./Core/Src/shtp.o
                0x0800374c                shtp_send
 .text.shtp_service
                0x080037ae       0x4c ./Core/Src/shtp.o
                0x080037ae                shtp_service
 *fill*         0x080037fa        0x2 
 .text.HAL_MspInit
                0x080037fc       0x50 ./Core/Src/stm32f4xx_hal_msp.o
                0x080037fc                HAL_MspInit
 .text.HAL_I2C_MspInit
                0x0800384c       0xb0 ./Core/Src/stm32f4xx_hal_msp.o
                0x0800384c                HAL_I2C_MspInit
 .text.HAL_SPI_MspInit
                0x080038fc       0xa0 ./Core/Src/stm32f4xx_hal_msp.o
                0x080038fc                HAL_SPI_MspInit
 .text.NMI_Handler
                0x0800399c        0x8 ./Core/Src/stm32f4xx_it.o
                0x0800399c                NMI_Handler
 .text.HardFault_Handler
                0x080039a4        0x8 ./Core/Src/stm32f4xx_it.o
                0x080039a4                HardFault_Handler
 .text.MemManage_Handler
                0x080039ac        0x8 ./Core/Src/stm32f4xx_it.o
                0x080039ac                MemManage_Handler
 .text.BusFault_Handler
                0x080039b4        0x8 ./Core/Src/stm32f4xx_it.o
                0x080039b4                BusFault_Handler
 .text.UsageFault_Handler
                0x080039bc        0x8 ./Core/Src/stm32f4xx_it.o
                0x080039bc                UsageFault_Handler
 .text.SVC_Handler
                0x080039c4        0xe ./Core/Src/stm32f4xx_it.o
                0x080039c4                SVC_Handler
 .text.DebugMon_Handler
                0x080039d2        0xe ./Core/Src/stm32f4xx_it.o
                0x080039d2                DebugMon_Handler
 .text.PendSV_Handler
                0x080039e0        0xe ./Core/Src/stm32f4xx_it.o
                0x080039e0                PendSV_Handler
 .text.SysTick_Handler
                0x080039ee        0xc ./Core/Src/stm32f4xx_it.o
                0x080039ee                SysTick_Handler
 .text.EXTI1_IRQHandler
                0x080039fa        0xe ./Core/Src/stm32f4xx_it.o
                0x080039fa                EXTI1_IRQHandler
 .text.EXTI9_5_IRQHandler
                0x08003a08       0x10 ./Core/Src/stm32f4xx_it.o
                0x08003a08                EXTI9_5_IRQHandler
 .text.I2C1_EV_IRQHandler
                0x08003a18       0x14 ./Core/Src/stm32f4xx_it.o
                0x08003a18                I2C1_EV_IRQHandler
 .text.I2C1_ER_IRQHandler
                0x08003a2c       0x14 ./Core/Src/stm32f4xx_it.o
                0x08003a2c                I2C1_ER_IRQHandler
 .text.SPI1_IRQHandler
                0x08003a40       0x14 ./Core/Src/stm32f4xx_it.o
                0x08003a40                SPI1_IRQHandler
 .text.sx1278_write
                0x08003a54       0x54 ./Core/Src/sx1278.o
 .text.sx1278_init
                0x08003aa8       0x7c ./Core/Src/sx1278.o
                0x08003aa8                sx1278_init
 .text.sx1278_transmit_it
                0x08003b24       0x58 ./Core/Src/sx1278.o
                0x08003b24                sx1278_transmit_it
 .text.sx1278_clear_irq
                0x08003b7c       0x10 ./Core/Src/sx1278.o
                0x08003b7c                sx1278_clear_irq
 .text.sx1278_read_reg
                0x08003b8c       0x60 ./Core/Src/sx1278.o
                0x08003b8c                sx1278_read_reg
 .text.SystemInit
                0x08003bec       0x24 ./Core/Src/system_stm32f4xx.o
                0x08003bec                SystemInit
 .text.calculate_checksum
                0x08003c10       0x40 ./Core/Src/telemetry.o
 .text.telemetry_build
                0x08003c50       0x4c ./Core/Src/telemetry.o
                0x08003c50                telemetry_build
 .text.telemetry_update_imu
                0x08003c9c       0xd8 ./Core/Src/telemetry.o
                0x08003c9c                telemetry_update_imu
 .text.Reset_Handler
                0x08003d74       0x50 ./Core/Startup/startup_stm32f411ceux.o
                0x08003d74                Reset_Handler
 .text.Default_Handler
                0x08003dc4        0x2 ./Core/Startup/startup_stm32f411ceux.o
                0x08003dc4                RTC_Alarm_IRQHandler
                0x08003dc4                EXTI2_IRQHandler
                0x08003dc4                SPI4_IRQHandler
                0x08003dc4                TIM1_CC_IRQHandler
                0x08003dc4                DMA2_Stream5_IRQHandler
                0x08003dc4                DMA1_Stream5_IRQHandler
                0x08003dc4                PVD_IRQHandler
                0x08003dc4                SDIO_IRQHandler
                0x08003dc4                TAMP_STAMP_IRQHandler
                0x08003dc4                EXTI3_IRQHandler
                0x08003dc4                TIM1_UP_TIM10_IRQHandler
                0x08003dc4                I2C3_ER_IRQHandler
                0x08003dc4                EXTI0_IRQHandler
                0x08003dc4                I2C2_EV_IRQHandler
                0x08003dc4                DMA1_Stream2_IRQHandler
                0x08003dc4                FPU_IRQHandler
                0x08003dc4                DMA2_Stream2_IRQHandler
                0x08003dc4                TIM1_BRK_TIM9_IRQHandler
                0x08003dc4                DMA2_Stream3_IRQHandler
                0x08003dc4                USART6_IRQHandler
                0x08003dc4                DMA2_Stream0_IRQHandler
                0x08003dc4                TIM4_IRQHandler
                0x08003dc4                DMA1_Stream6_IRQHandler
                0x08003dc4                DMA1_Stream1_IRQHandler
                0x08003dc4                TIM3_IRQHandler
                0x08003dc4                RCC_IRQHandler
                0x08003dc4                Default_Handler
                0x08003dc4                EXTI15_10_IRQHandler
                0x08003dc4                ADC_IRQHandler
                0x08003dc4                DMA1_Stream7_IRQHandler
                0x08003dc4                SPI5_IRQHandler
                0x08003dc4                TIM5_IRQHandler
                0x08003dc4                DMA2_Stream7_IRQHandler
                0x08003dc4                I2C3_EV_IRQHandler
                0x08003dc4                RTC_WKUP_IRQHandler
                0x08003dc4                SPI2_IRQHandler
                0x08003dc4                DMA1_Stream0_IRQHandler
                0x08003dc4                EXTI4_IRQHandler
                0x08003dc4                WWDG_IRQHandler
                0x08003dc4                TIM2_IRQHandler
                0x08003dc4                OTG_FS_WKUP_IRQHandler
                0x08003dc4                TIM1_TRG_COM_TIM11_IRQHandler
                0x08003dc4                USART2_IRQHandler
                0x08003dc4                I2C2_ER_IRQHandler
                0x08003dc4                DMA2_Stream1_IRQHandler
                0x08003dc4                FLASH_IRQHandler
                0x08003dc4                DMA2_Stream4_IRQHandler
                0x08003dc4                USART1_IRQHandler
                0x08003dc4                OTG_FS_IRQHandler
                0x08003dc4                SPI3_IRQHandler
                0x08003dc4                DMA1_Stream4_IRQHandler
                0x08003dc4                DMA2_Stream6_IRQHandler
                0x08003dc4                DMA1_Stream3_IRQHandler
 *fill*         0x08003dc6        0x2 
 .text.HAL_Init
                0x08003dc8       0x44 ./Drivers/STM32F4xx_HAL_Driver/Src/stm32f4xx_hal.o
                0x08003dc8                HAL_Init
 .text.HAL_InitTick
                0x08003e0c       0x60 ./Drivers/STM32F4xx_HAL_Driver/Src/stm32f4xx_hal.o
                0x08003e0c                HAL_InitTick
 .text.HAL_IncTick
                0x08003e6c       0x28 ./Drivers/STM32F4xx_HAL_Driver/Src/stm32f4xx_hal.o
                0x08003e6c                HAL_IncTick
 .text.HAL_GetTick
                0x08003e94       0x18 ./Drivers/STM32F4xx_HAL_Driver/Src/stm32f4xx_hal.o
                0x08003e94                HAL_GetTick
 .text.HAL_Delay
                0x08003eac       0x48 ./Drivers/STM32F4xx_HAL_Driver/Src/stm32f4xx_hal.o
                0x08003eac                HAL_Delay
 .text.__NVIC_SetPriorityGrouping
                0x08003ef4       0x48 ./Drivers/STM32F4xx_HAL_Driver/Src/stm32f4xx_hal_cortex.o
 .text.__NVIC_GetPriorityGrouping
                0x08003f3c       0x1c ./Drivers/STM32F4xx_HAL_Driver/Src/stm32f4xx_hal_cortex.o
 .text.__NVIC_EnableIRQ
                0x08003f58       0x3c ./Drivers/STM32F4xx_HAL_Driver/Src/stm32f4xx_hal_cortex.o
 .text.__NVIC_SetPriority
                0x08003f94       0x54 ./Drivers/STM32F4xx_HAL_Driver/Src/stm32f4xx_hal_cortex.o
 .text.NVIC_EncodePriority
                0x08003fe8       0x66 ./Drivers/STM32F4xx_HAL_Driver/Src/stm32f4xx_hal_cortex.o
 *fill*         0x0800404e        0x2 
 .text.SysTick_Config
                0x08004050       0x44 ./Drivers/STM32F4xx_HAL_Driver/Src/stm32f4xx_hal_cortex.o
 .text.HAL_NVIC_SetPriorityGrouping
                0x08004094       0x16 ./Drivers/STM32F4xx_HAL_Driver/Src/stm32f4xx_hal_cortex.o
                0x08004094                HAL_NVIC_SetPriorityGrouping
 .text.HAL_NVIC_SetPriority
                0x080040aa       0x38 ./Drivers/STM32F4xx_HAL_Driver/Src/stm32f4xx_hal_cortex.o
                0x080040aa                HAL_NVIC_SetPriority
 .text.HAL_NVIC_EnableIRQ
                0x080040e2       0x1c ./Drivers/STM32F4xx_HAL_Driver/Src/stm32f4xx_hal_cortex.o
                0x080040e2                HAL_NVIC_EnableIRQ
 .text.HAL_SYSTICK_Config
                0x080040fe       0x18 ./Drivers/STM32F4xx_HAL_Driver/Src/stm32f4xx_hal_cortex.o
                0x080040fe                HAL_SYSTICK_Config
 .text.HAL_DMA_Abort_IT
                0x08004116       0x44 ./Drivers/STM32F4xx_HAL_Driver/Src/stm32f4xx_hal_dma.o
                0x08004116                HAL_DMA_Abort_IT
 .text.HAL_DMA_GetState
                0x0800415a       0x1c ./Drivers/STM32F4xx_HAL_Driver/Src/stm32f4xx_hal_dma.o
                0x0800415a                HAL_DMA_GetState
 *fill*         0x08004176        0x2 
 .text.HAL_GPIO_Init
                0x08004178      0x308 ./Drivers/STM32F4xx_HAL_Driver/Src/stm32f4xx_hal_gpio.o
                0x08004178                HAL_GPIO_Init
 .text.HAL_GPIO_WritePin
                0x08004480       0x32 ./Drivers/STM32F4xx_HAL_Driver/Src/stm32f4xx_hal_gpio.o
                0x08004480                HAL_GPIO_WritePin
 *fill*         0x080044b2        0x2 
 .text.HAL_GPIO_EXTI_IRQHandler
                0x080044b4       0x30 ./Drivers/STM32F4xx_HAL_Driver/Src/stm32f4xx_hal_gpio.o
                0x080044b4                HAL_GPIO_EXTI_IRQHandler
 .text.HAL_I2C_Init
                0x080044e4      0x288 ./Drivers/STM32F4xx_HAL_Driver/Src/stm32f4xx_hal_i2c.o
                0x080044e4                HAL_I2C_Init
 .text.I2C_Flush_DR
                0x0800476c       0x2a ./Drivers/STM32F4xx_HAL_Driver/Src/stm32f4xx_hal_i2c.o
 *fill*         0x08004796        0x2 
 .text.HAL_I2C_Mem_Write
                0x08004798      0x1f4 ./Drivers/STM32F4xx_HAL_Driver/Src/stm32f4xx_hal_i2c.o
                0x08004798                HAL_I2C_Mem_Write
 .text.HAL_I2C_Mem_Read
                0x0800498c      0x464 ./Drivers/STM32F4xx_HAL_Driver/Src/stm32f4xx_hal_i2c.o
                0x0800498c                HAL_I2C_Mem_Read
 .text.HAL_I2C_EV_IRQHandler
                0x08004df0      0x2e2 ./Drivers/STM32F4xx_HAL_Driver/Src/stm32f4xx_hal_i2c.o
                0x08004df0                HAL_I2C_EV_IRQHandler
 .text.HAL_I2C_ER_IRQHandler
                0x080050d2      0x14e ./Drivers/STM32F4xx_HAL_Driver/Src/stm32f4xx_hal_i2c.o
                0x080050d2                HAL_I2C_ER_IRQHandler
 .text.HAL_I2C_MasterTxCpltCallback
                0x08005220       0x14 ./Drivers/STM32F4xx_HAL_Driver/Src/stm32f4xx_hal_i2c.o
                0x08005220                HAL_I2C_MasterTxCpltCallback
 .text.HAL_I2C_MasterRxCpltCallback
                0x08005234       0x14 ./Drivers/STM32F4xx_HAL_Driver/Src/stm32f4xx_hal_i2c.o
                0x08005234                HAL_I2C_MasterRxCpltCallback
 .text.HAL_I2C_SlaveTxCpltCallback
                0x08005248       0x14 ./Drivers/STM32F4xx_HAL_Driver/Src/stm32f4xx_hal_i2c.o
                0x08005248                HAL_I2C_SlaveTxCpltCallback
 .text.HAL_I2C_SlaveRxCpltCallback
                0x0800525c       0x14 ./Drivers/STM32F4xx_HAL_Driver/Src/stm32f4xx_hal_i2c.o
                0x0800525c                HAL_I2C_SlaveRxCpltCallback
 .text.HAL_I2C_AddrCallback
                0x08005270       0x1c ./Drivers/STM32F4xx_HAL_Driver/Src/stm32f4xx_hal_i2c.o
                0x08005270                HAL_I2C_AddrCallback
 .text.HAL_I2C_ListenCpltCallback
                0x0800528c       0x14 ./Drivers/STM32F4xx_HAL_Driver/Src/stm32f4xx_hal_i2c.o
                0x0800528c                HAL_I2C_ListenCpltCallback
 .text.HAL_I2C_MemTxCpltCallback
                0x080052a0       0x14 ./Drivers/STM32F4xx_HAL_Driver/Src/stm32f4xx_hal_i2c.o
                0x080052a0                HAL_I2C_MemTxCpltCallback
 .text.HAL_I2C_MemRxCpltCallback
                0x080052b4       0x14 ./Drivers/STM32F4xx_HAL_Driver/Src/stm32f4xx_hal_i2c.o
                0x080052b4                HAL_I2C_MemRxCpltCallback
 .text.HAL_I2C_ErrorCallback
                0x080052c8       0x14 ./Drivers/STM32F4xx_HAL_Driver/Src/stm32f4xx_hal_i2c.o
                0x080052c8                HAL_I2C_ErrorCallback
 .text.HAL_I2C_AbortCpltCallback
                0x080052dc       0x14 ./Drivers/STM32F4xx_HAL_Driver/Src/stm32f4xx_hal_i2c.o
                0x080052dc                HAL_I2C_AbortCpltCallback
 .text.I2C_MasterTransmit_TXE
                0x080052f0      0x138 ./Drivers/STM32F4xx_HAL_Driver/Src/stm32f4xx_hal_i2c.o
 .text.I2C_MasterTransmit_BTF
                0x08005428       0xec ./Drivers/STM32F4xx_HAL_Driver/Src/stm32f4xx_hal_i2c.o
 .text.I2C_MemoryTransmit_TXE_BTF
                0x08005514      0x130 ./Drivers/STM32F4xx_HAL_Driver/Src/stm32f4xx_hal_i2c.o
 .text.I2C_MasterReceive_RXNE
                0x08005644      0x190 ./Drivers/STM32F4xx_HAL_Driver/Src/stm32f4xx_hal_i2c.o
 .text.I2C_MasterReceive_BTF
                0x080057d4      0x1e2 ./Drivers/STM32F4xx_HAL_Driver/Src/stm32f4xx_hal_i2c.o
 .text.I2C_Master_SB
                0x080059b6      0x10c ./Drivers/STM32F4xx_HAL_Driver/Src/stm32f4xx_hal_i2c.o
 .text.I2C_Master_ADD10
                0x08005ac2       0x54 ./Drivers/STM32F4xx_HAL_Driver/Src/stm32f4xx_hal_i2c.o
 .text.I2C_Master_ADDR
                0x08005b16      0x322 ./Drivers/STM32F4xx_HAL_Driver/Src/stm32f4xx_hal_i2c.o
 .text.I2C_SlaveTransmit_TXE
                0x08005e38       0x7a ./Drivers/STM32F4xx_HAL_Driver/Src/stm32f4xx_hal_i2c.o
 .text.I2C_SlaveTransmit_BTF
                0x08005eb2       0x42 ./Drivers/STM32F4xx_HAL_Driver/Src/stm32f4xx_hal_i2c.o
 .text.I2C_SlaveReceive_RXNE
                0x08005ef4       0x7c ./Drivers/STM32F4xx_HAL_Driver/Src/stm32f4xx_hal_i2c.o
 .text.I2C_SlaveReceive_BTF
                0x08005f70       0x44 ./Drivers/STM32F4xx_HAL_Driver/Src/stm32f4xx_hal_i2c.o
 .text.I2C_Slave_ADDR
                0x08005fb4       0x94 ./Drivers/STM32F4xx_HAL_Driver/Src/stm32f4xx_hal_i2c.o
 .text.I2C_Slave_STOPF
                0x08006048      0x260 ./Drivers/STM32F4xx_HAL_Driver/Src/stm32f4xx_hal_i2c.o
 .text.I2C_Slave_AF
                0x080062a8       0xe8 ./Drivers/STM32F4xx_HAL_Driver/Src/stm32f4xx_hal_i2c.o
 .text.I2C_ITError
                0x08006390      0x264 ./Drivers/STM32F4xx_HAL_Driver/Src/stm32f4xx_hal_i2c.o
 .text.I2C_RequestMemoryWrite
                0x080065f4      0x12c ./Drivers/STM32F4xx_HAL_Driver/Src/stm32f4xx_hal_i2c.o
 .text.I2C_RequestMemoryRead
                0x08006720      0x1d0 ./Drivers/STM32F4xx_HAL_Driver/Src/stm32f4xx_hal_i2c.o
 .text.I2C_DMAAbort
                0x080068f0      0x150 ./Drivers/STM32F4xx_HAL_Driver/Src/stm32f4xx_hal_i2c.o
 .text.I2C_WaitOnFlagUntilTimeout
                0x08006a40       0xf4 ./Drivers/STM32F4xx_HAL_Driver/Src/stm32f4xx_hal_i2c.o
 .text.I2C_WaitOnMasterAddressFlagUntilTimeout
                0x08006b34      0x140 ./Drivers/STM32F4xx_HAL_Driver/Src/stm32f4xx_hal_i2c.o
 .text.I2C_WaitOnTXEFlagUntilTimeout
                0x08006c74       0x90 ./Drivers/STM32F4xx_HAL_Driver/Src/stm32f4xx_hal_i2c.o
 .text.I2C_WaitOnBTFFlagUntilTimeout
                0x08006d04       0x90 ./Drivers/STM32F4xx_HAL_Driver/Src/stm32f4xx_hal_i2c.o
 .text.I2C_WaitOnSTOPRequestThroughIT
                0x08006d94       0x64 ./Drivers/STM32F4xx_HAL_Driver/Src/stm32f4xx_hal_i2c.o
 .text.I2C_WaitOnRXNEFlagUntilTimeout
                0x08006df8       0xba ./Drivers/STM32F4xx_HAL_Driver/Src/stm32f4xx_hal_i2c.o
 .text.I2C_IsAcknowledgeFailed
                0x08006eb2       0x5e ./Drivers/STM32F4xx_HAL_Driver/Src/stm32f4xx_hal_i2c.o
 .text.I2C_ConvertOtherXferOptions
                0x08006f10       0x36 ./Drivers/STM32F4xx_HAL_Driver/Src/stm32f4xx_hal_i2c.o
 *fill*         0x08006f46        0x2 
 .text.HAL_RCC_OscConfig
                0x08006f48      0x4f0 ./Drivers/STM32F4xx_HAL_Driver/Src/stm32f4xx_hal_rcc.o
                0x08006f48                HAL_RCC_OscConfig
 .text.HAL_RCC_ClockConfig
                0x08007438      0x1cc ./Drivers/STM32F4xx_HAL_Driver/Src/stm32f4xx_hal_rcc.o
                0x08007438                HAL_RCC_ClockConfig
 .text.HAL_RCC_GetSysClockFreq
                0x08007604      0x188 ./Drivers/STM32F4xx_HAL_Driver/Src/stm32f4xx_hal_rcc.o
                0x08007604                HAL_RCC_GetSysClockFreq
 .text.HAL_RCC_GetHCLKFreq
                0x0800778c       0x18 ./Drivers/STM32F4xx_HAL_Driver/Src/stm32f4xx_hal_rcc.o
                0x0800778c                HAL_RCC_GetHCLKFreq
 .text.HAL_RCC_GetPCLK1Freq
                0x080077a4       0x28 ./Drivers/STM32F4xx_HAL_Driver/Src/stm32f4xx_hal_rcc.o
                0x080077a4                HAL_RCC_GetPCLK1Freq
 .text.HAL_SPI_Init
                0x080077cc      0x112 ./Drivers/STM32F4xx_HAL_Driver/Src/stm32f4xx_hal_spi.o
                0x080077cc                HAL_SPI_Init
 .text.HAL_SPI_Transmit
                0x080078de      0x288 ./Drivers/STM32F4xx_HAL_Driver/Src/stm32f4xx_hal_spi.o
                0x080078de                HAL_SPI_Transmit
 .text.HAL_SPI_Receive
                0x08007b66      0x232 ./Drivers/STM32F4xx_HAL_Driver/Src/stm32f4xx_hal_spi.o
                0x08007b66                HAL_SPI_Receive
 .text.HAL_SPI_TransmitReceive
                0x08007d98      0x352 ./Drivers/STM32F4xx_HAL_Driver/Src/stm32f4xx_hal_spi.o
                0x08007d98                HAL_SPI_TransmitReceive
 *fill*         0x080080ea        0x2 
 .text.HAL_SPI_IRQHandler
                0x080080ec      0x200 ./Drivers/STM32F4xx_HAL_Driver/Src/stm32f4xx_hal_spi.o
                0x080080ec                HAL_SPI_IRQHandler
 .text.HAL_SPI_ErrorCallback
                0x080082ec       0x14 ./Drivers/STM32F4xx_HAL_Driver/Src/stm32f4xx_hal_spi.o
                0x080082ec                HAL_SPI_ErrorCallback
 .text.SPI_DMAAbortOnError
                0x08008300       0x28 ./Drivers/STM32F4xx_HAL_Driver/Src/stm32f4xx_hal_spi.o
 .text.SPI_WaitFlagStateUntilTimeout
                0x08008328      0x110 ./Drivers/STM32F4xx_HAL_Driver/Src/stm32f4xx_hal_spi.o
 .text.SPI_EndRxTransaction
                0x08008438       0xca ./Drivers/STM32F4xx_HAL_Driver/Src/stm32f4xx_hal_spi.o
 *fill*         0x08008502        0x2 
 .text.SPI_EndRxTxTransaction
                0x08008504       0xa8 ./Drivers/STM32F4xx_HAL_Driver/Src/stm32f4xx_hal_spi.o
 .text.memset   0x080085ac       0x10 /opt/st/stm32cubeide_2.1.0/plugins/com.st.stm32cube.ide.mcu.externaltools.gnu-tools-for-stm32.14.3.rel1.linux64_1.0.100.202602081740/tools/bin/../lib/gcc/arm-none-eabi/14.3.1/../../../../arm-none-eabi/lib/thumb/v7e-m+fp/hard/libc_nano.a(libc_a-memset.o)
                0x080085ac                memset
 .text.__errno  0x080085bc        0xc /opt/st/stm32cubeide_2.1.0/plugins/com.st.stm32cube.ide.mcu.externaltools.gnu-tools-for-stm32.14.3.rel1.linux64_1.0.100.202602081740/tools/bin/../lib/gcc/arm-none-eabi/14.3.1/../../../../arm-none-eabi/lib/thumb/v7e-m+fp/hard/libc_nano.a(libc_a-errno.o)
                0x080085bc                __errno
 .text.__libc_init_array
                0x080085c8       0x48 /opt/st/stm32cubeide_2.1.0/plugins/com.st.stm32cube.ide.mcu.externaltools.gnu-tools-for-stm32.14.3.rel1.linux64_1.0.100.202602081740/tools/bin/../lib/gcc/arm-none-eabi/14.3.1/../../../../arm-none-eabi/lib/thumb/v7e-m+fp/hard/libc_nano.a(libc_a-init.o)
                0x080085c8                __libc_init_array
 .text.memcpy   0x08008610       0x1c /opt/st/stm32cubeide_2.1.0/plugins/com.st.stm32cube.ide.mcu.externaltools.gnu-tools-for-stm32.14.3.rel1.linux64_1.0.100.202602081740/tools/bin/../lib/gcc/arm-none-eabi/14.3.1/../../../../arm-none-eabi/lib/thumb/v7e-m+fp/hard/libc_nano.a(libc_a-memcpy-stub.o)
                0x08008610                memcpy
 .text.powf     0x0800862c       0xbc /opt/st/stm32cubeide_2.1.0/plugins/com.st.stm32cube.ide.mcu.externaltools.gnu-tools-for-stm32.14.3.rel1.linux64_1.0.100.202602081740/tools/bin/../lib/gcc/arm-none-eabi/14.3.1/../../../../arm-none-eabi/lib/thumb/v7e-m+fp/hard/libm.a(libm_a-wf_pow.o)
                0x0800862c                powf
 .text.finitef  0x080086e8       0x14 /opt/st/stm32cubeide_2.1.0/plugins/com.st.stm32cube.ide.mcu.externaltools.gnu-tools-for-stm32.14.3.rel1.linux64_1.0.100.202602081740/tools/bin/../lib/gcc/arm-none-eabi/14.3.1/../../../../arm-none-eabi/lib/thumb/v7e-m+fp/hard/libm.a(libm_a-sf_finite.o)
                0x080086e8                finitef
 .text.__ieee754_powf
                0x080086fc      0x6b8 /opt/st/stm32cubeide_2.1.0/plugins/com.st.stm32cube.ide.mcu.externaltools.gnu-tools-for-stm32.14.3.rel1.linux64_1.0.100.202602081740/tools/bin/../lib/gcc/arm-none-eabi/14.3.1/../../../../arm-none-eabi/lib/thumb/v7e-m+fp/hard/libm.a(libm_a-ef_pow.o)
                0x080086fc                __ieee754_powf
 .text.fabsf    0x08008db4       0x10 /opt/st/stm32cubeide_2.1.0/plugins/com.st.stm32cube.ide.mcu.externaltools.gnu-tools-for-stm32.14.3.rel1.linux64_1.0.100.202602081740/tools/bin/../lib/gcc/arm-none-eabi/14.3.1/../../../../arm-none-eabi/lib/thumb/v7e-m+fp/hard/libm.a(libm_a-sf_fabs.o)
                0x08008db4                fabsf
 .text.scalbnf  0x08008dc4       0xdc /opt/st/stm32cubeide_2.1.0/plugins/com.st.stm32cube.ide.mcu.externaltools.gnu-tools-for-stm32.14.3.rel1.linux64_1.0.100.202602081740/tools/bin/../lib/gcc/arm-none-eabi/14.3.1/../../../../arm-none-eabi/lib/thumb/v7e-m+fp/hard/libm.a(libm_a-sf_scalbn.o)
                0x08008dc4                scalbnf
 .text.with_errnof
                0x08008ea0       0x1c /opt/st/stm32cubeide_2.1.0/plugins/com.st.stm32cube.ide.mcu.externaltools.gnu-tools-for-stm32.14.3.rel1.linux64_1.0.100.202602081740/tools/bin/../lib/gcc/arm-none-eabi/14.3.1/../../../../arm-none-eabi/lib/thumb/v7e-m+fp/hard/libm.a(libm_a-math_errf.o)
 .text.xflowf   0x08008ebc       0x20 /opt/st/stm32cubeide_2.1.0/plugins/com.st.stm32cube.ide.mcu.externaltools.gnu-tools-for-stm32.14.3.rel1.linux64_1.0.100.202602081740/tools/bin/../lib/gcc/arm-none-eabi/14.3.1/../../../../arm-none-eabi/lib/thumb/v7e-m+fp/hard/libm.a(libm_a-math_errf.o)
 .text.__math_uflowf
                0x08008edc        0xc /opt/st/stm32cubeide_2.1.0/plugins/com.st.stm32cube.ide.mcu.externaltools.gnu-tools-for-stm32.14.3.rel1.linux64_1.0.100.202602081740/tools/bin/../lib/gcc/arm-none-eabi/14.3.1/../../../../arm-none-eabi/lib/thumb/v7e-m+fp/hard/libm.a(libm_a-math_errf.o)
                0x08008edc                __math_uflowf
 .text.__math_oflowf
                0x08008ee8        0xc /opt/st/stm32cubeide_2.1.0/plugins/com.st.stm32cube.ide.mcu.externaltools.gnu-tools-for-stm32.14.3.rel1.linux64_1.0.100.202602081740/tools/bin/../lib/gcc/arm-none-eabi/14.3.1/../../../../arm-none-eabi/lib/thumb/v7e-m+fp/hard/libm.a(libm_a-math_errf.o)
                0x08008ee8                __math_oflowf
 .text.__ieee754_sqrtf
                0x08008ef4        0x8 /opt/st/stm32cubeide_2.1.0/plugins/com.st.stm32cube.ide.mcu.externaltools.gnu-tools-for-stm32.14.3.rel1.linux64_1.0.100.202602081740/tools/bin/../lib/gcc/arm-none-eabi/14.3.1/../../../../arm-none-eabi/lib/thumb/v7e-m+fp/hard/libm.a(libm_a-ef_sqrt.o)
                0x08008ef4                __ieee754_sqrtf
 *(.glue_7)
 .glue_7        0x08008efc        0x0 linker stubs
 *(.glue_7t)
 .glue_7t       0x08008efc        0x0 linker stubs
 *(.eh_frame)
 .eh_frame      0x08008efc        0x0 /opt/st/stm32cubeide_2.1.0/plugins/com.st.stm32cube.ide.mcu.externaltools.gnu-tools-for-stm32.14.3.rel1.linux64_1.0.100.202602081740/tools/bin/../lib/gcc/arm-none-eabi/14.3.1/thumb/v7e-m+fp/hard/crtbegin.o
 *(.init)
 .init          0x08008efc        0x4 /opt/st/stm32cubeide_2.1.0/plugins/com.st.stm32cube.ide.mcu.externaltools.gnu-tools-for-stm32.14.3.rel1.linux64_1.0.100.202602081740/tools/bin/../lib/gcc/arm-none-eabi/14.3.1/thumb/v7e-m+fp/hard/crti.o
                0x08008efc                _init
 .init          0x08008f00        0x8 /opt/st/stm32cubeide_2.1.0/plugins/com.st.stm32cube.ide.mcu.externaltools.gnu-tools-for-stm32.14.3.rel1.linux64_1.0.100.202602081740/tools/bin/../lib/gcc/arm-none-eabi/14.3.1/thumb/v7e-m+fp/hard/crtn.o
 *(.fini)
 .fini          0x08008f08        0x4 /opt/st/stm32cubeide_2.1.0/plugins/com.st.stm32cube.ide.mcu.externaltools.gnu-tools-for-stm32.14.3.rel1.linux64_1.0.100.202602081740/tools/bin/../lib/gcc/arm-none-eabi/14.3.1/thumb/v7e-m+fp/hard/crti.o
                0x08008f08                _fini
 .fini          0x08008f0c        0x8 /opt/st/stm32cubeide_2.1.0/plugins/com.st.stm32cube.ide.mcu.externaltools.gnu-tools-for-stm32.14.3.rel1.linux64_1.0.100.202602081740/tools/bin/../lib/gcc/arm-none-eabi/14.3.1/thumb/v7e-m+fp/hard/crtn.o
                0x08008f14                        . = ALIGN (0x4)
                0x08008f14                        _etext = .

.vfp11_veneer   0x08008f14        0x0
 .vfp11_veneer  0x08008f14        0x0 linker stubs

.v4_bx          0x08008f14        0x0
 .v4_bx         0x08008f14        0x0 linker stubs

.iplt           0x08008f14        0x0
 .iplt          0x08008f14        0x0 /opt/st/stm32cubeide_2.1.0/plugins/com.st.stm32cube.ide.mcu.externaltools.gnu-tools-for-stm32.14.3.rel1.linux64_1.0.100.202602081740/tools/bin/../lib/gcc/arm-none-eabi/14.3.1/thumb/v7e-m+fp/hard/crtbegin.o

.rodata         0x08008f14       0x88
                0x08008f14                        . = ALIGN (0x4)
 *(.rodata)
 *(.rodata*)
 .rodata.sh2ReportLens
                0x08008f14       0x60 ./Core/Src/sh2.o
 .rodata.setSensorConfigOp
                0x08008f74       0x10 ./Core/Src/sh2.o
                0x08008f74                setSensorConfigOp
 .rodata.AHBPrescTable
                0x08008f84       0x10 ./Core/Src/system_stm32f4xx.o
                0x08008f84                AHBPrescTable
 .rodata.APBPrescTable
                0x08008f94        0x8 ./Core/Src/system_stm32f4xx.o
                0x08008f94                APBPrescTable
                0x08008f9c                        . = ALIGN (0x4)

.ARM.extab      0x08008f9c        0x0
                0x08008f9c                        . = ALIGN (0x4)
 *(.ARM.extab* .gnu.linkonce.armextab.*)
                0x08008f9c                        . = ALIGN (0x4)

.ARM            0x08008f9c        0x8
                0x08008f9c                        . = ALIGN (0x4)
                0x08008f9c                        __exidx_start = .
 *(.ARM.exidx*)
 .ARM.exidx     0x08008f9c        0x8 /opt/st/stm32cubeide_2.1.0/plugins/com.st.stm32cube.ide.mcu.externaltools.gnu-tools-for-stm32.14.3.rel1.linux64_1.0.100.202602081740/tools/bin/../lib/gcc/arm-none-eabi/14.3.1/thumb/v7e-m+fp/hard/libgcc.a(_udivmoddi4.o)
                0x08008fa4                        __exidx_end = .
                0x08008fa4                        . = ALIGN (0x4)

.preinit_array  0x08008fa4        0x0
                0x08008fa4                        . = ALIGN (0x4)
                0x08008fa4                        PROVIDE (__preinit_array_start = .)
 *(.preinit_array*)
                0x08008fa4                        PROVIDE (__preinit_array_end = .)
                0x08008fa4                        . = ALIGN (0x4)

.init_array     0x08008fa4        0x4
                0x08008fa4                        . = ALIGN (0x4)
                0x08008fa4                        PROVIDE (__init_array_start = .)
 *(SORT_BY_NAME(.init_array.*))
 *(.init_array*)
 .init_array    0x08008fa4        0x4 /opt/st/stm32cubeide_2.1.0/plugins/com.st.stm32cube.ide.mcu.externaltools.gnu-tools-for-stm32.14.3.rel1.linux64_1.0.100.202602081740/tools/bin/../lib/gcc/arm-none-eabi/14.3.1/thumb/v7e-m+fp/hard/crtbegin.o
                0x08008fa8                        PROVIDE (__init_array_end = .)
                0x08008fa8                        . = ALIGN (0x4)

.fini_array     0x08008fa8        0x4
                0x08008fa8                        . = ALIGN (0x4)
                [!provide]                        PROVIDE (__fini_array_start = .)
 *(SORT_BY_NAME(.fini_array.*))
 *(.fini_array*)
 .fini_array    0x08008fa8        0x4 /opt/st/stm32cubeide_2.1.0/plugins/com.st.stm32cube.ide.mcu.externaltools.gnu-tools-for-stm32.14.3.rel1.linux64_1.0.100.202602081740/tools/bin/../lib/gcc/arm-none-eabi/14.3.1/thumb/v7e-m+fp/hard/crtbegin.o
                [!provide]                        PROVIDE (__fini_array_end = .)
                0x08008fac                        . = ALIGN (0x4)
                0x08008fac                        _sidata = LOADADDR (.data)

.rel.dyn        0x08008fac        0x0
 .rel.iplt      0x08008fac        0x0 /opt/st/stm32cubeide_2.1.0/plugins/com.st.stm32cube.ide.mcu.externaltools.gnu-tools-for-stm32.14.3.rel1.linux64_1.0.100.202602081740/tools/bin/../lib/gcc/arm-none-eabi/14.3.1/thumb/v7e-m+fp/hard/crtbegin.o

.data           0x20000000       0x64 load address 0x08008fac
                0x20000000                        . = ALIGN (0x4)
                0x20000000                        _sdata = .
 *(.data)
 *(.data*)
 .data.tx_ready
                0x20000000        0x1 ./Core/Src/main.o
                0x20000000                tx_ready
 *fill*         0x20000001        0x3 
 .data.g_sh2_open_rc
                0x20000004        0x4 ./Core/Src/main.o
                0x20000004                g_sh2_open_rc
 .data.SystemCoreClock
                0x20000008        0x4 ./Core/Src/system_stm32f4xx.o
                0x20000008                SystemCoreClock
 .data.uwTickPrio
                0x2000000c        0x4 ./Drivers/STM32F4xx_HAL_Driver/Src/stm32f4xx_hal.o
                0x2000000c                uwTickPrio
 .data.uwTickFreq
                0x20000010        0x1 ./Drivers/STM32F4xx_HAL_Driver/Src/stm32f4xx_hal.o
                0x20000010                uwTickFreq
 *fill*         0x20000011        0x3 
 .data._impure_ptr
                0x20000014        0x4 /opt/st/stm32cubeide_2.1.0/plugins/com.st.stm32cube.ide.mcu.externaltools.gnu-tools-for-stm32.14.3.rel1.linux64_1.0.100.202602081740/tools/bin/../lib/gcc/arm-none-eabi/14.3.1/../../../../arm-none-eabi/lib/thumb/v7e-m+fp/hard/libc_nano.a(libc_a-impure.o)
                0x20000014                _impure_ptr
 .data._impure_data
                0x20000018       0x4c /opt/st/stm32cubeide_2.1.0/plugins/com.st.stm32cube.ide.mcu.externaltools.gnu-tools-for-stm32.14.3.rel1.linux64_1.0.100.202602081740/tools/bin/../lib/gcc/arm-none-eabi/14.3.1/../../../../arm-none-eabi/lib/thumb/v7e-m+fp/hard/libc_nano.a(libc_a-impure.o)
                0x20000018                _impure_data
 *(.RamFunc)
 *(.RamFunc*)
                0x20000064                        . = ALIGN (0x4)
                0x20000064                        _edata = .

.igot.plt       0x20000064        0x0 load address 0x08009010
 .igot.plt      0x20000064        0x0 /opt/st/stm32cubeide_2.1.0/plugins/com.st.stm32cube.ide.mcu.externaltools.gnu-tools-for-stm32.14.3.rel1.linux64_1.0.100.202602081740/tools/bin/../lib/gcc/arm-none-eabi/14.3.1/thumb/v7e-m+fp/hard/crtbegin.o
                0x20000064                        . = ALIGN (0x4)

.bss            0x20000068      0xd78 load address 0x08009010
                0x20000068                        _sbss = .
                0x20000068                        __bss_start__ = _sbss
 *(.bss)
 .bss           0x20000068       0x1c /opt/st/stm32cubeide_2.1.0/plugins/com.st.stm32cube.ide.mcu.externaltools.gnu-tools-for-stm32.14.3.rel1.linux64_1.0.100.202602081740/tools/bin/../lib/gcc/arm-none-eabi/14.3.1/thumb/v7e-m+fp/hard/crtbegin.o
 *(.bss*)
 .bss.hi2c1     0x20000084       0x54 ./Core/Src/main.o
                0x20000084                hi2c1
 .bss.hspi1     0x200000d8       0x58 ./Core/Src/main.o
                0x200000d8                hspi1
 .bss.last_tick
                0x20000130        0x4 ./Core/Src/main.o
                0x20000130                last_tick
 .bss.telemetria
                0x20000134       0x18 ./Core/Src/main.o
                0x20000134                telemetria
 .bss.sx1278_version
                0x2000014c        0x1 ./Core/Src/main.o
                0x2000014c                sx1278_version
 .bss.sx1278_detected
                0x2000014d        0x1 ./Core/Src/main.o
                0x2000014d                sx1278_detected
 *fill*         0x2000014e        0x2 
 .bss.tx_count  0x20000150        0x4 ./Core/Src/main.o
                0x20000150                tx_count
 .bss.dig_T1    0x20000154        0x2 ./Core/Src/sensors.o
 .bss.dig_P1    0x20000156        0x2 ./Core/Src/sensors.o
 .bss.dig_T2    0x20000158        0x2 ./Core/Src/sensors.o
 .bss.dig_T3    0x2000015a        0x2 ./Core/Src/sensors.o
 .bss.dig_P2    0x2000015c        0x2 ./Core/Src/sensors.o
 .bss.dig_P3    0x2000015e        0x2 ./Core/Src/sensors.o
 .bss.dig_P4    0x20000160        0x2 ./Core/Src/sensors.o
 .bss.dig_P5    0x20000162        0x2 ./Core/Src/sensors.o
 .bss.dig_P6    0x20000164        0x2 ./Core/Src/sensors.o
 .bss.dig_P7    0x20000166        0x2 ./Core/Src/sensors.o
 .bss.dig_P8    0x20000168        0x2 ./Core/Src/sensors.o
 .bss.dig_P9    0x2000016a        0x2 ./Core/Src/sensors.o
 .bss.t_fine    0x2000016c        0x4 ./Core/Src/sensors.o
 .bss.temperature
                0x20000170        0x4 ./Core/Src/sensors.o
 .bss.pressure  0x20000174        0x4 ./Core/Src/sensors.o
 .bss.altitude  0x20000178        0x4 ./Core/Src/sensors.o
 .bss.last_accel
                0x2000017c        0xc ./Core/Src/sensors.o
 .bss.last_gyro
                0x20000188        0xc ./Core/Src/sensors.o
 *fill*         0x20000194        0x4 
 .bss.sensorValue
                0x20000198       0x50 ./Core/Src/sensors.o
 .bss._sh2      0x200001e8      0x178 ./Core/Src/sh2.o
                0x200001e8                _sh2
 .bss.sh2AsyncEvent
                0x20000360       0x1c ./Core/Src/sh2.o
 .bss.lastHostInt.1
                0x2000037c        0x4 ./Core/Src/sh2.o
 .bss.rollovers.0
                0x20000380        0x4 ./Core/Src/sh2.o
 .bss.instances
                0x20000384      0x914 ./Core/Src/shtp.o
 .bss.shtp_initialized
                0x20000c98        0x1 ./Core/Src/shtp.o
 *fill*         0x20000c99        0x3 
 .bss.sx1278_hspi
                0x20000c9c        0x4 ./Core/Src/sx1278.o
 .bss.global_pkt_id
                0x20000ca0        0x1 ./Core/Src/telemetry.o
 *fill*         0x20000ca1        0x3 
 .bss.uwTick    0x20000ca4        0x4 ./Drivers/STM32F4xx_HAL_Driver/Src/stm32f4xx_hal.o
                0x20000ca4                uwTick
 .bss.__sf      0x20000ca8      0x138 /opt/st/stm32cubeide_2.1.0/plugins/com.st.stm32cube.ide.mcu.externaltools.gnu-tools-for-stm32.14.3.rel1.linux64_1.0.100.202602081740/tools/bin/../lib/gcc/arm-none-eabi/14.3.1/../../../../arm-none-eabi/lib/thumb/v7e-m+fp/hard/libc_nano.a(libc_a-findfp.o)
                0x20000ca8                __sf
 *(COMMON)
                0x20000de0                        . = ALIGN (0x4)
                0x20000de0                        _ebss = .
                0x20000de0                        __bss_end__ = _ebss

._user_heap_stack
                0x20000de0      0x600 load address 0x08009010
                0x20000de0                        . = ALIGN (0x8)
                [!provide]                        PROVIDE (end = .)
                0x20000de0                        PROVIDE (_end = .)
                0x20000fe0                        . = (. + _Min_Heap_Size)
 *fill*         0x20000de0      0x200 
                0x200013e0                        . = (. + _Min_Stack_Size)
 *fill*         0x20000fe0      0x400 
                0x200013e0                        . = ALIGN (0x8)

/DISCARD/
 libc.a(*)
 libm.a(*)
 libgcc.a(*)

.ARM.attributes
                0x00000000       0x30
 *(.ARM.attributes)
 .ARM.attributes
                0x00000000       0x22 /opt/st/stm32cubeide_2.1.0/plugins/com.st.stm32cube.ide.mcu.externaltools.gnu-tools-for-stm32.14.3.rel1.linux64_1.0.100.202602081740/tools/bin/../lib/gcc/arm-none-eabi/14.3.1/thumb/v7e-m+fp/hard/crti.o
 .ARM.attributes
                0x00000022       0x34 /opt/st/stm32cubeide_2.1.0/plugins/com.st.stm32cube.ide.mcu.externaltools.gnu-tools-for-stm32.14.3.rel1.linux64_1.0.100.202602081740/tools/bin/../lib/gcc/arm-none-eabi/14.3.1/thumb/v7e-m+fp/hard/crtbegin.o
 .ARM.attributes
                0x00000056       0x34 ./Core/Src/main.o
 .ARM.attributes
                0x0000008a       0x34 ./Core/Src/sensors.o
 .ARM.attributes
                0x000000be       0x34 ./Core/Src/sh2.o
 .ARM.attributes
                0x000000f2       0x34 ./Core/Src/sh2_SensorValue.o
 .ARM.attributes
                0x00000126       0x34 ./Core/Src/sh2_util.o
 .ARM.attributes
                0x0000015a       0x34 ./Core/Src/shtp.o
 .ARM.attributes
                0x0000018e       0x34 ./Core/Src/stm32f4xx_hal_msp.o
 .ARM.attributes
                0x000001c2       0x34 ./Core/Src/stm32f4xx_it.o
 .ARM.attributes
                0x000001f6       0x34 ./Core/Src/sx1278.o
 .ARM.attributes
                0x0000022a       0x34 ./Core/Src/system_stm32f4xx.o
 .ARM.attributes
                0x0000025e       0x34 ./Core/Src/telemetry.o
 .ARM.attributes
                0x00000292       0x21 ./Core/Startup/startup_stm32f411ceux.o
 .ARM.attributes
                0x000002b3       0x34 ./Drivers/STM32F4xx_HAL_Driver/Src/stm32f4xx_hal.o
 .ARM.attributes
                0x000002e7       0x34 ./Drivers/STM32F4xx_HAL_Driver/Src/stm32f4xx_hal_cortex.o
 .ARM.attributes
                0x0000031b       0x34 ./Drivers/STM32F4xx_HAL_Driver/Src/stm32f4xx_hal_dma.o
 .ARM.attributes
                0x0000034f       0x34 ./Drivers/STM32F4xx_HAL_Driver/Src/stm32f4xx_hal_gpio.o
 .ARM.attributes
                0x00000383       0x34 ./Drivers/STM32F4xx_HAL_Driver/Src/stm32f4xx_hal_i2c.o
 .ARM.attributes
                0x000003b7       0x34 ./Drivers/STM32F4xx_HAL_Driver/Src/stm32f4xx_hal_rcc.o
 .ARM.attributes
                0x000003eb       0x34 ./Drivers/STM32F4xx_HAL_Driver/Src/stm32f4xx_hal_spi.o
 .ARM.attributes
                0x0000041f       0x34 /opt/st/stm32cubeide_2.1.0/plugins/com.st.stm32cube.ide.mcu.externaltools.gnu-tools-for-stm32.14.3.rel1.linux64_1.0.100.202602081740/tools/bin/../lib/gcc/arm-none-eabi/14.3.1/../../../../arm-none-eabi/lib/thumb/v7e-m+fp/hard/libc_nano.a(libc_a-findfp.o)
 .ARM.attributes
                0x00000453       0x34 /opt/st/stm32cubeide_2.1.0/plugins/com.st.stm32cube.ide.mcu.externaltools.gnu-tools-for-stm32.14.3.rel1.linux64_1.0.100.202602081740/tools/bin/../lib/gcc/arm-none-eabi/14.3.1/../../../../arm-none-eabi/lib/thumb/v7e-m+fp/hard/libc_nano.a(libc_a-memset.o)
 .ARM.attributes
                0x00000487       0x34 /opt/st/stm32cubeide_2.1.0/plugins/com.st.stm32cube.ide.mcu.externaltools.gnu-tools-for-stm32.14.3.rel1.linux64_1.0.100.202602081740/tools/bin/../lib/gcc/arm-none-eabi/14.3.1/../../../../arm-none-eabi/lib/thumb/v7e-m+fp/hard/libc_nano.a(libc_a-impure.o)
 .ARM.attributes
                0x000004bb       0x34 /opt/st/stm32cubeide_2.1.0/plugins/com.st.stm32cube.ide.mcu.externaltools.gnu-tools-for-stm32.14.3.rel1.linux64_1.0.100.202602081740/tools/bin/../lib/gcc/arm-none-eabi/14.3.1/../../../../arm-none-eabi/lib/thumb/v7e-m+fp/hard/libc_nano.a(libc_a-errno.o)
 .ARM.attributes
                0x000004ef       0x34 /opt/st/stm32cubeide_2.1.0/plugins/com.st.stm32cube.ide.mcu.externaltools.gnu-tools-for-stm32.14.3.rel1.linux64_1.0.100.202602081740/tools/bin/../lib/gcc/arm-none-eabi/14.3.1/../../../../arm-none-eabi/lib/thumb/v7e-m+fp/hard/libc_nano.a(libc_a-init.o)
 .ARM.attributes
                0x00000523       0x34 /opt/st/stm32cubeide_2.1.0/plugins/com.st.stm32cube.ide.mcu.externaltools.gnu-tools-for-stm32.14.3.rel1.linux64_1.0.100.202602081740/tools/bin/../lib/gcc/arm-none-eabi/14.3.1/../../../../arm-none-eabi/lib/thumb/v7e-m+fp/hard/libc_nano.a(libc_a-memcpy-stub.o)
 .ARM.attributes
                0x00000557       0x34 /opt/st/stm32cubeide_2.1.0/plugins/com.st.stm32cube.ide.mcu.externaltools.gnu-tools-for-stm32.14.3.rel1.linux64_1.0.100.202602081740/tools/bin/../lib/gcc/arm-none-eabi/14.3.1/../../../../arm-none-eabi/lib/thumb/v7e-m+fp/hard/libm.a(libm_a-wf_pow.o)
 .ARM.attributes
                0x0000058b       0x34 /opt/st/stm32cubeide_2.1.0/plugins/com.st.stm32cube.ide.mcu.externaltools.gnu-tools-for-stm32.14.3.rel1.linux64_1.0.100.202602081740/tools/bin/../lib/gcc/arm-none-eabi/14.3.1/../../../../arm-none-eabi/lib/thumb/v7e-m+fp/hard/libm.a(libm_a-sf_finite.o)
 .ARM.attributes
                0x000005bf       0x34 /opt/st/stm32cubeide_2.1.0/plugins/com.st.stm32cube.ide.mcu.externaltools.gnu-tools-for-stm32.14.3.rel1.linux64_1.0.100.202602081740/tools/bin/../lib/gcc/arm-none-eabi/14.3.1/../../../../arm-none-eabi/lib/thumb/v7e-m+fp/hard/libm.a(libm_a-ef_pow.o)
 .ARM.attributes
                0x000005f3       0x34 /opt/st/stm32cubeide_2.1.0/plugins/com.st.stm32cube.ide.mcu.externaltools.gnu-tools-for-stm32.14.3.rel1.linux64_1.0.100.202602081740/tools/bin/../lib/gcc/arm-none-eabi/14.3.1/../../../../arm-none-eabi/lib/thumb/v7e-m+fp/hard/libm.a(libm_a-sf_fabs.o)
 .ARM.attributes
                0x00000627       0x34 /opt/st/stm32cubeide_2.1.0/plugins/com.st.stm32cube.ide.mcu.externaltools.gnu-tools-for-stm32.14.3.rel1.linux64_1.0.100.202602081740/tools/bin/../lib/gcc/arm-none-eabi/14.3.1/../../../../arm-none-eabi/lib/thumb/v7e-m+fp/hard/libm.a(libm_a-sf_scalbn.o)
 .ARM.attributes
                0x0000065b       0x34 /opt/st/stm32cubeide_2.1.0/plugins/com.st.stm32cube.ide.mcu.externaltools.gnu-tools-for-stm32.14.3.rel1.linux64_1.0.100.202602081740/tools/bin/../lib/gcc/arm-none-eabi/14.3.1/../../../../arm-none-eabi/lib/thumb/v7e-m+fp/hard/libm.a(libm_a-math_errf.o)
 .ARM.attributes
                0x0000068f       0x34 /opt/st/stm32cubeide_2.1.0/plugins/com.st.stm32cube.ide.mcu.externaltools.gnu-tools-for-stm32.14.3.rel1.linux64_1.0.100.202602081740/tools/bin/../lib/gcc/arm-none-eabi/14.3.1/../../../../arm-none-eabi/lib/thumb/v7e-m+fp/hard/libm.a(libm_a-ef_sqrt.o)
 .ARM.attributes
                0x000006c3       0x22 /opt/st/stm32cubeide_2.1.0/plugins/com.st.stm32cube.ide.mcu.externaltools.gnu-tools-for-stm32.14.3.rel1.linux64_1.0.100.202602081740/tools/bin/../lib/gcc/arm-none-eabi/14.3.1/thumb/v7e-m+fp/hard/libgcc.a(_aeabi_ldivmod.o)
 .ARM.attributes
                0x000006e5       0x22 /opt/st/stm32cubeide_2.1.0/plugins/com.st.stm32cube.ide.mcu.externaltools.gnu-tools-for-stm32.14.3.rel1.linux64_1.0.100.202602081740/tools/bin/../lib/gcc/arm-none-eabi/14.3.1/thumb/v7e-m+fp/hard/libgcc.a(_aeabi_uldivmod.o)
 .ARM.attributes
                0x00000707       0x34 /opt/st/stm32cubeide_2.1.0/plugins/com.st.stm32cube.ide.mcu.externaltools.gnu-tools-for-stm32.14.3.rel1.linux64_1.0.100.202602081740/tools/bin/../lib/gcc/arm-none-eabi/14.3.1/thumb/v7e-m+fp/hard/libgcc.a(_udivmoddi4.o)
 .ARM.attributes
                0x0000073b       0x22 /opt/st/stm32cubeide_2.1.0/plugins/com.st.stm32cube.ide.mcu.externaltools.gnu-tools-for-stm32.14.3.rel1.linux64_1.0.100.202602081740/tools/bin/../lib/gcc/arm-none-eabi/14.3.1/thumb/v7e-m+fp/hard/libgcc.a(_dvmd_tls.o)
 .ARM.attributes
                0x0000075d       0x22 /opt/st/stm32cubeide_2.1.0/plugins/com.st.stm32cube.ide.mcu.externaltools.gnu-tools-for-stm32.14.3.rel1.linux64_1.0.100.202602081740/tools/bin/../lib/gcc/arm-none-eabi/14.3.1/thumb/v7e-m+fp/hard/crtn.o
OUTPUT(OBC_STM32.elf elf32-littlearm)
LOAD linker stubs
LOAD /opt/st/stm32cubeide_2.1.0/plugins/com.st.stm32cube.ide.mcu.externaltools.gnu-tools-for-stm32.14.3.rel1.linux64_1.0.100.202602081740/tools/bin/../lib/gcc/arm-none-eabi/14.3.1/../../../../arm-none-eabi/lib/thumb/v7e-m+fp/hard/libc.a
LOAD /opt/st/stm32cubeide_2.1.0/plugins/com.st.stm32cube.ide.mcu.externaltools.gnu-tools-for-stm32.14.3.rel1.linux64_1.0.100.202602081740/tools/bin/../lib/gcc/arm-none-eabi/14.3.1/../../../../arm-none-eabi/lib/thumb/v7e-m+fp/hard/libm.a
LOAD /opt/st/stm32cubeide_2.1.0/plugins/com.st.stm32cube.ide.mcu.externaltools.gnu-tools-for-stm32.14.3.rel1.linux64_1.0.100.202602081740/tools/bin/../lib/gcc/arm-none-eabi/14.3.1/thumb/v7e-m+fp/hard/libgcc.a

.debug_info     0x00000000    0x11660
 .debug_info    0x00000000     0x127a ./Core/Src/main.o
 .debug_info    0x0000127a     0x1e54 ./Core/Src/sensors.o
 .debug_info    0x000030ce     0x31f8 ./Core/Src/sh2.o
 .debug_info    0x000062c6     0x182b ./Core/Src/sh2_SensorValue.o
 .debug_info    0x00007af1      0x35f ./Core/Src/sh2_util.o
 .debug_info    0x00007e50      0x7f8 ./Core/Src/shtp.o
 .debug_info    0x00008648      0xe4d ./Core/Src/stm32f4xx_hal_msp.o
 .debug_info    0x00009495      0x98a ./Core/Src/stm32f4xx_it.o
 .debug_info    0x00009e1f      0x82a ./Core/Src/sx1278.o
 .debug_info    0x0000a649      0x53e ./Core/Src/system_stm32f4xx.o
 .debug_info    0x0000ab87      0x2b0 ./Core/Src/telemetry.o
 .debug_info    0x0000ae37       0x30 ./Core/Startup/startup_stm32f411ceux.o
 .debug_info    0x0000ae67      0x8c4 ./Drivers/STM32F4xx_HAL_Driver/Src/stm32f4xx_hal.o
 .debug_info    0x0000b72b      0xcfc ./Drivers/STM32F4xx_HAL_Driver/Src/stm32f4xx_hal_cortex.o
 .debug_info    0x0000c427      0x8e6 ./Drivers/STM32F4xx_HAL_Driver/Src/stm32f4xx_hal_dma.o
 .debug_info    0x0000cd0d      0x6f9 ./Drivers/STM32F4xx_HAL_Driver/Src/stm32f4xx_hal_gpio.o
 .debug_info    0x0000d406     0x2426 ./Drivers/STM32F4xx_HAL_Driver/Src/stm32f4xx_hal_i2c.o
 .debug_info    0x0000f82c      0x904 ./Drivers/STM32F4xx_HAL_Driver/Src/stm32f4xx_hal_rcc.o
 .debug_info    0x00010130     0x1530 ./Drivers/STM32F4xx_HAL_Driver/Src/stm32f4xx_hal_spi.o

.debug_abbrev   0x00000000     0x27f0
 .debug_abbrev  0x00000000      0x2d2 ./Core/Src/main.o
 .debug_abbrev  0x000002d2      0x347 ./Core/Src/sensors.o
 .debug_abbrev  0x00000619      0x33e ./Core/Src/sh2.o
 .debug_abbrev  0x00000957      0x220 ./Core/Src/sh2_SensorValue.o
 .debug_abbrev  0x00000b77       0xd8 ./Core/Src/sh2_util.o
 .debug_abbrev  0x00000c4f      0x27b ./Core/Src/shtp.o
 .debug_abbrev  0x00000eca      0x1cb ./Core/Src/stm32f4xx_hal_msp.o
 .debug_abbrev  0x00001095      0x1b7 ./Core/Src/stm32f4xx_it.o
 .debug_abbrev  0x0000124c      0x21b ./Core/Src/sx1278.o
 .debug_abbrev  0x00001467      0x11a ./Core/Src/system_stm32f4xx.o
 .debug_abbrev  0x00001581      0x107 ./Core/Src/telemetry.o
 .debug_abbrev  0x00001688       0x24 ./Core/Startup/startup_stm32f411ceux.o
 .debug_abbrev  0x000016ac      0x24b ./Drivers/STM32F4xx_HAL_Driver/Src/stm32f4xx_hal.o
 .debug_abbrev  0x000018f7      0x31d ./Drivers/STM32F4xx_HAL_Driver/Src/stm32f4xx_hal_cortex.o
 .debug_abbrev  0x00001c14      0x221 ./Drivers/STM32F4xx_HAL_Driver/Src/stm32f4xx_hal_dma.o
 .debug_abbrev  0x00001e35      0x1d3 ./Drivers/STM32F4xx_HAL_Driver/Src/stm32f4xx_hal_gpio.o
 .debug_abbrev  0x00002008      0x2bc ./Drivers/STM32F4xx_HAL_Driver/Src/stm32f4xx_hal_i2c.o
 .debug_abbrev  0x000022c4      0x2b6 ./Drivers/STM32F4xx_HAL_Driver/Src/stm32f4xx_hal_rcc.o
 .debug_abbrev  0x0000257a      0x276 ./Drivers/STM32F4xx_HAL_Driver/Src/stm32f4xx_hal_spi.o

.debug_aranges  0x00000000      0xf80
 .debug_aranges
                0x00000000       0x50 ./Core/Src/main.o
 .debug_aranges
                0x00000050       0x70 ./Core/Src/sensors.o
 .debug_aranges
                0x000000c0      0x2e0 ./Core/Src/sh2.o
 .debug_aranges
                0x000003a0      0x168 ./Core/Src/sh2_SensorValue.o
 .debug_aranges
                0x00000508       0x78 ./Core/Src/sh2_util.o
 .debug_aranges
                0x00000580       0x70 ./Core/Src/shtp.o
 .debug_aranges
                0x000005f0       0x40 ./Core/Src/stm32f4xx_hal_msp.o
 .debug_aranges
                0x00000630       0x88 ./Core/Src/stm32f4xx_it.o
 .debug_aranges
                0x000006b8       0x40 ./Core/Src/sx1278.o
 .debug_aranges
                0x000006f8       0x28 ./Core/Src/system_stm32f4xx.o
 .debug_aranges
                0x00000720       0x30 ./Core/Src/telemetry.o
 .debug_aranges
                0x00000750       0x28 ./Core/Startup/startup_stm32f411ceux.o
 .debug_aranges
                0x00000778       0xf0 ./Drivers/STM32F4xx_HAL_Driver/Src/stm32f4xx_hal.o
 .debug_aranges
                0x00000868      0x130 ./Drivers/STM32F4xx_HAL_Driver/Src/stm32f4xx_hal_cortex.o
 .debug_aranges
                0x00000998       0x90 ./Drivers/STM32F4xx_HAL_Driver/Src/stm32f4xx_hal_dma.o
 .debug_aranges
                0x00000a28       0x58 ./Drivers/STM32F4xx_HAL_Driver/Src/stm32f4xx_hal_gpio.o
 .debug_aranges
                0x00000a80      0x2a8 ./Drivers/STM32F4xx_HAL_Driver/Src/stm32f4xx_hal_i2c.o
 .debug_aranges
                0x00000d28       0x88 ./Drivers/STM32F4xx_HAL_Driver/Src/stm32f4xx_hal_rcc.o
 .debug_aranges
                0x00000db0      0x1d0 ./Drivers/STM32F4xx_HAL_Driver/Src/stm32f4xx_hal_spi.o

.debug_rnglists
                0x00000000      0xbe0
 .debug_rnglists
                0x00000000       0x3a ./Core/Src/main.o
 .debug_rnglists
                0x0000003a       0x55 ./Core/Src/sensors.o
 .debug_rnglists
                0x0000008f      0x237 ./Core/Src/sh2.o
 .debug_rnglists
                0x000002c6      0x119 ./Core/Src/sh2_SensorValue.o
 .debug_rnglists
                0x000003df       0x55 ./Core/Src/sh2_util.o
 .debug_rnglists
                0x00000434       0x51 ./Core/Src/shtp.o
 .debug_rnglists
                0x00000485       0x2d ./Core/Src/stm32f4xx_hal_msp.o
 .debug_rnglists
                0x000004b2       0x61 ./Core/Src/stm32f4xx_it.o
 .debug_rnglists
                0x00000513       0x2b ./Core/Src/sx1278.o
 .debug_rnglists
                0x0000053e       0x1a ./Core/Src/system_stm32f4xx.o
 .debug_rnglists
                0x00000558       0x20 ./Core/Src/telemetry.o
 .debug_rnglists
                0x00000578       0x19 ./Core/Startup/startup_stm32f411ceux.o
 .debug_rnglists
                0x00000591       0xaf ./Drivers/STM32F4xx_HAL_Driver/Src/stm32f4xx_hal.o
 .debug_rnglists
                0x00000640       0xe0 ./Drivers/STM32F4xx_HAL_Driver/Src/stm32f4xx_hal_cortex.o
 .debug_rnglists
                0x00000720       0x70 ./Drivers/STM32F4xx_HAL_Driver/Src/stm32f4xx_hal_dma.o
 .debug_rnglists
                0x00000790       0x3f ./Drivers/STM32F4xx_HAL_Driver/Src/stm32f4xx_hal_gpio.o
 .debug_rnglists
                0x000007cf      0x23c ./Drivers/STM32F4xx_HAL_Driver/Src/stm32f4xx_hal_i2c.o
 .debug_rnglists
                0x00000a0b       0x66 ./Drivers/STM32F4xx_HAL_Driver/Src/stm32f4xx_hal_rcc.o
 .debug_rnglists
                0x00000a71      0x16f ./Drivers/STM32F4xx_HAL_Driver/Src/stm32f4xx_hal_spi.o

.debug_macro    0x00000000    0x1595e
 .debug_macro   0x00000000      0x207 ./Core/Src/main.o
 .debug_macro   0x00000207      0x29b ./Core/Src/main.o
 .debug_macro   0x000004a2       0x2e ./Core/Src/main.o
 .debug_macro   0x000004d0       0x28 ./Core/Src/main.o
 .debug_macro   0x000004f8       0x8e ./Core/Src/main.o
 .debug_macro   0x00000586       0x51 ./Core/Src/main.o
 .debug_macro   0x000005d7      0x103 ./Core/Src/main.o
 .debug_macro   0x000006da       0x6a ./Core/Src/main.o
 .debug_macro   0x00000744      0x1df ./Core/Src/main.o
 .debug_macro   0x00000923       0x1c ./Core/Src/main.o
 .debug_macro   0x0000093f       0x22 ./Core/Src/main.o
 .debug_macro   0x00000961       0xfb ./Core/Src/main.o
 .debug_macro   0x00000a5c     0x1011 ./Core/Src/main.o
 .debug_macro   0x00001a6d      0x11f ./Core/Src/main.o
 .debug_macro   0x00001b8c     0xb968 ./Core/Src/main.o
 .debug_macro   0x0000d4f4       0x6d ./Core/Src/main.o
 .debug_macro   0x0000d561     0x3693 ./Core/Src/main.o
 .debug_macro   0x00010bf4       0x5c ./Core/Src/main.o
 .debug_macro   0x00010c50      0x45c ./Core/Src/main.o
 .debug_macro   0x000110ac      0x9e9 ./Core/Src/main.o
 .debug_macro   0x00011a95      0x115 ./Core/Src/main.o
 .debug_macro   0x00011baa      0x11b ./Core/Src/main.o
 .debug_macro   0x00011cc5       0xa5 ./Core/Src/main.o
 .debug_macro   0x00011d6a      0x15f ./Core/Src/main.o
 .debug_macro   0x00011ec9      0x287 ./Core/Src/main.o
 .debug_macro   0x00012150       0x5f ./Core/Src/main.o
 .debug_macro   0x000121af      0x236 ./Core/Src/main.o
 .debug_macro   0x000123e5      0x132 ./Core/Src/main.o
 .debug_macro   0x00012517      0x264 ./Core/Src/main.o
 .debug_macro   0x0001277b       0x2e ./Core/Src/main.o
 .debug_macro   0x000127a9      0x1b5 ./Core/Src/main.o
 .debug_macro   0x0001295e       0x22 ./Core/Src/main.o
 .debug_macro   0x00012980       0xd6 ./Core/Src/main.o
 .debug_macro   0x00012a56      0x127 ./Core/Src/main.o
 .debug_macro   0x00012b7d       0x85 ./Core/Src/main.o
 .debug_macro   0x00012c02       0x89 ./Core/Src/main.o
 .debug_macro   0x00012c8b      0x225 ./Core/Src/main.o
 .debug_macro   0x00012eb0      0x126 ./Core/Src/main.o
 .debug_macro   0x00012fd6       0x4c ./Core/Src/main.o
 .debug_macro   0x00013022       0x70 ./Core/Src/main.o
 .debug_macro   0x00013092      0x2e8 ./Core/Src/sensors.o
 .debug_macro   0x0001337a       0x22 ./Core/Src/sensors.o
 .debug_macro   0x0001339c       0x22 ./Core/Src/sensors.o
 .debug_macro   0x000133be      0x2a9 ./Core/Src/sensors.o
 .debug_macro   0x00013667       0xc1 ./Core/Src/sensors.o
 .debug_macro   0x00013728       0x34 ./Core/Src/sensors.o
 .debug_macro   0x0001375c       0x61 ./Core/Src/sensors.o
 .debug_macro   0x000137bd      0x422 ./Core/Src/sh2.o
 .debug_macro   0x00013bdf       0x10 ./Core/Src/sh2.o
 .debug_macro   0x00013bef       0x10 ./Core/Src/sh2.o
 .debug_macro   0x00013bff       0x3c ./Core/Src/sh2.o
 .debug_macro   0x00013c3b       0x20 ./Core/Src/sh2.o
 .debug_macro   0x00013c5b       0x1c ./Core/Src/sh2.o
 .debug_macro   0x00013c77       0x10 ./Core/Src/sh2.o
 .debug_macro   0x00013c87       0x1c ./Core/Src/sh2.o
 .debug_macro   0x00013ca3       0x16 ./Core/Src/sh2.o
 .debug_macro   0x00013cb9      0x146 ./Core/Src/sh2.o
 .debug_macro   0x00013dff      0x188 ./Core/Src/sh2_SensorValue.o
 .debug_macro   0x00013f87       0x16 ./Core/Src/sh2_SensorValue.o
 .debug_macro   0x00013f9d       0x9e ./Core/Src/sh2_SensorValue.o
 .debug_macro   0x0001403b      0x112 ./Core/Src/sh2_SensorValue.o
 .debug_macro   0x0001414d       0x16 ./Core/Src/sh2_SensorValue.o
 .debug_macro   0x00014163       0x73 ./Core/Src/sh2_util.o
 .debug_macro   0x000141d6      0x16d ./Core/Src/shtp.o
 .debug_macro   0x00014343      0x1e2 ./Core/Src/stm32f4xx_hal_msp.o
 .debug_macro   0x00014525      0x1ec ./Core/Src/stm32f4xx_it.o
 .debug_macro   0x00014711      0x1f1 ./Core/Src/sx1278.o
 .debug_macro   0x00014902       0x6a ./Core/Src/sx1278.o
 .debug_macro   0x0001496c      0x1d3 ./Core/Src/system_stm32f4xx.o
 .debug_macro   0x00014b3f       0x6d ./Core/Src/telemetry.o
 .debug_macro   0x00014bac      0x233 ./Drivers/STM32F4xx_HAL_Driver/Src/stm32f4xx_hal.o
 .debug_macro   0x00014ddf      0x1d3 ./Drivers/STM32F4xx_HAL_Driver/Src/stm32f4xx_hal_cortex.o
 .debug_macro   0x00014fb2      0x1d9 ./Drivers/STM32F4xx_HAL_Driver/Src/stm32f4xx_hal_dma.o
 .debug_macro   0x0001518b      0x1d9 ./Drivers/STM32F4xx_HAL_Driver/Src/stm32f4xx_hal_gpio.o
 .debug_macro   0x00015364      0x221 ./Drivers/STM32F4xx_HAL_Driver/Src/stm32f4xx_hal_i2c.o
 .debug_macro   0x00015585      0x1f7 ./Drivers/STM32F4xx_HAL_Driver/Src/stm32f4xx_hal_rcc.o
 .debug_macro   0x0001577c      0x1e2 ./Drivers/STM32F4xx_HAL_Driver/Src/stm32f4xx_hal_spi.o

.debug_line     0x00000000    0x1039b
 .debug_line    0x00000000      0x85e ./Core/Src/main.o
 .debug_line    0x0000085e      0xbd3 ./Core/Src/sensors.o
 .debug_line    0x00001431     0x1b7c ./Core/Src/sh2.o
 .debug_line    0x00002fad     0x117f ./Core/Src/sh2_SensorValue.o
 .debug_line    0x0000412c      0x540 ./Core/Src/sh2_util.o
 .debug_line    0x0000466c      0x863 ./Core/Src/shtp.o
 .debug_line    0x00004ecf      0x732 ./Core/Src/stm32f4xx_hal_msp.o
 .debug_line    0x00005601      0x7b5 ./Core/Src/stm32f4xx_it.o
 .debug_line    0x00005db6      0x72b ./Core/Src/sx1278.o
 .debug_line    0x000064e1      0x704 ./Core/Src/system_stm32f4xx.o
 .debug_line    0x00006be5      0x40f ./Core/Src/telemetry.o
 .debug_line    0x00006ff4       0x7a ./Core/Startup/startup_stm32f411ceux.o
 .debug_line    0x0000706e      0x983 ./Drivers/STM32F4xx_HAL_Driver/Src/stm32f4xx_hal.o
 .debug_line    0x000079f1      0xc50 ./Drivers/STM32F4xx_HAL_Driver/Src/stm32f4xx_hal_cortex.o
 .debug_line    0x00008641      0xeec ./Drivers/STM32F4xx_HAL_Driver/Src/stm32f4xx_hal_dma.o
 .debug_line    0x0000952d      0xa99 ./Drivers/STM32F4xx_HAL_Driver/Src/stm32f4xx_hal_gpio.o
 .debug_line    0x00009fc6     0x3a2d ./Drivers/STM32F4xx_HAL_Driver/Src/stm32f4xx_hal_i2c.o
 .debug_line    0x0000d9f3      0xd8d ./Drivers/STM32F4xx_HAL_Driver/Src/stm32f4xx_hal_rcc.o
 .debug_line    0x0000e780     0x1c1b ./Drivers/STM32F4xx_HAL_Driver/Src/stm32f4xx_hal_spi.o

.debug_str      0x00000000    0x8c6cf
 .debug_str     0x00000000    0x8c6cf ./Core/Src/main.o
                              0x8230b (size before relaxing)
 .debug_str     0x0008c6cf    0x873db ./Core/Src/sensors.o
 .debug_str     0x0008c6cf     0xab0e ./Core/Src/sh2.o
 .debug_str     0x0008c6cf     0x9b93 ./Core/Src/sh2_SensorValue.o
 .debug_str     0x0008c6cf     0x3ec7 ./Core/Src/sh2_util.o
 .debug_str     0x0008c6cf     0x77d3 ./Core/Src/shtp.o
 .debug_str     0x0008c6cf    0x81e60 ./Core/Src/stm32f4xx_hal_msp.o
 .debug_str     0x0008c6cf    0x819f6 ./Core/Src/stm32f4xx_it.o
 .debug_str     0x0008c6cf    0x818a4 ./Core/Src/sx1278.o
 .debug_str     0x0008c6cf    0x8126b ./Core/Src/system_stm32f4xx.o
 .debug_str     0x0008c6cf     0x3edd ./Core/Src/telemetry.o
 .debug_str     0x0008c6cf       0xad ./Core/Startup/startup_stm32f411ceux.o
 .debug_str     0x0008c6cf    0x81c97 ./Drivers/STM32F4xx_HAL_Driver/Src/stm32f4xx_hal.o
 .debug_str     0x0008c6cf    0x81a01 ./Drivers/STM32F4xx_HAL_Driver/Src/stm32f4xx_hal_cortex.o
 .debug_str     0x0008c6cf    0x81673 ./Drivers/STM32F4xx_HAL_Driver/Src/stm32f4xx_hal_dma.o
 .debug_str     0x0008c6cf    0x813e6 ./Drivers/STM32F4xx_HAL_Driver/Src/stm32f4xx_hal_gpio.o
 .debug_str     0x0008c6cf    0x8227c ./Drivers/STM32F4xx_HAL_Driver/Src/stm32f4xx_hal_i2c.o
 .debug_str     0x0008c6cf    0x8169f ./Drivers/STM32F4xx_HAL_Driver/Src/stm32f4xx_hal_rcc.o
 .debug_str     0x0008c6cf    0x81b17 ./Drivers/STM32F4xx_HAL_Driver/Src/stm32f4xx_hal_spi.o

.comment        0x00000000       0x43
 .comment       0x00000000       0x43 ./Core/Src/main.o
                                 0x44 (size before relaxing)
 .comment       0x00000043       0x44 ./Core/Src/sensors.o
 .comment       0x00000043       0x44 ./Core/Src/sh2.o
 .comment       0x00000043       0x44 ./Core/Src/sh2_SensorValue.o
 .comment       0x00000043       0x44 ./Core/Src/sh2_util.o
 .comment       0x00000043       0x44 ./Core/Src/shtp.o
 .comment       0x00000043       0x44 ./Core/Src/stm32f4xx_hal_msp.o
 .comment       0x00000043       0x44 ./Core/Src/stm32f4xx_it.o
 .comment       0x00000043       0x44 ./Core/Src/sx1278.o
 .comment       0x00000043       0x44 ./Core/Src/system_stm32f4xx.o
 .comment       0x00000043       0x44 ./Core/Src/telemetry.o
 .comment       0x00000043       0x44 ./Drivers/STM32F4xx_HAL_Driver/Src/stm32f4xx_hal.o
 .comment       0x00000043       0x44 ./Drivers/STM32F4xx_HAL_Driver/Src/stm32f4xx_hal_cortex.o
 .comment       0x00000043       0x44 ./Drivers/STM32F4xx_HAL_Driver/Src/stm32f4xx_hal_dma.o
 .comment       0x00000043       0x44 ./Drivers/STM32F4xx_HAL_Driver/Src/stm32f4xx_hal_gpio.o
 .comment       0x00000043       0x44 ./Drivers/STM32F4xx_HAL_Driver/Src/stm32f4xx_hal_i2c.o
 .comment       0x00000043       0x44 ./Drivers/STM32F4xx_HAL_Driver/Src/stm32f4xx_hal_rcc.o
 .comment       0x00000043       0x44 ./Drivers/STM32F4xx_HAL_Driver/Src/stm32f4xx_hal_spi.o

.debug_frame    0x00000000     0x41e0
 .debug_frame   0x00000000       0xe8 ./Core/Src/main.o
 .debug_frame   0x000000e8      0x1b8 ./Core/Src/sensors.o
 .debug_frame   0x000002a0      0xcc4 ./Core/Src/sh2.o
 .debug_frame   0x00000f64      0x5fc ./Core/Src/sh2_SensorValue.o
 .debug_frame   0x00001560      0x1c0 ./Core/Src/sh2_util.o
 .debug_frame   0x00001720      0x1a8 ./Core/Src/shtp.o
 .debug_frame   0x000018c8       0xc4 ./Core/Src/stm32f4xx_hal_msp.o
 .debug_frame   0x0000198c      0x184 ./Core/Src/stm32f4xx_it.o
 .debug_frame   0x00001b10       0xbc ./Core/Src/sx1278.o
 .debug_frame   0x00001bcc       0x50 ./Core/Src/system_stm32f4xx.o
 .debug_frame   0x00001c1c       0x7c ./Core/Src/telemetry.o
 .debug_frame   0x00001c98      0x31c ./Drivers/STM32F4xx_HAL_Driver/Src/stm32f4xx_hal.o
 .debug_frame   0x00001fb4      0x4b8 ./Drivers/STM32F4xx_HAL_Driver/Src/stm32f4xx_hal_cortex.o
 .debug_frame   0x0000246c      0x230 ./Drivers/STM32F4xx_HAL_Driver/Src/stm32f4xx_hal_dma.o
 .debug_frame   0x0000269c      0x130 ./Drivers/STM32F4xx_HAL_Driver/Src/stm32f4xx_hal_gpio.o
 .debug_frame   0x000027cc      0xbf4 ./Drivers/STM32F4xx_HAL_Driver/Src/stm32f4xx_hal_i2c.o
 .debug_frame   0x000033c0      0x1d8 ./Drivers/STM32F4xx_HAL_Driver/Src/stm32f4xx_hal_rcc.o
 .debug_frame   0x00003598      0x7e0 ./Drivers/STM32F4xx_HAL_Driver/Src/stm32f4xx_hal_spi.o
 .debug_frame   0x00003d78      0x144 /opt/st/stm32cubeide_2.1.0/plugins/com.st.stm32cube.ide.mcu.externaltools.gnu-tools-for-stm32.14.3.rel1.linux64_1.0.100.202602081740/tools/bin/../lib/gcc/arm-none-eabi/14.3.1/../../../../arm-none-eabi/lib/thumb/v7e-m+fp/hard/libc_nano.a(libc_a-findfp.o)
 .debug_frame   0x00003ebc       0x20 /opt/st/stm32cubeide_2.1.0/plugins/com.st.stm32cube.ide.mcu.externaltools.gnu-tools-for-stm32.14.3.rel1.linux64_1.0.100.202602081740/tools/bin/../lib/gcc/arm-none-eabi/14.3.1/../../../../arm-none-eabi/lib/thumb/v7e-m+fp/hard/libc_nano.a(libc_a-memset.o)
 .debug_frame   0x00003edc       0x20 /opt/st/stm32cubeide_2.1.0/plugins/com.st.stm32cube.ide.mcu.externaltools.gnu-tools-for-stm32.14.3.rel1.linux64_1.0.100.202602081740/tools/bin/../lib/gcc/arm-none-eabi/14.3.1/../../../../arm-none-eabi/lib/thumb/v7e-m+fp/hard/libc_nano.a(libc_a-errno.o)
 .debug_frame   0x00003efc       0x2c /opt/st/stm32cubeide_2.1.0/plugins/com.st.stm32cube.ide.mcu.externaltools.gnu-tools-for-stm32.14.3.rel1.linux64_1.0.100.202602081740/tools/bin/../lib/gcc/arm-none-eabi/14.3.1/../../../../arm-none-eabi/lib/thumb/v7e-m+fp/hard/libc_nano.a(libc_a-init.o)
 .debug_frame   0x00003f28       0x28 /opt/st/stm32cubeide_2.1.0/plugins/com.st.stm32cube.ide.mcu.externaltools.gnu-tools-for-stm32.14.3.rel1.linux64_1.0.100.202602081740/tools/bin/../lib/gcc/arm-none-eabi/14.3.1/../../../../arm-none-eabi/lib/thumb/v7e-m+fp/hard/libc_nano.a(libc_a-memcpy-stub.o)
 .debug_frame   0x00003f50       0x44 /opt/st/stm32cubeide_2.1.0/plugins/com.st.stm32cube.ide.mcu.externaltools.gnu-tools-for-stm32.14.3.rel1.linux64_1.0.100.202602081740/tools/bin/../lib/gcc/arm-none-eabi/14.3.1/../../../../arm-none-eabi/lib/thumb/v7e-m+fp/hard/libm.a(libm_a-wf_pow.o)
 .debug_frame   0x00003f94       0x20 /opt/st/stm32cubeide_2.1.0/plugins/com.st.stm32cube.ide.mcu.externaltools.gnu-tools-for-stm32.14.3.rel1.linux64_1.0.100.202602081740/tools/bin/../lib/gcc/arm-none-eabi/14.3.1/../../../../arm-none-eabi/lib/thumb/v7e-m+fp/hard/libm.a(libm_a-sf_finite.o)
 .debug_frame   0x00003fb4       0xa0 /opt/st/stm32cubeide_2.1.0/plugins/com.st.stm32cube.ide.mcu.externaltools.gnu-tools-for-stm32.14.3.rel1.linux64_1.0.100.202602081740/tools/bin/../lib/gcc/arm-none-eabi/14.3.1/../../../../arm-none-eabi/lib/thumb/v7e-m+fp/hard/libm.a(libm_a-ef_pow.o)
 .debug_frame   0x00004054       0x20 /opt/st/stm32cubeide_2.1.0/plugins/com.st.stm32cube.ide.mcu.externaltools.gnu-tools-for-stm32.14.3.rel1.linux64_1.0.100.202602081740/tools/bin/../lib/gcc/arm-none-eabi/14.3.1/../../../../arm-none-eabi/lib/thumb/v7e-m+fp/hard/libm.a(libm_a-sf_fabs.o)
 .debug_frame   0x00004074       0x20 /opt/st/stm32cubeide_2.1.0/plugins/com.st.stm32cube.ide.mcu.externaltools.gnu-tools-for-stm32.14.3.rel1.linux64_1.0.100.202602081740/tools/bin/../lib/gcc/arm-none-eabi/14.3.1/../../../../arm-none-eabi/lib/thumb/v7e-m+fp/hard/libm.a(libm_a-sf_scalbn.o)
 .debug_frame   0x00004094       0x88 /opt/st/stm32cubeide_2.1.0/plugins/com.st.stm32cube.ide.mcu.externaltools.gnu-tools-for-stm32.14.3.rel1.linux64_1.0.100.202602081740/tools/bin/../lib/gcc/arm-none-eabi/14.3.1/../../../../arm-none-eabi/lib/thumb/v7e-m+fp/hard/libm.a(libm_a-math_errf.o)
 .debug_frame   0x0000411c       0x20 /opt/st/stm32cubeide_2.1.0/plugins/com.st.stm32cube.ide.mcu.externaltools.gnu-tools-for-stm32.14.3.rel1.linux64_1.0.100.202602081740/tools/bin/../lib/gcc/arm-none-eabi/14.3.1/../../../../arm-none-eabi/lib/thumb/v7e-m+fp/hard/libm.a(libm_a-ef_sqrt.o)
 .debug_frame   0x0000413c       0x44 /opt/st/stm32cubeide_2.1.0/plugins/com.st.stm32cube.ide.mcu.externaltools.gnu-tools-for-stm32.14.3.rel1.linux64_1.0.100.202602081740/tools/bin/../lib/gcc/arm-none-eabi/14.3.1/thumb/v7e-m+fp/hard/libgcc.a(_aeabi_ldivmod.o)
 .debug_frame   0x00004180       0x2c /opt/st/stm32cubeide_2.1.0/plugins/com.st.stm32cube.ide.mcu.externaltools.gnu-tools-for-stm32.14.3.rel1.linux64_1.0.100.202602081740/tools/bin/../lib/gcc/arm-none-eabi/14.3.1/thumb/v7e-m+fp/hard/libgcc.a(_aeabi_uldivmod.o)
 .debug_frame   0x000041ac       0x34 /opt/st/stm32cubeide_2.1.0/plugins/com.st.stm32cube.ide.mcu.externaltools.gnu-tools-for-stm32.14.3.rel1.linux64_1.0.100.202602081740/tools/bin/../lib/gcc/arm-none-eabi/14.3.1/thumb/v7e-m+fp/hard/libgcc.a(_udivmoddi4.o)

.debug_line_str
                0x00000000       0x91
 .debug_line_str
                0x00000000       0x91 ./Core/Startup/startup_stm32f411ceux.o
