/home/gashadokuro/Documents/Programacion_y_Control_CanSat_2026/Programacion-y-Control-CanSat-2026-/Firmware/Core/Src/main.c:93:9:BME280_compensate_T_int32	32	static
/home/gashadokuro/Documents/Programacion_y_Control_CanSat_2026/Programacion-y-Control-CanSat-2026-/Firmware/Core/Src/main.c:103:10:BME280_compensate_P_int64	328	static
/home/gashadokuro/Documents/Programacion_y_Control_CanSat_2026/Programacion-y-Control-CanSat-2026-/Firmware/Core/Src/main.c:129:13:dwt_init	4	static
/home/gashadokuro/Documents/Programacion_y_Control_CanSat_2026/Programacion-y-Control-CanSat-2026-/Firmware/Core/Src/main.c:134:17:micros32	4	static
/home/gashadokuro/Documents/Programacion_y_Control_CanSat_2026/Programacion-y-Control-CanSat-2026-/Firmware/Core/Src/main.c:143:6:sh2_event_cb	16	static
/home/gashadokuro/Documents/Programacion_y_Control_CanSat_2026/Programacion-y-Control-CanSat-2026-/Firmware/Core/Src/main.c:144:13:leer_bno	96	static
/home/gashadokuro/Documents/Programacion_y_Control_CanSat_2026/Programacion-y-Control-CanSat-2026-/Firmware/Core/Src/main.c:157:12:sh2hal_open	16	static
/home/gashadokuro/Documents/Programacion_y_Control_CanSat_2026/Programacion-y-Control-CanSat-2026-/Firmware/Core/Src/main.c:167:12:sh2hal_read	40	static
/home/gashadokuro/Documents/Programacion_y_Control_CanSat_2026/Programacion-y-Control-CanSat-2026-/Firmware/Core/Src/main.c:179:12:sh2hal_write	32	static
/home/gashadokuro/Documents/Programacion_y_Control_CanSat_2026/Programacion-y-Control-CanSat-2026-/Firmware/Core/Src/main.c:186:17:sh2hal_getTimeUs	16	static
/home/gashadokuro/Documents/Programacion_y_Control_CanSat_2026/Programacion-y-Control-CanSat-2026-/Firmware/Core/Src/main.c:199:6:HAL_GPIO_EXTI_Callback	16	static
/home/gashadokuro/Documents/Programacion_y_Control_CanSat_2026/Programacion-y-Control-CanSat-2026-/Firmware/Core/Src/main.c:207:13:lora_fast_init	8	static
/home/gashadokuro/Documents/Programacion_y_Control_CanSat_2026/Programacion-y-Control-CanSat-2026-/Firmware/Core/Src/main.c:219:5:main	120	static
/home/gashadokuro/Documents/Programacion_y_Control_CanSat_2026/Programacion-y-Control-CanSat-2026-/Firmware/Core/Src/main.c:381:13:lora_send_async	56	static
/home/gashadokuro/Documents/Programacion_y_Control_CanSat_2026/Programacion-y-Control-CanSat-2026-/Firmware/Core/Src/main.c:401:6:SystemClock_Config	88	static
/home/gashadokuro/Documents/Programacion_y_Control_CanSat_2026/Programacion-y-Control-CanSat-2026-/Firmware/Core/Src/main.c:428:6:Error_Handler	4	static
