/home/gashadokuro/Documents/Progrmacion_y_Control_CanSat_2026/Programacion-y-Control-CanSat-2026-/Firmware/CanSat_Final/Core/Src/main.c:77:9:BME280_compensate_T_int32	32	static
/home/gashadokuro/Documents/Progrmacion_y_Control_CanSat_2026/Programacion-y-Control-CanSat-2026-/Firmware/CanSat_Final/Core/Src/main.c:87:10:BME280_compensate_P_int64	328	static
/home/gashadokuro/Documents/Progrmacion_y_Control_CanSat_2026/Programacion-y-Control-CanSat-2026-/Firmware/CanSat_Final/Core/Src/main.c:112:13:dwt_init	4	static
/home/gashadokuro/Documents/Progrmacion_y_Control_CanSat_2026/Programacion-y-Control-CanSat-2026-/Firmware/CanSat_Final/Core/Src/main.c:117:17:micros32	4	static
/home/gashadokuro/Documents/Progrmacion_y_Control_CanSat_2026/Programacion-y-Control-CanSat-2026-/Firmware/CanSat_Final/Core/Src/main.c:124:6:sh2_event_cb	16	static
/home/gashadokuro/Documents/Progrmacion_y_Control_CanSat_2026/Programacion-y-Control-CanSat-2026-/Firmware/CanSat_Final/Core/Src/main.c:125:13:leer_bno	96	static
/home/gashadokuro/Documents/Progrmacion_y_Control_CanSat_2026/Programacion-y-Control-CanSat-2026-/Firmware/CanSat_Final/Core/Src/main.c:136:12:sh2hal_open	16	static
/home/gashadokuro/Documents/Progrmacion_y_Control_CanSat_2026/Programacion-y-Control-CanSat-2026-/Firmware/CanSat_Final/Core/Src/main.c:141:12:sh2hal_read	40	static
/home/gashadokuro/Documents/Progrmacion_y_Control_CanSat_2026/Programacion-y-Control-CanSat-2026-/Firmware/CanSat_Final/Core/Src/main.c:150:12:sh2hal_write	32	static
/home/gashadokuro/Documents/Progrmacion_y_Control_CanSat_2026/Programacion-y-Control-CanSat-2026-/Firmware/CanSat_Final/Core/Src/main.c:154:17:sh2hal_getTimeUs	16	static
/home/gashadokuro/Documents/Progrmacion_y_Control_CanSat_2026/Programacion-y-Control-CanSat-2026-/Firmware/CanSat_Final/Core/Src/main.c:160:6:HAL_GPIO_EXTI_Callback	16	static
/home/gashadokuro/Documents/Progrmacion_y_Control_CanSat_2026/Programacion-y-Control-CanSat-2026-/Firmware/CanSat_Final/Core/Src/main.c:168:13:lora_fast_init	8	static
/home/gashadokuro/Documents/Progrmacion_y_Control_CanSat_2026/Programacion-y-Control-CanSat-2026-/Firmware/CanSat_Final/Core/Src/main.c:181:5:main	120	static
/home/gashadokuro/Documents/Progrmacion_y_Control_CanSat_2026/Programacion-y-Control-CanSat-2026-/Firmware/CanSat_Final/Core/Src/main.c:316:13:lora_send_async	64	static
/home/gashadokuro/Documents/Progrmacion_y_Control_CanSat_2026/Programacion-y-Control-CanSat-2026-/Firmware/CanSat_Final/Core/Src/main.c:336:6:SystemClock_Config	88	static
/home/gashadokuro/Documents/Progrmacion_y_Control_CanSat_2026/Programacion-y-Control-CanSat-2026-/Firmware/CanSat_Final/Core/Src/main.c:363:6:Error_Handler	4	static
