/home/gashadokuro/Documents/Programacion_y_Control_CanSat_2026/Programacion-y-Control-CanSat-2026-/Firmware/Core/Src/sx1278.c:20:13:cs_low	8	static
/home/gashadokuro/Documents/Programacion_y_Control_CanSat_2026/Programacion-y-Control-CanSat-2026-/Firmware/Core/Src/sx1278.c:25:13:cs_high	8	static
/home/gashadokuro/Documents/Programacion_y_Control_CanSat_2026/Programacion-y-Control-CanSat-2026-/Firmware/Core/Src/sx1278.c:31:6:sx1278_write	24	static
/home/gashadokuro/Documents/Programacion_y_Control_CanSat_2026/Programacion-y-Control-CanSat-2026-/Firmware/Core/Src/sx1278.c:44:9:sx1278_read	24	static
/home/gashadokuro/Documents/Programacion_y_Control_CanSat_2026/Programacion-y-Control-CanSat-2026-/Firmware/Core/Src/sx1278.c:58:6:sx1278_reset	8	static
/home/gashadokuro/Documents/Programacion_y_Control_CanSat_2026/Programacion-y-Control-CanSat-2026-/Firmware/Core/Src/sx1278.c:68:6:sx1278_init	8	static
/home/gashadokuro/Documents/Programacion_y_Control_CanSat_2026/Programacion-y-Control-CanSat-2026-/Firmware/Core/Src/sx1278.c:115:6:sx1278_send	24	static
/home/gashadokuro/Documents/Programacion_y_Control_CanSat_2026/Programacion-y-Control-CanSat-2026-/Firmware/Core/Src/sx1278.c:140:6:sx1278_onDio0Irq	4	static
/home/gashadokuro/Documents/Programacion_y_Control_CanSat_2026/Programacion-y-Control-CanSat-2026-/Firmware/Core/Src/sx1278.c:145:9:sx1278_check	16	static
