/home/gashadokuro/Documents/Progrmacion_y_Control_CanSat_2026/Programacion-y-Control-CanSat-2026-/Firmware/CanSat_Final/Core/Src/usart.c:32:6:MX_USART1_UART_Init	8	static
/home/gashadokuro/Documents/Progrmacion_y_Control_CanSat_2026/Programacion-y-Control-CanSat-2026-/Firmware/CanSat_Final/Core/Src/usart.c:61:6:MX_USART6_UART_Init	8	static
/home/gashadokuro/Documents/Progrmacion_y_Control_CanSat_2026/Programacion-y-Control-CanSat-2026-/Firmware/CanSat_Final/Core/Src/usart.c:89:6:HAL_UART_MspInit	56	static
/home/gashadokuro/Documents/Progrmacion_y_Control_CanSat_2026/Programacion-y-Control-CanSat-2026-/Firmware/CanSat_Final/Core/Src/usart.c:143:6:HAL_UART_MspDeInit	16	static
