Archive member included to satisfy reference by file (symbol)

libSTM32_Drivers.a(system_stm32f4xx.c.obj)
                              CMakeFiles/CanSat_Final.dir/Core/Src/main.c.obj (SystemCoreClock)
libSTM32_Drivers.a(stm32f4xx_hal_crc.c.obj)
                              CMakeFiles/CanSat_Final.dir/Core/Src/crc.c.obj (HAL_CRC_Init)
libSTM32_Drivers.a(stm32f4xx_hal_rcc.c.obj)
                              CMakeFiles/CanSat_Final.dir/Core/Src/main.c.obj (HAL_RCC_OscConfig)
libSTM32_Drivers.a(stm32f4xx_hal_gpio.c.obj)
                              CMakeFiles/CanSat_Final.dir/Core/Src/gpio.c.obj (HAL_GPIO_Init)
libSTM32_Drivers.a(stm32f4xx_hal.c.obj)
                              libSTM32_Drivers.a(stm32f4xx_hal_rcc.c.obj) (uwTickPrio)
libSTM32_Drivers.a(stm32f4xx_hal_i2c.c.obj)
                              CMakeFiles/CanSat_Final.dir/Core/Src/i2c.c.obj (HAL_I2C_Init)
libSTM32_Drivers.a(stm32f4xx_hal_spi.c.obj)
                              CMakeFiles/CanSat_Final.dir/Core/Src/spi.c.obj (HAL_SPI_Init)
libSTM32_Drivers.a(stm32f4xx_hal_uart.c.obj)
                              CMakeFiles/CanSat_Final.dir/Core/Src/usart.c.obj (HAL_UART_Init)
libSTM32_Drivers.a(stm32f4xx_hal_dma.c.obj)
                              libSTM32_Drivers.a(stm32f4xx_hal_i2c.c.obj) (HAL_DMA_Start_IT)
libSTM32_Drivers.a(stm32f4xx_hal_cortex.c.obj)
                              libSTM32_Drivers.a(stm32f4xx_hal.c.obj) (HAL_NVIC_SetPriorityGrouping)
/home/gashadokuro/.local/share/stm32cube/bundles/gnu-tools-for-stm32/14.3.1+st.2/bin/../lib/gcc/arm-none-eabi/14.3.1/../../../../arm-none-eabi/lib/thumb/v7e-m+fp/hard/libm.a(libm_a-w_asin.o)
                              CMakeFiles/CanSat_Final.dir/Core/Src/euler.c.obj (asin)
/home/gashadokuro/.local/share/stm32cube/bundles/gnu-tools-for-stm32/14.3.1+st.2/bin/../lib/gcc/arm-none-eabi/14.3.1/../../../../arm-none-eabi/lib/thumb/v7e-m+fp/hard/libm.a(libm_a-w_atan2.o)
                              CMakeFiles/CanSat_Final.dir/Core/Src/euler.c.obj (atan2)
/home/gashadokuro/.local/share/stm32cube/bundles/gnu-tools-for-stm32/14.3.1+st.2/bin/../lib/gcc/arm-none-eabi/14.3.1/../../../../arm-none-eabi/lib/thumb/v7e-m+fp/hard/libm.a(libm_a-s_fabs.o)
                              /home/gashadokuro/.local/share/stm32cube/bundles/gnu-tools-for-stm32/14.3.1+st.2/bin/../lib/gcc/arm-none-eabi/14.3.1/../../../../arm-none-eabi/lib/thumb/v7e-m+fp/hard/libm.a(libm_a-w_asin.o) (fabs)
/home/gashadokuro/.local/share/stm32cube/bundles/gnu-tools-for-stm32/14.3.1+st.2/bin/../lib/gcc/arm-none-eabi/14.3.1/../../../../arm-none-eabi/lib/thumb/v7e-m+fp/hard/libm.a(libm_a-wf_pow.o)
                              CMakeFiles/CanSat_Final.dir/Core/Src/main.c.obj (powf)
/home/gashadokuro/.local/share/stm32cube/bundles/gnu-tools-for-stm32/14.3.1+st.2/bin/../lib/gcc/arm-none-eabi/14.3.1/../../../../arm-none-eabi/lib/thumb/v7e-m+fp/hard/libm.a(libm_a-s_nan.o)
                              /home/gashadokuro/.local/share/stm32cube/bundles/gnu-tools-for-stm32/14.3.1+st.2/bin/../lib/gcc/arm-none-eabi/14.3.1/../../../../arm-none-eabi/lib/thumb/v7e-m+fp/hard/libm.a(libm_a-w_asin.o) (nan)
/home/gashadokuro/.local/share/stm32cube/bundles/gnu-tools-for-stm32/14.3.1+st.2/bin/../lib/gcc/arm-none-eabi/14.3.1/../../../../arm-none-eabi/lib/thumb/v7e-m+fp/hard/libm.a(libm_a-sf_finite.o)
                              /home/gashadokuro/.local/share/stm32cube/bundles/gnu-tools-for-stm32/14.3.1+st.2/bin/../lib/gcc/arm-none-eabi/14.3.1/../../../../arm-none-eabi/lib/thumb/v7e-m+fp/hard/libm.a(libm_a-wf_pow.o) (finitef)
/home/gashadokuro/.local/share/stm32cube/bundles/gnu-tools-for-stm32/14.3.1+st.2/bin/../lib/gcc/arm-none-eabi/14.3.1/../../../../arm-none-eabi/lib/thumb/v7e-m+fp/hard/libm.a(libm_a-e_asin.o)
                              /home/gashadokuro/.local/share/stm32cube/bundles/gnu-tools-for-stm32/14.3.1+st.2/bin/../lib/gcc/arm-none-eabi/14.3.1/../../../../arm-none-eabi/lib/thumb/v7e-m+fp/hard/libm.a(libm_a-w_asin.o) (__ieee754_asin)
/home/gashadokuro/.local/share/stm32cube/bundles/gnu-tools-for-stm32/14.3.1+st.2/bin/../lib/gcc/arm-none-eabi/14.3.1/../../../../arm-none-eabi/lib/thumb/v7e-m+fp/hard/libm.a(libm_a-e_atan2.o)
                              /home/gashadokuro/.local/share/stm32cube/bundles/gnu-tools-for-stm32/14.3.1+st.2/bin/../lib/gcc/arm-none-eabi/14.3.1/../../../../arm-none-eabi/lib/thumb/v7e-m+fp/hard/libm.a(libm_a-w_atan2.o) (__ieee754_atan2)
/home/gashadokuro/.local/share/stm32cube/bundles/gnu-tools-for-stm32/14.3.1+st.2/bin/../lib/gcc/arm-none-eabi/14.3.1/../../../../arm-none-eabi/lib/thumb/v7e-m+fp/hard/libm.a(libm_a-s_atan.o)
                              /home/gashadokuro/.local/share/stm32cube/bundles/gnu-tools-for-stm32/14.3.1+st.2/bin/../lib/gcc/arm-none-eabi/14.3.1/../../../../arm-none-eabi/lib/thumb/v7e-m+fp/hard/libm.a(libm_a-e_atan2.o) (atan)
[...]
Memory Configuration

Name             Origin             Length             Attributes
RAM              0x20000000         0x00020000         xrw
FLASH            0x08000000         0x00080000         xr
*default*        0x00000000         0xffffffff

Linker script and memory map

LOAD /home/gashadokuro/.local/share/stm32cube/bundles/gnu-tools-for-stm32/14.3.1+st.2/bin/../lib/gcc/arm-none-eabi/14.3.1/thumb/v7e-m+fp/hard/crti.o
LOAD /home/gashadokuro/.local/share/stm32cube/bundles/gnu-tools-for-stm32/14.3.1+st.2/bin/../lib/gcc/arm-none-eabi/14.3.1/thumb/v7e-m+fp/hard/crtbegin.o
LOAD /home/gashadokuro/.local/share/stm32cube/bundles/gnu-tools-for-stm32/14.3.1+st.2/bin/../lib/gcc/arm-none-eabi/14.3.1/../../../../arm-none-eabi/lib/thumb/v7e-m+fp/hard/crt0.o
LOAD CMakeFiles/CanSat_Final.dir/Core/Src/main.c.obj
LOAD CMakeFiles/CanSat_Final.dir/Core/Src/gpio.c.obj
LOAD CMakeFiles/CanSat_Final.dir/Core/Src/crc.c.obj
LOAD CMakeFiles/CanSat_Final.dir/Core/Src/i2c.c.obj
LOAD CMakeFiles/CanSat_Final.dir/Core/Src/spi.c.obj
LOAD CMakeFiles/CanSat_Final.dir/Core/Src/usart.c.obj
LOAD CMakeFiles/CanSat_Final.dir/Core/Src/stm32f4xx_it.c.obj
LOAD CMakeFiles/CanSat_Final.dir/Core/Src/stm32f4xx_hal_msp.c.obj
LOAD CMakeFiles/CanSat_Final.dir/Core/Src/sysmem.c.obj
LOAD CMakeFiles/CanSat_Final.dir/Core/Src/syscalls.c.obj
LOAD CMakeFiles/CanSat_Final.dir/Core/Src/euler.c.obj
LOAD CMakeFiles/CanSat_Final.dir/Core/Src/sh2_SensorValue.c.obj
LOAD CMakeFiles/CanSat_Final.dir/Core/Src/sh2_util.c.obj
LOAD CMakeFiles/CanSat_Final.dir/Core/Src/sh2.c.obj
LOAD CMakeFiles/CanSat_Final.dir/Core/Src/shtp.c.obj
LOAD CMakeFiles/CanSat_Final.dir/Core/Src/sx1278.c.obj
LOAD CMakeFiles/CanSat_Final.dir/Core/Src/telemetry.c.obj
LOAD CMakeFiles/CanSat_Final.dir/startup_stm32f411xe.s.obj
LOAD libSTM32_Drivers.a
LOAD /home/gashadokuro/.local/share/stm32cube/bundles/gnu-tools-for-stm32/14.3.1+st.2/bin/../lib/gcc/arm-none-eabi/14.3.1/../../../../arm-none-eabi/lib/thumb/v7e-m+fp/hard/libm.a
START GROUP
LOAD /home/gashadokuro/.local/share/stm32cube/bundles/gnu-tools-for-stm32/14.3.1+st.2/bin/../lib/gcc/arm-none-eabi/14.3.1/thumb/v7e-m+fp/hard/libgcc.a
LOAD /home/gashadokuro/.local/share/stm32cube/bundles/gnu-tools-for-stm32/14.3.1+st.2/bin/../lib/gcc/arm-none-eabi/14.3.1/../../../../arm-none-eabi/lib/thumb/v7e-m+fp/hard/libg_nano.a
LOAD /home/gashadokuro/.local/share/stm32cube/bundles/gnu-tools-for-stm32/14.3.1+st.2/bin/../lib/gcc/arm-none-eabi/14.3.1/../../../../arm-none-eabi/lib/thumb/v7e-m+fp/hard/libc_nano.a
END GROUP
START GROUP
LOAD /home/gashadokuro/.local/share/stm32cube/bundles/gnu-tools-for-stm32/14.3.1+st.2/bin/../lib/gcc/arm-none-eabi/14.3.1/thumb/v7e-m+fp/hard/libgcc.a
LOAD /home/gashadokuro/.local/share/stm32cube/bundles/gnu-tools-for-stm32/14.3.1+st.2/bin/../lib/gcc/arm-none-eabi/14.3.1/../../../../arm-none-eabi/lib/thumb/v7e-m+fp/hard/libc_nano.a
END GROUP
LOAD /home/gashadokuro/.local/share/stm32cube/bundles/gnu-tools-for-stm32/14.3.1+st.2/bin/../lib/gcc/arm-none-eabi/14.3.1/thumb/v7e-m+fp/hard/crtend.o
LOAD /home/gashadokuro/.local/share/stm32cube/bundles/gnu-tools-for-stm32/14.3.1+st.2/bin/../lib/gcc/arm-none-eabi/14.3.1/thumb/v7e-m+fp/hard/crtn.o
                0x20020000                        _estack = (ORIGIN (RAM) + LENGTH (RAM))
                0x2001fc00                        _sstack = (_estack - _Min_Stack_Size)
                0x00000200                        _Min_Heap_Size = 0x200
                0x00000400                        _Min_Stack_Size = 0x400

.isr_vector     0x08000000      0x198
                0x08000000                        . = ALIGN (0x4)
 *(.isr_vector)
 .isr_vector    0x08000000      0x198 CMakeFiles/CanSat_Final.dir/startup_stm32f411xe.s.obj
                0x08000000                g_pfnVectors
                0x08000198                        . = ALIGN (0x4)

.text           0x08000198     0x7cac
                0x08000198                        . = ALIGN (0x4)
 *(.text)
 .text          0x08000198       0x40 /home/gashadokuro/.local/share/stm32cube/bundles/gnu-tools-for-stm32/14.3.1+st.2/bin/../lib/gcc/arm-none-eabi/14.3.1/thumb/v7e-m+fp/hard/crtbegin.o
 .text          0x080001d8       0xa0 /home/gashadokuro/.local/share/stm32cube/bundles/gnu-tools-for-stm32/14.3.1+st.2/bin/../lib/gcc/arm-none-eabi/14.3.1/thumb/v7e-m+fp/hard/libgcc.a(_aeabi_ldivmod.o)
                0x080001d8                __aeabi_ldivmod
 .text          0x08000278       0x30 /home/gashadokuro/.local/share/stm32cube/bundles/gnu-tools-for-stm32/14.3.1+st.2/bin/../lib/gcc/arm-none-eabi/14.3.1/thumb/v7e-m+fp/hard/libgcc.a(_aeabi_uldivmod.o)
                0x08000278                __aeabi_uldivmod
 .text          0x080002a8      0x2f8 /home/gashadokuro/.local/share/stm32cube/bundles/gnu-tools-for-stm32/14.3.1+st.2/bin/../lib/gcc/arm-none-eabi/14.3.1/thumb/v7e-m+fp/hard/libgcc.a(_udivmoddi4.o)
                0x080002a8                __udivmoddi4
 .text          0x080005a0        0x4 /home/gashadokuro/.local/share/stm32cube/bundles/gnu-tools-for-stm32/14.3.1+st.2/bin/../lib/gcc/arm-none-eabi/14.3.1/thumb/v7e-m+fp/hard/libgcc.a(_dvmd_tls.o)
                0x080005a0                __aeabi_ldiv0
                0x080005a0                __aeabi_idiv0
 *(.text*)
 .text.BME280_compensate_T_int32
                0x080005a4       0x7c CMakeFiles/CanSat_Final.dir/Core/Src/main.c.obj
                0x080005a4                BME280_compensate_T_int32
 .text.BME280_compensate_P_int64
                0x08000620      0x570 CMakeFiles/CanSat_Final.dir/Core/Src/main.c.obj
                0x08000620                BME280_compensate_P_int64
 .text.dwt_init
                0x08000b90       0x34 CMakeFiles/CanSat_Final.dir/Core/Src/main.c.obj
 .text.micros32
                0x08000bc4       0x30 CMakeFiles/CanSat_Final.dir/Core/Src/main.c.obj
 .text.sh2_event_cb
                0x08000bf4       0x16 CMakeFiles/CanSat_Final.dir/Core/Src/main.c.obj
                0x08000bf4                sh2_event_cb
 *fill*         0x08000c0a        0x2 
 .text.leer_bno
                0x08000c0c       0xb8 CMakeFiles/CanSat_Final.dir/Core/Src/main.c.obj
 .text.sh2hal_open
                0x08000cc4       0x40 CMakeFiles/CanSat_Final.dir/Core/Src/main.c.obj
 .text.sh2hal_read
                0x08000d04       0xb4 CMakeFiles/CanSat_Final.dir/Core/Src/main.c.obj
 .text.sh2hal_write
                0x08000db8       0x38 CMakeFiles/CanSat_Final.dir/Core/Src/main.c.obj
 .text.sh2hal_getTimeUs
                0x08000df0       0x16 CMakeFiles/CanSat_Final.dir/Core/Src/main.c.obj
 *fill*         0x08000e06        0x2 
 .text.HAL_GPIO_EXTI_Callback
                0x08000e08       0x44 CMakeFiles/CanSat_Final.dir/Core/Src/main.c.obj
                0x08000e08                HAL_GPIO_EXTI_Callback
 .text.lora_fast_init
                0x08000e4c       0x3c CMakeFiles/CanSat_Final.dir/Core/Src/main.c.obj
 .text.main     0x08000e88      0x4c4 CMakeFiles/CanSat_Final.dir/Core/Src/main.c.obj
                0x08000e88                main
 .text.lora_send_async
                0x0800134c       0xb8 CMakeFiles/CanSat_Final.dir/Core/Src/main.c.obj
 .text.SystemClock_Config
                0x08001404       0xd0 CMakeFiles/CanSat_Final.dir/Core/Src/main.c.obj
                0x08001404                SystemClock_Config
 .text.Error_Handler
                0x080014d4        0x8 CMakeFiles/CanSat_Final.dir/Core/Src/main.c.obj
                0x080014d4                Error_Handler
 .text.MX_GPIO_Init
                0x080014dc      0x11c CMakeFiles/CanSat_Final.dir/Core/Src/gpio.c.obj
                0x080014dc                MX_GPIO_Init
 .text.MX_I2C1_Init
                0x080015f8       0x5c CMakeFiles/CanSat_Final.dir/Core/Src/i2c.c.obj
                0x080015f8                MX_I2C1_Init
 .text.HAL_I2C_MspInit
                0x08001654       0x90 CMakeFiles/CanSat_Final.dir/Core/Src/i2c.c.obj
                0x08001654                HAL_I2C_MspInit
 .text.MX_SPI1_Init
                0x080016e4       0x6c CMakeFiles/CanSat_Final.dir/Core/Src/spi.c.obj
                0x080016e4                MX_SPI1_Init
 .text.HAL_SPI_MspInit
                0x08001750       0x90 CMakeFiles/CanSat_Final.dir/Core/Src/spi.c.obj
                0x08001750                HAL_SPI_MspInit
 .text.NMI_Handler
                0x080017e0        0x8 CMakeFiles/CanSat_Final.dir/Core/Src/stm32f4xx_it.c.obj
                0x080017e0                NMI_Handler
 .text.HardFault_Handler
                0x080017e8        0x8 CMakeFiles/CanSat_Final.dir/Core/Src/stm32f4xx_it.c.obj
                0x080017e8                HardFault_Handler
 .text.MemManage_Handler
                0x080017f0        0x8 CMakeFiles/CanSat_Final.dir/Core/Src/stm32f4xx_it.c.obj
                0x080017f0                MemManage_Handler
 .text.BusFault_Handler
                0x080017f8        0x8 CMakeFiles/CanSat_Final.dir/Core/Src/stm32f4xx_it.c.obj
                0x080017f8                BusFault_Handler
 .text.UsageFault_Handler
                0x08001800        0x8 CMakeFiles/CanSat_Final.dir/Core/Src/stm32f4xx_it.c.obj
                0x08001800                UsageFault_Handler
 .text.SVC_Handler
                0x08001808        0xe CMakeFiles/CanSat_Final.dir/Core/Src/stm32f4xx_it.c.obj
                0x08001808                SVC_Handler
 .text.DebugMon_Handler
                0x08001816        0xe CMakeFiles/CanSat_Final.dir/Core/Src/stm32f4xx_it.c.obj
                0x08001816                DebugMon_Handler
 .text.PendSV_Handler
                0x08001824        0xe CMakeFiles/CanSat_Final.dir/Core/Src/stm32f4xx_it.c.obj
                0x08001824                PendSV_Handler
 .text.SysTick_Handler
                0x08001832        0xc CMakeFiles/CanSat_Final.dir/Core/Src/stm32f4xx_it.c.obj
                0x08001832                SysTick_Handler
 .text.EXTI1_IRQHandler
                0x0800183e        0xe CMakeFiles/CanSat_Final.dir/Core/Src/stm32f4xx_it.c.obj
                0x0800183e                EXTI1_IRQHandler
 .text.EXTI9_5_IRQHandler
                0x0800184c       0x10 CMakeFiles/CanSat_Final.dir/Core/Src/stm32f4xx_it.c.obj
                0x0800184c                EXTI9_5_IRQHandler
 .text.HAL_MspInit
                0x0800185c       0x50 CMakeFiles/CanSat_Final.dir/Core/Src/stm32f4xx_hal_msp.c.obj
                0x0800185c                HAL_MspInit
 .text.sh2_decodeSensorEvent
                0x080018ac      0x318 CMakeFiles/CanSat_Final.dir/Core/Src/sh2_SensorValue.c.obj
                0x080018ac                sh2_decodeSensorEvent
 .text.decodeRawAccelerometer
                0x08001bc4       0x5c CMakeFiles/CanSat_Final.dir/Core/Src/sh2_SensorValue.c.obj
 .text.decodeAccelerometer
                0x08001c20       0x80 CMakeFiles/CanSat_Final.dir/Core/Src/sh2_SensorValue.c.obj
 .text.decodeLinearAcceleration
                0x08001ca0       0x80 CMakeFiles/CanSat_Final.dir/Core/Src/sh2_SensorValue.c.obj
 .text.decodeGravity
                0x08001d20       0x80 CMakeFiles/CanSat_Final.dir/Core/Src/sh2_SensorValue.c.obj
 .text.decodeRawGyroscope
                0x08001da0       0x6e CMakeFiles/CanSat_Final.dir/Core/Src/sh2_SensorValue.c.obj
 *fill*         0x08001e0e        0x2 
 .text.decodeGyroscopeCalibrated
                0x08001e10       0x80 CMakeFiles/CanSat_Final.dir/Core/Src/sh2_SensorValue.c.obj
 .text.decodeGyroscopeUncal
                0x08001e90       0xe4 CMakeFiles/CanSat_Final.dir/Core/Src/sh2_SensorValue.c.obj
 .text.decodeRawMagnetometer
                0x08001f74       0x5c CMakeFiles/CanSat_Final.dir/Core/Src/sh2_SensorValue.c.obj
 .text.decodeMagneticFieldCalibrated
                0x08001fd0       0x80 CMakeFiles/CanSat_Final.dir/Core/Src/sh2_SensorValue.c.obj
 .text.decodeMagneticFieldUncal
                0x08002050       0xe4 CMakeFiles/CanSat_Final.dir/Core/Src/sh2_SensorValue.c.obj
 .text.decodeRotationVector
                0x08002134       0xc8 CMakeFiles/CanSat_Final.dir/Core/Src/sh2_SensorValue.c.obj
 .text.decodeGameRotationVector
                0x080021fc       0xa0 CMakeFiles/CanSat_Final.dir/Core/Src/sh2_SensorValue.c.obj
 .text.decodeGeomagneticRotationVector
                0x0800229c       0xc8 CMakeFiles/CanSat_Final.dir/Core/Src/sh2_SensorValue.c.obj
 .text.decodePressure
                0x08002364       0x38 CMakeFiles/CanSat_Final.dir/Core/Src/sh2_SensorValue.c.obj
 .text.decodeAmbientLight
                0x0800239c       0x38 CMakeFiles/CanSat_Final.dir/Core/Src/sh2_SensorValue.c.obj
 .text.decodeHumidity
                0x080023d4       0x3c CMakeFiles/CanSat_Final.dir/Core/Src/sh2_SensorValue.c.obj
 .text.decodeProximity
                0x08002410       0x3c CMakeFiles/CanSat_Final.dir/Core/Src/sh2_SensorValue.c.obj
 .text.decodeTemperature
                0x0800244c       0x3c CMakeFiles/CanSat_Final.dir/Core/Src/sh2_SensorValue.c.obj
 .text.decodeReserved
                0x08002488       0x3c CMakeFiles/CanSat_Final.dir/Core/Src/sh2_SensorValue.c.obj
 .text.decodeTapDetector
                0x080024c4       0x20 CMakeFiles/CanSat_Final.dir/Core/Src/sh2_SensorValue.c.obj
 .text.decodeStepDetector
                0x080024e4       0x24 CMakeFiles/CanSat_Final.dir/Core/Src/sh2_SensorValue.c.obj
 .text.decodeStepCounter
                0x08002508       0x36 CMakeFiles/CanSat_Final.dir/Core/Src/sh2_SensorValue.c.obj
 .text.decodeSignificantMotion
                0x0800253e       0x26 CMakeFiles/CanSat_Final.dir/Core/Src/sh2_SensorValue.c.obj
 .text.decodeStabilityClassifier
                0x08002564       0x20 CMakeFiles/CanSat_Final.dir/Core/Src/sh2_SensorValue.c.obj
 .text.decodeShakeDetector
                0x08002584       0x26 CMakeFiles/CanSat_Final.dir/Core/Src/sh2_SensorValue.c.obj
 .text.decodeFlipDetector
                0x080025aa       0x26 CMakeFiles/CanSat_Final.dir/Core/Src/sh2_SensorValue.c.obj
 .text.decodePickupDetector
                0x080025d0       0x26 CMakeFiles/CanSat_Final.dir/Core/Src/sh2_SensorValue.c.obj
 .text.decodeStabilityDetector
                0x080025f6       0x26 CMakeFiles/CanSat_Final.dir/Core/Src/sh2_SensorValue.c.obj
 .text.decodePersonalActivityClassifier
                0x0800261c       0x66 CMakeFiles/CanSat_Final.dir/Core/Src/sh2_SensorValue.c.obj
 .text.decodeSleepDetector
                0x08002682       0x20 CMakeFiles/CanSat_Final.dir/Core/Src/sh2_SensorValue.c.obj
 .text.decodeTiltDetector
                0x080026a2       0x26 CMakeFiles/CanSat_Final.dir/Core/Src/sh2_SensorValue.c.obj
 .text.decodePocketDetector
                0x080026c8       0x26 CMakeFiles/CanSat_Final.dir/Core/Src/sh2_SensorValue.c.obj
 .text.decodeCircleDetector
                0x080026ee       0x26 CMakeFiles/CanSat_Final.dir/Core/Src/sh2_SensorValue.c.obj
 .text.decodeHeartRateMonitor
                0x08002714       0x26 CMakeFiles/CanSat_Final.dir/Core/Src/sh2_SensorValue.c.obj
 *fill*         0x0800273a        0x2 
 .text.decodeArvrStabilizedRV
                0x0800273c       0xc8 CMakeFiles/CanSat_Final.dir/Core/Src/sh2_SensorValue.c.obj
 .text.decodeArvrStabilizedGRV
                0x08002804       0xa0 CMakeFiles/CanSat_Final.dir/Core/Src/sh2_SensorValue.c.obj
 .text.decodeGyroIntegratedRV
                0x080028a4      0x10c CMakeFiles/CanSat_Final.dir/Core/Src/sh2_SensorValue.c.obj
 .text.decodeIZroRequest
                0x080029b0       0x28 CMakeFiles/CanSat_Final.dir/Core/Src/sh2_SensorValue.c.obj
 .text.decodeRawOptFlow
                0x080029d8       0xfa CMakeFiles/CanSat_Final.dir/Core/Src/sh2_SensorValue.c.obj
 *fill*         0x08002ad2        0x2 
 .text.decodeDeadReckoningPose
                0x08002ad4      0x1d4 CMakeFiles/CanSat_Final.dir/Core/Src/sh2_SensorValue.c.obj
 .text.decodeWheelEncoder
                0x08002ca8       0x5c CMakeFiles/CanSat_Final.dir/Core/Src/sh2_SensorValue.c.obj
 .text.readu16  0x08002d04       0x2e CMakeFiles/CanSat_Final.dir/Core/Src/sh2_util.c.obj
                0x08002d04                readu16
 .text.readu32  0x08002d32       0x3c CMakeFiles/CanSat_Final.dir/Core/Src/sh2_util.c.obj
                0x08002d32                readu32
 .text.read8    0x08002d6e       0x1e CMakeFiles/CanSat_Final.dir/Core/Src/sh2_util.c.obj
                0x08002d6e                read8
 .text.read16   0x08002d8c       0x2e CMakeFiles/CanSat_Final.dir/Core/Src/sh2_util.c.obj
                0x08002d8c                read16
 .text.read32   0x08002dba       0x3c CMakeFiles/CanSat_Final.dir/Core/Src/sh2_util.c.obj
                0x08002dba                read32
 .text.opStart  0x08002df6       0x4a CMakeFiles/CanSat_Final.dir/Core/Src/sh2.c.obj
 .text.opRx     0x08002e40       0x36 CMakeFiles/CanSat_Final.dir/Core/Src/sh2.c.obj
 .text.opCompleted
                0x08002e76       0x24 CMakeFiles/CanSat_Final.dir/Core/Src/sh2.c.obj
 .text.opOnReset
                0x08002e9a       0x38 CMakeFiles/CanSat_Final.dir/Core/Src/sh2.c.obj
 *fill*         0x08002ed2        0x2 
 .text.getReportLen
                0x08002ed4       0x48 CMakeFiles/CanSat_Final.dir/Core/Src/sh2.c.obj
 .text.sensorhubControlHdlr
                0x08002f1c      0x15c CMakeFiles/CanSat_Final.dir/Core/Src/sh2.c.obj
 .text.opProcess
                0x08003078       0xa8 CMakeFiles/CanSat_Final.dir/Core/Src/sh2.c.obj
 .text.touSTimestamp
                0x08003120       0x88 CMakeFiles/CanSat_Final.dir/Core/Src/sh2.c.obj
 .text.sensorhubInputHdlr
                0x080031a8      0x160 CMakeFiles/CanSat_Final.dir/Core/Src/sh2.c.obj
 .text.sensorhubInputNormalHdlr
                0x08003308       0x28 CMakeFiles/CanSat_Final.dir/Core/Src/sh2.c.obj
 .text.sensorhubInputWakeHdlr
                0x08003330       0x28 CMakeFiles/CanSat_Final.dir/Core/Src/sh2.c.obj
 .text.sensorhubInputGyroRvHdlr
                0x08003358       0xa2 CMakeFiles/CanSat_Final.dir/Core/Src/sh2.c.obj
 *fill*         0x080033fa        0x2 
 .text.executableDeviceHdlr
                0x080033fc       0x78 CMakeFiles/CanSat_Final.dir/Core/Src/sh2.c.obj
 .text.sendCtrl
                0x08003474       0x26 CMakeFiles/CanSat_Final.dir/Core/Src/sh2.c.obj
 .text.setSensorConfigStart
                0x0800349a       0xda CMakeFiles/CanSat_Final.dir/Core/Src/sh2.c.obj
 .text.shtpEventCallback
                0x08003574       0x44 CMakeFiles/CanSat_Final.dir/Core/Src/sh2.c.obj
 .text.sh2_open
                0x080035b8      0x134 CMakeFiles/CanSat_Final.dir/Core/Src/sh2.c.obj
                0x080035b8                sh2_open
 .text.sh2_service
                0x080036ec       0x28 CMakeFiles/CanSat_Final.dir/Core/Src/sh2.c.obj
                0x080036ec                sh2_service
 .text.sh2_setSensorCallback
                0x08003714       0x2c CMakeFiles/CanSat_Final.dir/Core/Src/sh2.c.obj
                0x08003714                sh2_setSensorCallback
 .text.sh2_setSensorConfig
                0x08003740       0x54 CMakeFiles/CanSat_Final.dir/Core/Src/sh2.c.obj
                0x08003740                sh2_setSensorConfig
 .text.shtp_init
                0x08003794       0x44 CMakeFiles/CanSat_Final.dir/Core/Src/shtp.c.obj
 .text.getInstance
                0x080037d8       0x50 CMakeFiles/CanSat_Final.dir/Core/Src/shtp.c.obj
 .text.min_u16  0x08003828       0x2a CMakeFiles/CanSat_Final.dir/Core/Src/shtp.c.obj
 .text.txProcess
                0x08003852      0x12a CMakeFiles/CanSat_Final.dir/Core/Src/shtp.c.obj
 .text.rxAssemble
                0x0800397c      0x2bc CMakeFiles/CanSat_Final.dir/Core/Src/shtp.c.obj
 .text.shtp_open
                0x08003c38       0x68 CMakeFiles/CanSat_Final.dir/Core/Src/shtp.c.obj
                0x08003c38                shtp_open
 .text.shtp_setEventCallback
                0x08003ca0       0x28 CMakeFiles/CanSat_Final.dir/Core/Src/shtp.c.obj
                0x08003ca0                shtp_setEventCallback
 .text.shtp_listenChan
                0x08003cc8       0x60 CMakeFiles/CanSat_Final.dir/Core/Src/shtp.c.obj
                0x08003cc8                shtp_listenChan
 .text.shtp_send
                0x08003d28       0x62 CMakeFiles/CanSat_Final.dir/Core/Src/shtp.c.obj
                0x08003d28                shtp_send
 .text.shtp_service
                0x08003d8a       0x4c CMakeFiles/CanSat_Final.dir/Core/Src/shtp.c.obj
                0x08003d8a                shtp_service
 *fill*         0x08003dd6        0x2 
 .text.cs_low   0x08003dd8       0x18 CMakeFiles/CanSat_Final.dir/Core/Src/sx1278.c.obj
 .text.cs_high  0x08003df0       0x18 CMakeFiles/CanSat_Final.dir/Core/Src/sx1278.c.obj
 .text.sx1278_write
                0x08003e08       0x40 CMakeFiles/CanSat_Final.dir/Core/Src/sx1278.c.obj
                0x08003e08                sx1278_write
 .text.sx1278_read
                0x08003e48       0x48 CMakeFiles/CanSat_Final.dir/Core/Src/sx1278.c.obj
                0x08003e48                sx1278_read
 .text.sx1278_reset
                0x08003e90       0x2c CMakeFiles/CanSat_Final.dir/Core/Src/sx1278.c.obj
                0x08003e90                sx1278_reset
 .text.sx1278_init
                0x08003ebc       0x9a CMakeFiles/CanSat_Final.dir/Core/Src/sx1278.c.obj
                0x08003ebc                sx1278_init
 *fill*         0x08003f56        0x2 
 .text.sx1278_send
                0x08003f58       0x70 CMakeFiles/CanSat_Final.dir/Core/Src/sx1278.c.obj
                0x08003f58                sx1278_send
 .text.telemetry_build_LoRa
                0x08003fc8       0x64 CMakeFiles/CanSat_Final.dir/Core/Src/telemetry.c.obj
                0x08003fc8                telemetry_build_LoRa
 .text.Reset_Handler
                0x0800402c       0x50 CMakeFiles/CanSat_Final.dir/startup_stm32f411xe.s.obj
                0x0800402c                Reset_Handler
 .text.Default_Handler
                0x0800407c        0x2 CMakeFiles/CanSat_Final.dir/startup_stm32f411xe.s.obj
                0x0800407c                RTC_Alarm_IRQHandler
                0x0800407c                EXTI2_IRQHandler
                0x0800407c                SPI4_IRQHandler
                0x0800407c                TIM1_CC_IRQHandler
                0x0800407c                DMA2_Stream5_IRQHandler
                0x0800407c                DMA1_Stream5_IRQHandler
                0x0800407c                PVD_IRQHandler
                0x0800407c                SDIO_IRQHandler
                0x0800407c                TAMP_STAMP_IRQHandler
                0x0800407c                EXTI3_IRQHandler
                0x0800407c                TIM1_UP_TIM10_IRQHandler
                0x0800407c                I2C3_ER_IRQHandler
                0x0800407c                EXTI0_IRQHandler
                0x0800407c                I2C2_EV_IRQHandler
                0x0800407c                DMA1_Stream2_IRQHandler
                0x0800407c                FPU_IRQHandler
                0x0800407c                DMA2_Stream2_IRQHandler
                0x0800407c                SPI1_IRQHandler
                0x0800407c                TIM1_BRK_TIM9_IRQHandler
                0x0800407c                DMA2_Stream3_IRQHandler
                0x0800407c                USART6_IRQHandler
                0x0800407c                DMA2_Stream0_IRQHandler
                0x0800407c                TIM4_IRQHandler
                0x0800407c                I2C1_EV_IRQHandler
                0x0800407c                DMA1_Stream6_IRQHandler
                0x0800407c                DMA1_Stream1_IRQHandler
                0x0800407c                TIM3_IRQHandler
                0x0800407c                RCC_IRQHandler
                0x0800407c                Default_Handler
                0x0800407c                EXTI15_10_IRQHandler
                0x0800407c                ADC_IRQHandler
                0x0800407c                DMA1_Stream7_IRQHandler
                0x0800407c                SPI5_IRQHandler
                0x0800407c                TIM5_IRQHandler
                0x0800407c                DMA2_Stream7_IRQHandler
                0x0800407c                I2C3_EV_IRQHandler
                0x0800407c                RTC_WKUP_IRQHandler
                0x0800407c                SPI2_IRQHandler
                0x0800407c                DMA1_Stream0_IRQHandler
                0x0800407c                EXTI4_IRQHandler
                0x0800407c                WWDG_IRQHandler
                0x0800407c                TIM2_IRQHandler
                0x0800407c                OTG_FS_WKUP_IRQHandler
                0x0800407c                TIM1_TRG_COM_TIM11_IRQHandler
                0x0800407c                USART2_IRQHandler
                0x0800407c                I2C2_ER_IRQHandler
                0x0800407c                DMA2_Stream1_IRQHandler
                0x0800407c                FLASH_IRQHandler
                0x0800407c                DMA2_Stream4_IRQHandler
                0x0800407c                USART1_IRQHandler
                0x0800407c                OTG_FS_IRQHandler
                0x0800407c                SPI3_IRQHandler
                0x0800407c                DMA1_Stream4_IRQHandler
                0x0800407c                I2C1_ER_IRQHandler
                0x0800407c                DMA2_Stream6_IRQHandler
                0x0800407c                DMA1_Stream3_IRQHandler
 *fill*         0x0800407e        0x2 
 .text.SystemInit
                0x08004080       0x24 libSTM32_Drivers.a(system_stm32f4xx.c.obj)
                0x08004080                SystemInit
 .text.HAL_RCC_OscConfig
                0x080040a4      0x4f0 libSTM32_Drivers.a(stm32f4xx_hal_rcc.c.obj)
                0x080040a4                HAL_RCC_OscConfig
 .text.HAL_RCC_ClockConfig
                0x08004594      0x1cc libSTM32_Drivers.a(stm32f4xx_hal_rcc.c.obj)
                0x08004594                HAL_RCC_ClockConfig
 .text.HAL_RCC_GetSysClockFreq
                0x08004760      0x188 libSTM32_Drivers.a(stm32f4xx_hal_rcc.c.obj)
                0x08004760                HAL_RCC_GetSysClockFreq
 .text.HAL_RCC_GetHCLKFreq
                0x080048e8       0x18 libSTM32_Drivers.a(stm32f4xx_hal_rcc.c.obj)
                0x080048e8                HAL_RCC_GetHCLKFreq
 .text.HAL_RCC_GetPCLK1Freq
                0x08004900       0x28 libSTM32_Drivers.a(stm32f4xx_hal_rcc.c.obj)
                0x08004900                HAL_RCC_GetPCLK1Freq
 .text.HAL_GPIO_Init
                0x08004928      0x308 libSTM32_Drivers.a(stm32f4xx_hal_gpio.c.obj)
                0x08004928                HAL_GPIO_Init
 .text.HAL_GPIO_ReadPin
                0x08004c30       0x30 libSTM32_Drivers.a(stm32f4xx_hal_gpio.c.obj)
                0x08004c30                HAL_GPIO_ReadPin
 .text.HAL_GPIO_WritePin
                0x08004c60       0x32 libSTM32_Drivers.a(stm32f4xx_hal_gpio.c.obj)
                0x08004c60                HAL_GPIO_WritePin
 .text.HAL_GPIO_TogglePin
                0x08004c92       0x34 libSTM32_Drivers.a(stm32f4xx_hal_gpio.c.obj)
                0x08004c92                HAL_GPIO_TogglePin
 *fill*         0x08004cc6        0x2 
 .text.HAL_GPIO_EXTI_IRQHandler
                0x08004cc8       0x30 libSTM32_Drivers.a(stm32f4xx_hal_gpio.c.obj)
                0x08004cc8                HAL_GPIO_EXTI_IRQHandler
 .text.HAL_Init
                0x08004cf8       0x44 libSTM32_Drivers.a(stm32f4xx_hal.c.obj)
                0x08004cf8                HAL_Init
 .text.HAL_InitTick
                0x08004d3c       0x60 libSTM32_Drivers.a(stm32f4xx_hal.c.obj)
                0x08004d3c                HAL_InitTick
 .text.HAL_IncTick
                0x08004d9c       0x28 libSTM32_Drivers.a(stm32f4xx_hal.c.obj)
                0x08004d9c                HAL_IncTick
 .text.HAL_GetTick
                0x08004dc4       0x18 libSTM32_Drivers.a(stm32f4xx_hal.c.obj)
                0x08004dc4                HAL_GetTick
 .text.HAL_Delay
                0x08004ddc       0x48 libSTM32_Drivers.a(stm32f4xx_hal.c.obj)
                0x08004ddc                HAL_Delay
 .text.HAL_I2C_Init
                0x08004e24      0x288 libSTM32_Drivers.a(stm32f4xx_hal_i2c.c.obj)
                0x08004e24                HAL_I2C_Init
 .text.HAL_I2C_Master_Transmit
                0x080050ac      0x1fc libSTM32_Drivers.a(stm32f4xx_hal_i2c.c.obj)
                0x080050ac                HAL_I2C_Master_Transmit
 .text.HAL_I2C_Master_Receive
                0x080052a8      0x464 libSTM32_Drivers.a(stm32f4xx_hal_i2c.c.obj)
                0x080052a8                HAL_I2C_Master_Receive
 .text.HAL_I2C_Mem_Write
                0x0800570c      0x1f4 libSTM32_Drivers.a(stm32f4xx_hal_i2c.c.obj)
                0x0800570c                HAL_I2C_Mem_Write
 .text.HAL_I2C_Mem_Read
                0x08005900      0x464 libSTM32_Drivers.a(stm32f4xx_hal_i2c.c.obj)
                0x08005900                HAL_I2C_Mem_Read
 .text.I2C_MasterRequestWrite
                0x08005d64      0x104 libSTM32_Drivers.a(stm32f4xx_hal_i2c.c.obj)
 .text.I2C_MasterRequestRead
                0x08005e68      0x19c libSTM32_Drivers.a(stm32f4xx_hal_i2c.c.obj)
 .text.I2C_RequestMemoryWrite
                0x08006004      0x12c libSTM32_Drivers.a(stm32f4xx_hal_i2c.c.obj)
 .text.I2C_RequestMemoryRead
                0x08006130      0x1d0 libSTM32_Drivers.a(stm32f4xx_hal_i2c.c.obj)
 .text.I2C_WaitOnFlagUntilTimeout
                0x08006300       0xf4 libSTM32_Drivers.a(stm32f4xx_hal_i2c.c.obj)
 .text.I2C_WaitOnMasterAddressFlagUntilTimeout
                0x080063f4      0x140 libSTM32_Drivers.a(stm32f4xx_hal_i2c.c.obj)
 .text.I2C_WaitOnTXEFlagUntilTimeout
                0x08006534       0x90 libSTM32_Drivers.a(stm32f4xx_hal_i2c.c.obj)
 .text.I2C_WaitOnBTFFlagUntilTimeout
                0x080065c4       0x90 libSTM32_Drivers.a(stm32f4xx_hal_i2c.c.obj)
 .text.I2C_WaitOnRXNEFlagUntilTimeout
                0x08006654       0xba libSTM32_Drivers.a(stm32f4xx_hal_i2c.c.obj)
 .text.I2C_IsAcknowledgeFailed
                0x0800670e       0x5e libSTM32_Drivers.a(stm32f4xx_hal_i2c.c.obj)
 .text.HAL_SPI_Init
                0x0800676c      0x112 libSTM32_Drivers.a(stm32f4xx_hal_spi.c.obj)
                0x0800676c                HAL_SPI_Init
 .text.HAL_SPI_Transmit
                0x0800687e      0x288 libSTM32_Drivers.a(stm32f4xx_hal_spi.c.obj)
                0x0800687e                HAL_SPI_Transmit
 .text.HAL_SPI_Receive
                0x08006b06      0x232 libSTM32_Drivers.a(stm32f4xx_hal_spi.c.obj)
                0x08006b06                HAL_SPI_Receive
 .text.HAL_SPI_TransmitReceive
                0x08006d38      0x352 libSTM32_Drivers.a(stm32f4xx_hal_spi.c.obj)
                0x08006d38                HAL_SPI_TransmitReceive
 *fill*         0x0800708a        0x2 
 .text.SPI_WaitFlagStateUntilTimeout
                0x0800708c      0x110 libSTM32_Drivers.a(stm32f4xx_hal_spi.c.obj)
 .text.SPI_EndRxTransaction
                0x0800719c       0xca libSTM32_Drivers.a(stm32f4xx_hal_spi.c.obj)
 *fill*         0x08007266        0x2 
 .text.SPI_EndRxTxTransaction
                0x08007268       0xa8 libSTM32_Drivers.a(stm32f4xx_hal_spi.c.obj)
 .text.__NVIC_SetPriorityGrouping
                0x08007310       0x48 libSTM32_Drivers.a(stm32f4xx_hal_cortex.c.obj)
 .text.__NVIC_GetPriorityGrouping
                0x08007358       0x1c libSTM32_Drivers.a(stm32f4xx_hal_cortex.c.obj)
 .text.__NVIC_SetPriority
                0x08007374       0x54 libSTM32_Drivers.a(stm32f4xx_hal_cortex.c.obj)
 .text.NVIC_EncodePriority
                0x080073c8       0x66 libSTM32_Drivers.a(stm32f4xx_hal_cortex.c.obj)
 *fill*         0x0800742e        0x2 
 .text.SysTick_Config
                0x08007430       0x44 libSTM32_Drivers.a(stm32f4xx_hal_cortex.c.obj)
 .text.HAL_NVIC_SetPriorityGrouping
                0x08007474       0x16 libSTM32_Drivers.a(stm32f4xx_hal_cortex.c.obj)
                0x08007474                HAL_NVIC_SetPriorityGrouping
 .text.HAL_NVIC_SetPriority
                0x0800748a       0x38 libSTM32_Drivers.a(stm32f4xx_hal_cortex.c.obj)
                0x0800748a                HAL_NVIC_SetPriority
 .text.HAL_SYSTICK_Config
                0x080074c2       0x18 libSTM32_Drivers.a(stm32f4xx_hal_cortex.c.obj)
                0x080074c2                HAL_SYSTICK_Config
 *fill*         0x080074da        0x2 
 .text.powf     0x080074dc       0xbc /home/gashadokuro/.local/share/stm32cube/bundles/gnu-tools-for-stm32/14.3.1+st.2/bin/../lib/gcc/arm-none-eabi/14.3.1/../../../../arm-none-eabi/lib/thumb/v7e-m+fp/hard/libm.a(libm_a-wf_pow.o)
                0x080074dc                powf
 .text.finitef  0x08007598       0x14 /home/gashadokuro/.local/share/stm32cube/bundles/gnu-tools-for-stm32/14.3.1+st.2/bin/../lib/gcc/arm-none-eabi/14.3.1/../../../../arm-none-eabi/lib/thumb/v7e-m+fp/hard/libm.a(libm_a-sf_finite.o)
                0x08007598                finitef
 .text.__ieee754_powf
                0x080075ac      0x6b8 /home/gashadokuro/.local/share/stm32cube/bundles/gnu-tools-for-stm32/14.3.1+st.2/bin/../lib/gcc/arm-none-eabi/14.3.1/../../../../arm-none-eabi/lib/thumb/v7e-m+fp/hard/libm.a(libm_a-ef_pow.o)
                0x080075ac                __ieee754_powf
 .text.fabsf    0x08007c64       0x10 /home/gashadokuro/.local/share/stm32cube/bundles/gnu-tools-for-stm32/14.3.1+st.2/bin/../lib/gcc/arm-none-eabi/14.3.1/../../../../arm-none-eabi/lib/thumb/v7e-m+fp/hard/libm.a(libm_a-sf_fabs.o)
                0x08007c64                fabsf
 .text.scalbnf  0x08007c74       0xdc /home/gashadokuro/.local/share/stm32cube/bundles/gnu-tools-for-stm32/14.3.1+st.2/bin/../lib/gcc/arm-none-eabi/14.3.1/../../../../arm-none-eabi/lib/thumb/v7e-m+fp/hard/libm.a(libm_a-sf_scalbn.o)
                0x08007c74                scalbnf
 .text.with_errnof
                0x08007d50       0x1c /home/gashadokuro/.local/share/stm32cube/bundles/gnu-tools-for-stm32/14.3.1+st.2/bin/../lib/gcc/arm-none-eabi/14.3.1/../../../../arm-none-eabi/lib/thumb/v7e-m+fp/hard/libm.a(libm_a-math_errf.o)
 .text.xflowf   0x08007d6c       0x20 /home/gashadokuro/.local/share/stm32cube/bundles/gnu-tools-for-stm32/14.3.1+st.2/bin/../lib/gcc/arm-none-eabi/14.3.1/../../../../arm-none-eabi/lib/thumb/v7e-m+fp/hard/libm.a(libm_a-math_errf.o)
 .text.__math_uflowf
                0x08007d8c        0xc /home/gashadokuro/.local/share/stm32cube/bundles/gnu-tools-for-stm32/14.3.1+st.2/bin/../lib/gcc/arm-none-eabi/14.3.1/../../../../arm-none-eabi/lib/thumb/v7e-m+fp/hard/libm.a(libm_a-math_errf.o)
                0x08007d8c                __math_uflowf
 .text.__math_oflowf
                0x08007d98        0xc /home/gashadokuro/.local/share/stm32cube/bundles/gnu-tools-for-stm32/14.3.1+st.2/bin/../lib/gcc/arm-none-eabi/14.3.1/../../../../arm-none-eabi/lib/thumb/v7e-m+fp/hard/libm.a(libm_a-math_errf.o)
                0x08007d98                __math_oflowf
 .text.__ieee754_sqrtf
                0x08007da4        0x8 /home/gashadokuro/.local/share/stm32cube/bundles/gnu-tools-for-stm32/14.3.1+st.2/bin/../lib/gcc/arm-none-eabi/14.3.1/../../../../arm-none-eabi/lib/thumb/v7e-m+fp/hard/libm.a(libm_a-ef_sqrt.o)
                0x08007da4                __ieee754_sqrtf
 .text.memset   0x08007dac       0x10 /home/gashadokuro/.local/share/stm32cube/bundles/gnu-tools-for-stm32/14.3.1+st.2/bin/../lib/gcc/arm-none-eabi/14.3.1/../../../../arm-none-eabi/lib/thumb/v7e-m+fp/hard/libg_nano.a(libc_a-memset.o)
                0x08007dac                memset
 .text.__errno  0x08007dbc        0xc /home/gashadokuro/.local/share/stm32cube/bundles/gnu-tools-for-stm32/14.3.1+st.2/bin/../lib/gcc/arm-none-eabi/14.3.1/../../../../arm-none-eabi/lib/thumb/v7e-m+fp/hard/libg_nano.a(libc_a-errno.o)
                0x08007dbc                __errno
 .text.__libc_init_array
                0x08007dc8       0x48 /home/gashadokuro/.local/share/stm32cube/bundles/gnu-tools-for-stm32/14.3.1+st.2/bin/../lib/gcc/arm-none-eabi/14.3.1/../../../../arm-none-eabi/lib/thumb/v7e-m+fp/hard/libg_nano.a(libc_a-init.o)
                0x08007dc8                __libc_init_array
 .text.memcpy   0x08007e10       0x1c /home/gashadokuro/.local/share/stm32cube/bundles/gnu-tools-for-stm32/14.3.1+st.2/bin/../lib/gcc/arm-none-eabi/14.3.1/../../../../arm-none-eabi/lib/thumb/v7e-m+fp/hard/libg_nano.a(libc_a-memcpy-stub.o)
                0x08007e10                memcpy
 *(.glue_7)
 .glue_7        0x08007e2c        0x0 linker stubs
 *(.glue_7t)
 .glue_7t       0x08007e2c        0x0 linker stubs
 *(.eh_frame)
 .eh_frame      0x08007e2c        0x0 /home/gashadokuro/.local/share/stm32cube/bundles/gnu-tools-for-stm32/14.3.1+st.2/bin/../lib/gcc/arm-none-eabi/14.3.1/thumb/v7e-m+fp/hard/crtbegin.o
 *(.init)
 .init          0x08007e2c        0x4 /home/gashadokuro/.local/share/stm32cube/bundles/gnu-tools-for-stm32/14.3.1+st.2/bin/../lib/gcc/arm-none-eabi/14.3.1/thumb/v7e-m+fp/hard/crti.o
                0x08007e2c                _init
 .init          0x08007e30        0x8 /home/gashadokuro/.local/share/stm32cube/bundles/gnu-tools-for-stm32/14.3.1+st.2/bin/../lib/gcc/arm-none-eabi/14.3.1/thumb/v7e-m+fp/hard/crtn.o
 *(.fini)
 .fini          0x08007e38        0x4 /home/gashadokuro/.local/share/stm32cube/bundles/gnu-tools-for-stm32/14.3.1+st.2/bin/../lib/gcc/arm-none-eabi/14.3.1/thumb/v7e-m+fp/hard/crti.o
                0x08007e38                _fini
 .fini          0x08007e3c        0x8 /home/gashadokuro/.local/share/stm32cube/bundles/gnu-tools-for-stm32/14.3.1+st.2/bin/../lib/gcc/arm-none-eabi/14.3.1/thumb/v7e-m+fp/hard/crtn.o
                0x08007e44                        . = ALIGN (0x4)
                0x08007e44                        _etext = .

.vfp11_veneer   0x08007e44        0x0
 .vfp11_veneer  0x08007e44        0x0 linker stubs

.v4_bx          0x08007e44        0x0
 .v4_bx         0x08007e44        0x0 linker stubs

.iplt           0x08007e44        0x0
 .iplt          0x08007e44        0x0 /home/gashadokuro/.local/share/stm32cube/bundles/gnu-tools-for-stm32/14.3.1+st.2/bin/../lib/gcc/arm-none-eabi/14.3.1/thumb/v7e-m+fp/hard/crtbegin.o

.rodata         0x08007e44       0x88
                0x08007e44                        . = ALIGN (0x4)
 *(.rodata)
 *(.rodata*)
 .rodata.sh2ReportLens
                0x08007e44       0x60 CMakeFiles/CanSat_Final.dir/Core/Src/sh2.c.obj
 .rodata.setSensorConfigOp
                0x08007ea4       0x10 CMakeFiles/CanSat_Final.dir/Core/Src/sh2.c.obj
                0x08007ea4                setSensorConfigOp
 .rodata.AHBPrescTable
                0x08007eb4       0x10 libSTM32_Drivers.a(system_stm32f4xx.c.obj)
                0x08007eb4                AHBPrescTable
 .rodata.APBPrescTable
                0x08007ec4        0x8 libSTM32_Drivers.a(system_stm32f4xx.c.obj)
                0x08007ec4                APBPrescTable
                0x08007ecc                        . = ALIGN (0x4)

.ARM.extab      0x08007ecc        0x0
                0x08007ecc                        . = ALIGN (0x4)
 *(.ARM.extab* .gnu.linkonce.armextab.*)
                0x08007ecc                        . = ALIGN (0x4)

.ARM            0x08007ecc        0x8
                0x08007ecc                        . = ALIGN (0x4)
                0x08007ecc                        __exidx_start = .
 *(.ARM.exidx*)
 .ARM.exidx     0x08007ecc        0x8 /home/gashadokuro/.local/share/stm32cube/bundles/gnu-tools-for-stm32/14.3.1+st.2/bin/../lib/gcc/arm-none-eabi/14.3.1/thumb/v7e-m+fp/hard/libgcc.a(_udivmoddi4.o)
                0x08007ed4                        __exidx_end = .
                0x08007ed4                        . = ALIGN (0x4)

.preinit_array  0x08007ed4        0x0
                0x08007ed4                        . = ALIGN (0x4)
                0x08007ed4                        PROVIDE (__preinit_array_start = .)
 *(.preinit_array*)
                0x08007ed4                        PROVIDE (__preinit_array_end = .)
                0x08007ed4                        . = ALIGN (0x4)

.init_array     0x08007ed4        0x4
                0x08007ed4                        . = ALIGN (0x4)
                0x08007ed4                        PROVIDE (__init_array_start = .)
 *(SORT_BY_NAME(.init_array.*))
 *(.init_array*)
 .init_array    0x08007ed4        0x4 /home/gashadokuro/.local/share/stm32cube/bundles/gnu-tools-for-stm32/14.3.1+st.2/bin/../lib/gcc/arm-none-eabi/14.3.1/thumb/v7e-m+fp/hard/crtbegin.o
                0x08007ed8                        PROVIDE (__init_array_end = .)
                0x08007ed8                        . = ALIGN (0x4)

.fini_array     0x08007ed8        0x4
                0x08007ed8                        . = ALIGN (0x4)
                [!provide]                        PROVIDE (__fini_array_start = .)
 *(SORT_BY_NAME(.fini_array.*))
 *(.fini_array*)
 .fini_array    0x08007ed8        0x4 /home/gashadokuro/.local/share/stm32cube/bundles/gnu-tools-for-stm32/14.3.1+st.2/bin/../lib/gcc/arm-none-eabi/14.3.1/thumb/v7e-m+fp/hard/crtbegin.o
                [!provide]                        PROVIDE (__fini_array_end = .)
                0x08007edc                        . = ALIGN (0x4)
                0x08007edc                        _sidata = LOADADDR (.data)

.rel.dyn        0x08007edc        0x0
 .rel.iplt      0x08007edc        0x0 /home/gashadokuro/.local/share/stm32cube/bundles/gnu-tools-for-stm32/14.3.1+st.2/bin/../lib/gcc/arm-none-eabi/14.3.1/thumb/v7e-m+fp/hard/crtbegin.o

.data           0x20000000       0x74 load address 0x08007edc
                0x20000000                        . = ALIGN (0x4)
                0x20000000                        _sdata = .
 *(.data)
 *(.data*)
 .data.g_lora_ready
                0x20000000        0x1 CMakeFiles/CanSat_Final.dir/Core/Src/main.c.obj
                0x20000000                g_lora_ready
 *fill*         0x20000001        0x3 
 .data.g_sh2_hal
                0x20000004       0x14 CMakeFiles/CanSat_Final.dir/Core/Src/main.c.obj
                0x20000004                g_sh2_hal
 .data.SystemCoreClock
                0x20000018        0x4 libSTM32_Drivers.a(system_stm32f4xx.c.obj)
                0x20000018                SystemCoreClock
 .data.uwTickPrio
                0x2000001c        0x4 libSTM32_Drivers.a(stm32f4xx_hal.c.obj)
                0x2000001c                uwTickPrio
 .data.uwTickFreq
                0x20000020        0x1 libSTM32_Drivers.a(stm32f4xx_hal.c.obj)
                0x20000020                uwTickFreq
 *fill*         0x20000021        0x3 
 .data._impure_ptr
                0x20000024        0x4 /home/gashadokuro/.local/share/stm32cube/bundles/gnu-tools-for-stm32/14.3.1+st.2/bin/../lib/gcc/arm-none-eabi/14.3.1/../../../../arm-none-eabi/lib/thumb/v7e-m+fp/hard/libg_nano.a(libc_a-impure.o)
                0x20000024                _impure_ptr
 .data._impure_data
                0x20000028       0x4c /home/gashadokuro/.local/share/stm32cube/bundles/gnu-tools-for-stm32/14.3.1+st.2/bin/../lib/gcc/arm-none-eabi/14.3.1/../../../../arm-none-eabi/lib/thumb/v7e-m+fp/hard/libg_nano.a(libc_a-impure.o)
                0x20000028                _impure_data
 *(.RamFunc)
 *(.RamFunc*)
                0x20000074                        . = ALIGN (0x4)

.igot.plt       0x20000074        0x0 load address 0x08007f50
 .igot.plt      0x20000074        0x0 /home/gashadokuro/.local/share/stm32cube/bundles/gnu-tools-for-stm32/14.3.1+st.2/bin/../lib/gcc/arm-none-eabi/14.3.1/thumb/v7e-m+fp/hard/crtbegin.o

.tdata          0x20000074        0x0 load address 0x08007f50
 *(.tdata .tdata.* .gnu.linkonce.td.*)
                0x20000074                        . = ALIGN (0x4)
                0x20000074                        _edata = .
                [!provide]                        PROVIDE (__data_end = .)
                [!provide]                        PROVIDE (__tdata_end = .)
                [!provide]                        PROVIDE (__tdata_start = ADDR (.tdata))
                [!provide]                        PROVIDE (__tdata_size = (__tdata_end - __tdata_start))
                [!provide]                        PROVIDE (__data_start = ADDR (.data))
                [!provide]                        PROVIDE (__data_size = (__data_end - __data_start))
                [!provide]                        PROVIDE (__tdata_source = LOADADDR (.tdata))
                [!provide]                        PROVIDE (__tdata_source_end = (LOADADDR (.tdata) + SIZEOF (.tdata)))
                [!provide]                        PROVIDE (__tdata_source_size = (__tdata_source_end - __tdata_source))
                [!provide]                        PROVIDE (__data_source = LOADADDR (.data))
                [!provide]                        PROVIDE (__data_source_end = __tdata_source_end)
                [!provide]                        PROVIDE (__data_source_size = (__data_source_end - __data_source))

.tbss           0x20000074        0x0 load address 0x08007f50
                0x20000074                        _sbss = .
                0x20000074                        __bss_start__ = _sbss
 *(.tbss .tbss.*)
                0x20000074                        . = ALIGN (0x4)
                [!provide]                        PROVIDE (__tbss_end = .)
                [!provide]                        PROVIDE (__tbss_start = ADDR (.tbss))
                [!provide]                        PROVIDE (__tbss_size = (__tbss_end - __tbss_start))
                [!provide]                        PROVIDE (__tbss_offset = (ADDR (.tbss) - ADDR (.tdata)))
                [!provide]                        PROVIDE (__tls_base = __tdata_start)
                [!provide]                        PROVIDE (__tls_end = __tbss_end)
                [!provide]                        PROVIDE (__tls_size = (__tls_end - __tls_base))
                [!provide]                        PROVIDE (__tls_align = MAX (ALIGNOF (.tdata), ALIGNOF (.tbss)))
                [!provide]                        PROVIDE (__tls_size_align = (((__tls_size + __tls_align) - 0x1) & ~ ((__tls_align - 0x1))))
                [!provide]                        PROVIDE (__arm32_tls_tcb_offset = MAX (0x8, __tls_align))
                [!provide]                        PROVIDE (__arm64_tls_tcb_offset = MAX (0x10, __tls_align))

.bss            0x20000074      0xd30 load address 0x08007f50
 *(.bss)
 .bss           0x20000074       0x1c /home/gashadokuro/.local/share/stm32cube/bundles/gnu-tools-for-stm32/14.3.1+st.2/bin/../lib/gcc/arm-none-eabi/14.3.1/thumb/v7e-m+fp/hard/crtbegin.o
 *(.bss*)
 .bss.trigger   0x20000090        0x2 CMakeFiles/CanSat_Final.dir/Core/Src/main.c.obj
                0x20000090                trigger
 *fill*         0x20000092        0x2 
 .bss.temperature
                0x20000094        0x4 CMakeFiles/CanSat_Final.dir/Core/Src/main.c.obj
                0x20000094                temperature
 .bss.pressure  0x20000098        0x4 CMakeFiles/CanSat_Final.dir/Core/Src/main.c.obj
                0x20000098                pressure
 .bss.altitude  0x2000009c        0x4 CMakeFiles/CanSat_Final.dir/Core/Src/main.c.obj
                0x2000009c                altitude
 .bss.tx_count  0x200000a0        0x4 CMakeFiles/CanSat_Final.dir/Core/Src/main.c.obj
                0x200000a0                tx_count
 .bss.humedad   0x200000a4        0x4 CMakeFiles/CanSat_Final.dir/Core/Src/main.c.obj
                0x200000a4                humedad
 .bss.accel_x   0x200000a8        0x2 CMakeFiles/CanSat_Final.dir/Core/Src/main.c.obj
                0x200000a8                accel_x
 .bss.accel_y   0x200000aa        0x2 CMakeFiles/CanSat_Final.dir/Core/Src/main.c.obj
                0x200000aa                accel_y
 .bss.accel_z   0x200000ac        0x2 CMakeFiles/CanSat_Final.dir/Core/Src/main.c.obj
                0x200000ac                accel_z
 .bss.gyro_x    0x200000ae        0x2 CMakeFiles/CanSat_Final.dir/Core/Src/main.c.obj
                0x200000ae                gyro_x
 .bss.gyro_y    0x200000b0        0x2 CMakeFiles/CanSat_Final.dir/Core/Src/main.c.obj
                0x200000b0                gyro_y
 .bss.gyro_z    0x200000b2        0x2 CMakeFiles/CanSat_Final.dir/Core/Src/main.c.obj
                0x200000b2                gyro_z
 .bss.pressure_init
                0x200000b4        0x4 CMakeFiles/CanSat_Final.dir/Core/Src/main.c.obj
                0x200000b4                pressure_init
 .bss.is_calibrated
                0x200000b8        0x1 CMakeFiles/CanSat_Final.dir/Core/Src/main.c.obj
                0x200000b8                is_calibrated
 .bss.trigger_activado
                0x200000b9        0x1 CMakeFiles/CanSat_Final.dir/Core/Src/main.c.obj
                0x200000b9                trigger_activado
 .bss.confirmaciones_altitud
                0x200000ba        0x1 CMakeFiles/CanSat_Final.dir/Core/Src/main.c.obj
                0x200000ba                confirmaciones_altitud
 .bss.subida_completada
                0x200000bb        0x1 CMakeFiles/CanSat_Final.dir/Core/Src/main.c.obj
                0x200000bb                subida_completada
 .bss.t_inicio_liberacion
                0x200000bc        0x4 CMakeFiles/CanSat_Final.dir/Core/Src/main.c.obj
                0x200000bc                t_inicio_liberacion
 .bss.liberacion_en_progreso
                0x200000c0        0x1 CMakeFiles/CanSat_Final.dir/Core/Src/main.c.obj
                0x200000c0                liberacion_en_progreso
 *fill*         0x200000c1        0x3 
 .bss.g_last_lora_packet
                0x200000c4       0x10 CMakeFiles/CanSat_Final.dir/Core/Src/main.c.obj
                0x200000c4                g_last_lora_packet
 .bss.bno_int_flag
                0x200000d4        0x1 CMakeFiles/CanSat_Final.dir/Core/Src/main.c.obj
 *fill*         0x200000d5        0x3 
 .bss.bno_int_time_us
                0x200000d8        0x4 CMakeFiles/CanSat_Final.dir/Core/Src/main.c.obj
 .bss.bme_calib
                0x200000dc       0x18 CMakeFiles/CanSat_Final.dir/Core/Src/main.c.obj
                0x200000dc                bme_calib
 .bss.t_fine    0x200000f4        0x4 CMakeFiles/CanSat_Final.dir/Core/Src/main.c.obj
                0x200000f4                t_fine
 .bss.buf.0     0x200000f8       0x10 CMakeFiles/CanSat_Final.dir/Core/Src/main.c.obj
 .bss.hi2c1     0x20000108       0x54 CMakeFiles/CanSat_Final.dir/Core/Src/i2c.c.obj
                0x20000108                hi2c1
 .bss.hspi1     0x2000015c       0x58 CMakeFiles/CanSat_Final.dir/Core/Src/spi.c.obj
                0x2000015c                hspi1
 .bss._sh2      0x200001b4      0x178 CMakeFiles/CanSat_Final.dir/Core/Src/sh2.c.obj
                0x200001b4                _sh2
 .bss.sh2AsyncEvent
                0x2000032c       0x1c CMakeFiles/CanSat_Final.dir/Core/Src/sh2.c.obj
 .bss.lastHostInt.1
                0x20000348        0x4 CMakeFiles/CanSat_Final.dir/Core/Src/sh2.c.obj
 .bss.rollovers.0
                0x2000034c        0x4 CMakeFiles/CanSat_Final.dir/Core/Src/sh2.c.obj
 .bss.instances
                0x20000350      0x914 CMakeFiles/CanSat_Final.dir/Core/Src/shtp.c.obj
 .bss.shtp_initialized
                0x20000c64        0x1 CMakeFiles/CanSat_Final.dir/Core/Src/shtp.c.obj
 .bss.sx1278_tx_done
                0x20000c65        0x1 CMakeFiles/CanSat_Final.dir/Core/Src/sx1278.c.obj
                0x20000c65                sx1278_tx_done
 .bss.pkt       0x20000c66        0x2 CMakeFiles/CanSat_Final.dir/Core/Src/telemetry.c.obj
 .bss.uwTick    0x20000c68        0x4 libSTM32_Drivers.a(stm32f4xx_hal.c.obj)
                0x20000c68                uwTick
 .bss.__sf      0x20000c6c      0x138 /home/gashadokuro/.local/share/stm32cube/bundles/gnu-tools-for-stm32/14.3.1+st.2/bin/../lib/gcc/arm-none-eabi/14.3.1/../../../../arm-none-eabi/lib/thumb/v7e-m+fp/hard/libg_nano.a(libc_a-findfp.o)
                0x20000c6c                __sf
 *(COMMON)
                0x20000da4                        . = ALIGN (0x4)
                0x20000da4                        _ebss = .
                0x20000da4                        __bss_end__ = _ebss
                [!provide]                        PROVIDE (__bss_end = .)
                [!provide]                        PROVIDE (__non_tls_bss_start = ADDR (.bss))
                [!provide]                        PROVIDE (__bss_start = __tbss_start)
                [!provide]                        PROVIDE (__bss_size = (__bss_end - __bss_start))

._user_heap_stack
                0x20000da4      0x604 load address 0x08007f50
                0x20000da8                        . = ALIGN (0x8)
 *fill*         0x20000da4        0x4 
                [!provide]                        PROVIDE (end = .)
                0x20000da8                        PROVIDE (_end = .)
                0x20000fa8                        . = (. + _Min_Heap_Size)
 *fill*         0x20000da8      0x200 
                0x200013a8                        . = (. + _Min_Stack_Size)
 *fill*         0x20000fa8      0x400 
                0x200013a8                        . = ALIGN (0x8)

/DISCARD/
 libc.a:*(*)
 libm.a:*(*)
 libgcc.a:*(*)
OUTPUT(CanSat_Final.elf elf32-littlearm)
LOAD linker stubs

.ARM.attributes
                0x00000000       0x30
 .ARM.attributes
                0x00000000       0x22 /home/gashadokuro/.local/share/stm32cube/bundles/gnu-tools-for-stm32/14.3.1+st.2/bin/../lib/gcc/arm-none-eabi/14.3.1/thumb/v7e-m+fp/hard/crti.o
 .ARM.attributes
                0x00000022       0x34 /home/gashadokuro/.local/share/stm32cube/bundles/gnu-tools-for-stm32/14.3.1+st.2/bin/../lib/gcc/arm-none-eabi/14.3.1/thumb/v7e-m+fp/hard/crtbegin.o
 .ARM.attributes
                0x00000056       0x34 CMakeFiles/CanSat_Final.dir/Core/Src/main.c.obj
 .ARM.attributes
                0x0000008a       0x34 CMakeFiles/CanSat_Final.dir/Core/Src/gpio.c.obj
 .ARM.attributes
                0x000000be       0x34 CMakeFiles/CanSat_Final.dir/Core/Src/i2c.c.obj
 .ARM.attributes
                0x000000f2       0x34 CMakeFiles/CanSat_Final.dir/Core/Src/spi.c.obj
 .ARM.attributes
                0x00000126       0x34 CMakeFiles/CanSat_Final.dir/Core/Src/stm32f4xx_it.c.obj
 .ARM.attributes
                0x0000015a       0x34 CMakeFiles/CanSat_Final.dir/Core/Src/stm32f4xx_hal_msp.c.obj
 .ARM.attributes
                0x0000018e       0x34 CMakeFiles/CanSat_Final.dir/Core/Src/sh2_SensorValue.c.obj
 .ARM.attributes
                0x000001c2       0x34 CMakeFiles/CanSat_Final.dir/Core/Src/sh2_util.c.obj
 .ARM.attributes
                0x000001f6       0x34 CMakeFiles/CanSat_Final.dir/Core/Src/sh2.c.obj
 .ARM.attributes
                0x0000022a       0x34 CMakeFiles/CanSat_Final.dir/Core/Src/shtp.c.obj
 .ARM.attributes
                0x0000025e       0x34 CMakeFiles/CanSat_Final.dir/Core/Src/sx1278.c.obj
 .ARM.attributes
                0x00000292       0x34 CMakeFiles/CanSat_Final.dir/Core/Src/telemetry.c.obj
 .ARM.attributes
                0x000002c6       0x21 CMakeFiles/CanSat_Final.dir/startup_stm32f411xe.s.obj
 .ARM.attributes
                0x000002e7       0x34 libSTM32_Drivers.a(system_stm32f4xx.c.obj)
 .ARM.attributes
                0x0000031b       0x34 libSTM32_Drivers.a(stm32f4xx_hal_rcc.c.obj)
 .ARM.attributes
                0x0000034f       0x34 libSTM32_Drivers.a(stm32f4xx_hal_gpio.c.obj)
 .ARM.attributes
                0x00000383       0x34 libSTM32_Drivers.a(stm32f4xx_hal.c.obj)
 .ARM.attributes
                0x000003b7       0x34 libSTM32_Drivers.a(stm32f4xx_hal_i2c.c.obj)
 .ARM.attributes
                0x000003eb       0x34 libSTM32_Drivers.a(stm32f4xx_hal_spi.c.obj)
 .ARM.attributes
                0x0000041f       0x34 libSTM32_Drivers.a(stm32f4xx_hal_cortex.c.obj)
 .ARM.attributes
                0x00000453       0x34 /home/gashadokuro/.local/share/stm32cube/bundles/gnu-tools-for-stm32/14.3.1+st.2/bin/../lib/gcc/arm-none-eabi/14.3.1/../../../../arm-none-eabi/lib/thumb/v7e-m+fp/hard/libm.a(libm_a-wf_pow.o)
 .ARM.attributes
                0x00000487       0x34 /home/gashadokuro/.local/share/stm32cube/bundles/gnu-tools-for-stm32/14.3.1+st.2/bin/../lib/gcc/arm-none-eabi/14.3.1/../../../../arm-none-eabi/lib/thumb/v7e-m+fp/hard/libm.a(libm_a-sf_finite.o)
 .ARM.attributes
                0x000004bb       0x34 /home/gashadokuro/.local/share/stm32cube/bundles/gnu-tools-for-stm32/14.3.1+st.2/bin/../lib/gcc/arm-none-eabi/14.3.1/../../../../arm-none-eabi/lib/thumb/v7e-m+fp/hard/libm.a(libm_a-ef_pow.o)
 .ARM.attributes
                0x000004ef       0x34 /home/gashadokuro/.local/share/stm32cube/bundles/gnu-tools-for-stm32/14.3.1+st.2/bin/../lib/gcc/arm-none-eabi/14.3.1/../../../../arm-none-eabi/lib/thumb/v7e-m+fp/hard/libm.a(libm_a-sf_fabs.o)
 .ARM.attributes
                0x00000523       0x34 /home/gashadokuro/.local/share/stm32cube/bundles/gnu-tools-for-stm32/14.3.1+st.2/bin/../lib/gcc/arm-none-eabi/14.3.1/../../../../arm-none-eabi/lib/thumb/v7e-m+fp/hard/libm.a(libm_a-sf_scalbn.o)
 .ARM.attributes
                0x00000557       0x34 /home/gashadokuro/.local/share/stm32cube/bundles/gnu-tools-for-stm32/14.3.1+st.2/bin/../lib/gcc/arm-none-eabi/14.3.1/../../../../arm-none-eabi/lib/thumb/v7e-m+fp/hard/libm.a(libm_a-math_errf.o)
 .ARM.attributes
                0x0000058b       0x34 /home/gashadokuro/.local/share/stm32cube/bundles/gnu-tools-for-stm32/14.3.1+st.2/bin/../lib/gcc/arm-none-eabi/14.3.1/../../../../arm-none-eabi/lib/thumb/v7e-m+fp/hard/libm.a(libm_a-ef_sqrt.o)
 .ARM.attributes
                0x000005bf       0x22 /home/gashadokuro/.local/share/stm32cube/bundles/gnu-tools-for-stm32/14.3.1+st.2/bin/../lib/gcc/arm-none-eabi/14.3.1/thumb/v7e-m+fp/hard/libgcc.a(_aeabi_ldivmod.o)
 .ARM.attributes
                0x000005e1       0x22 /home/gashadokuro/.local/share/stm32cube/bundles/gnu-tools-for-stm32/14.3.1+st.2/bin/../lib/gcc/arm-none-eabi/14.3.1/thumb/v7e-m+fp/hard/libgcc.a(_aeabi_uldivmod.o)
 .ARM.attributes
                0x00000603       0x34 /home/gashadokuro/.local/share/stm32cube/bundles/gnu-tools-for-stm32/14.3.1+st.2/bin/../lib/gcc/arm-none-eabi/14.3.1/thumb/v7e-m+fp/hard/libgcc.a(_udivmoddi4.o)
 .ARM.attributes
                0x00000637       0x22 /home/gashadokuro/.local/share/stm32cube/bundles/gnu-tools-for-stm32/14.3.1+st.2/bin/../lib/gcc/arm-none-eabi/14.3.1/thumb/v7e-m+fp/hard/libgcc.a(_dvmd_tls.o)
 .ARM.attributes
                0x00000659       0x34 /home/gashadokuro/.local/share/stm32cube/bundles/gnu-tools-for-stm32/14.3.1+st.2/bin/../lib/gcc/arm-none-eabi/14.3.1/../../../../arm-none-eabi/lib/thumb/v7e-m+fp/hard/libg_nano.a(libc_a-findfp.o)
 .ARM.attributes
                0x0000068d       0x34 /home/gashadokuro/.local/share/stm32cube/bundles/gnu-tools-for-stm32/14.3.1+st.2/bin/../lib/gcc/arm-none-eabi/14.3.1/../../../../arm-none-eabi/lib/thumb/v7e-m+fp/hard/libg_nano.a(libc_a-memset.o)
 .ARM.attributes
                0x000006c1       0x34 /home/gashadokuro/.local/share/stm32cube/bundles/gnu-tools-for-stm32/14.3.1+st.2/bin/../lib/gcc/arm-none-eabi/14.3.1/../../../../arm-none-eabi/lib/thumb/v7e-m+fp/hard/libg_nano.a(libc_a-impure.o)
 .ARM.attributes
                0x000006f5       0x34 /home/gashadokuro/.local/share/stm32cube/bundles/gnu-tools-for-stm32/14.3.1+st.2/bin/../lib/gcc/arm-none-eabi/14.3.1/../../../../arm-none-eabi/lib/thumb/v7e-m+fp/hard/libg_nano.a(libc_a-errno.o)
 .ARM.attributes
                0x00000729       0x34 /home/gashadokuro/.local/share/stm32cube/bundles/gnu-tools-for-stm32/14.3.1+st.2/bin/../lib/gcc/arm-none-eabi/14.3.1/../../../../arm-none-eabi/lib/thumb/v7e-m+fp/hard/libg_nano.a(libc_a-init.o)
 .ARM.attributes
                0x0000075d       0x34 /home/gashadokuro/.local/share/stm32cube/bundles/gnu-tools-for-stm32/14.3.1+st.2/bin/../lib/gcc/arm-none-eabi/14.3.1/../../../../arm-none-eabi/lib/thumb/v7e-m+fp/hard/libg_nano.a(libc_a-memcpy-stub.o)
 .ARM.attributes
                0x00000791       0x22 /home/gashadokuro/.local/share/stm32cube/bundles/gnu-tools-for-stm32/14.3.1+st.2/bin/../lib/gcc/arm-none-eabi/14.3.1/thumb/v7e-m+fp/hard/crtn.o

.comment        0x00000000       0x43
 .comment       0x00000000       0x43 CMakeFiles/CanSat_Final.dir/Core/Src/main.c.obj
                                 0x44 (size before relaxing)
 .comment       0x00000043       0x44 CMakeFiles/CanSat_Final.dir/Core/Src/gpio.c.obj
 .comment       0x00000043       0x44 CMakeFiles/CanSat_Final.dir/Core/Src/i2c.c.obj
 .comment       0x00000043       0x44 CMakeFiles/CanSat_Final.dir/Core/Src/spi.c.obj
 .comment       0x00000043       0x44 CMakeFiles/CanSat_Final.dir/Core/Src/stm32f4xx_it.c.obj
 .comment       0x00000043       0x44 CMakeFiles/CanSat_Final.dir/Core/Src/stm32f4xx_hal_msp.c.obj
 .comment       0x00000043       0x44 CMakeFiles/CanSat_Final.dir/Core/Src/sh2_SensorValue.c.obj
 .comment       0x00000043       0x44 CMakeFiles/CanSat_Final.dir/Core/Src/sh2_util.c.obj
 .comment       0x00000043       0x44 CMakeFiles/CanSat_Final.dir/Core/Src/sh2.c.obj
 .comment       0x00000043       0x44 CMakeFiles/CanSat_Final.dir/Core/Src/shtp.c.obj
 .comment       0x00000043       0x44 CMakeFiles/CanSat_Final.dir/Core/Src/sx1278.c.obj
 .comment       0x00000043       0x44 CMakeFiles/CanSat_Final.dir/Core/Src/telemetry.c.obj
 .comment       0x00000043       0x44 libSTM32_Drivers.a(system_stm32f4xx.c.obj)
 .comment       0x00000043       0x44 libSTM32_Drivers.a(stm32f4xx_hal_rcc.c.obj)
 .comment       0x00000043       0x44 libSTM32_Drivers.a(stm32f4xx_hal_gpio.c.obj)
 .comment       0x00000043       0x44 libSTM32_Drivers.a(stm32f4xx_hal.c.obj)
 .comment       0x00000043       0x44 libSTM32_Drivers.a(stm32f4xx_hal_i2c.c.obj)
 .comment       0x00000043       0x44 libSTM32_Drivers.a(stm32f4xx_hal_spi.c.obj)
 .comment       0x00000043       0x44 libSTM32_Drivers.a(stm32f4xx_hal_cortex.c.obj)
 .comment       0x00000043       0x44 /home/gashadokuro/.local/share/stm32cube/bundles/gnu-tools-for-stm32/14.3.1+st.2/bin/../lib/gcc/arm-none-eabi/14.3.1/../../../../arm-none-eabi/lib/thumb/v7e-m+fp/hard/libg_nano.a(libc_a-findfp.o)
 .comment       0x00000043       0x44 /home/gashadokuro/.local/share/stm32cube/bundles/gnu-tools-for-stm32/14.3.1+st.2/bin/../lib/gcc/arm-none-eabi/14.3.1/../../../../arm-none-eabi/lib/thumb/v7e-m+fp/hard/libg_nano.a(libc_a-memset.o)
 .comment       0x00000043       0x44 /home/gashadokuro/.local/share/stm32cube/bundles/gnu-tools-for-stm32/14.3.1+st.2/bin/../lib/gcc/arm-none-eabi/14.3.1/../../../../arm-none-eabi/lib/thumb/v7e-m+fp/hard/libg_nano.a(libc_a-impure.o)
 .comment       0x00000043       0x44 /home/gashadokuro/.local/share/stm32cube/bundles/gnu-tools-for-stm32/14.3.1+st.2/bin/../lib/gcc/arm-none-eabi/14.3.1/../../../../arm-none-eabi/lib/thumb/v7e-m+fp/hard/libg_nano.a(libc_a-errno.o)
 .comment       0x00000043       0x44 /home/gashadokuro/.local/share/stm32cube/bundles/gnu-tools-for-stm32/14.3.1+st.2/bin/../lib/gcc/arm-none-eabi/14.3.1/../../../../arm-none-eabi/lib/thumb/v7e-m+fp/hard/libg_nano.a(libc_a-init.o)
 .comment       0x00000043       0x44 /home/gashadokuro/.local/share/stm32cube/bundles/gnu-tools-for-stm32/14.3.1+st.2/bin/../lib/gcc/arm-none-eabi/14.3.1/../../../../arm-none-eabi/lib/thumb/v7e-m+fp/hard/libg_nano.a(libc_a-memcpy-stub.o)

.debug_info     0x00000000    0x126e1
 .debug_info    0x00000000     0x26bf CMakeFiles/CanSat_Final.dir/Core/Src/main.c.obj
 .debug_info    0x000026bf      0x417 CMakeFiles/CanSat_Final.dir/Core/Src/gpio.c.obj
 .debug_info    0x00002ad6      0x9a5 CMakeFiles/CanSat_Final.dir/Core/Src/i2c.c.obj
 .debug_info    0x0000347b      0x980 CMakeFiles/CanSat_Final.dir/Core/Src/spi.c.obj
 .debug_info    0x00003dfb      0x15a CMakeFiles/CanSat_Final.dir/Core/Src/stm32f4xx_it.c.obj
 .debug_info    0x00003f55      0x291 CMakeFiles/CanSat_Final.dir/Core/Src/stm32f4xx_hal_msp.c.obj
 .debug_info    0x000041e6     0x182b CMakeFiles/CanSat_Final.dir/Core/Src/sh2_SensorValue.c.obj
 .debug_info    0x00005a11      0x35f CMakeFiles/CanSat_Final.dir/Core/Src/sh2_util.c.obj
 .debug_info    0x00005d70     0x31f8 CMakeFiles/CanSat_Final.dir/Core/Src/sh2.c.obj
 .debug_info    0x00008f68      0x7f8 CMakeFiles/CanSat_Final.dir/Core/Src/shtp.c.obj
 .debug_info    0x00009760      0x879 CMakeFiles/CanSat_Final.dir/Core/Src/sx1278.c.obj
 .debug_info    0x00009fd9      0x1b3 CMakeFiles/CanSat_Final.dir/Core/Src/telemetry.c.obj
 .debug_info    0x0000a18c       0x30 CMakeFiles/CanSat_Final.dir/startup_stm32f411xe.s.obj
 .debug_info    0x0000a1bc      0x53e libSTM32_Drivers.a(system_stm32f4xx.c.obj)
 .debug_info    0x0000a6fa      0x904 libSTM32_Drivers.a(stm32f4xx_hal_rcc.c.obj)
 .debug_info    0x0000affe      0x6f9 libSTM32_Drivers.a(stm32f4xx_hal_gpio.c.obj)
 .debug_info    0x0000b6f7      0x8c4 libSTM32_Drivers.a(stm32f4xx_hal.c.obj)
 .debug_info    0x0000bfbb     0x2426 libSTM32_Drivers.a(stm32f4xx_hal_i2c.c.obj)
 .debug_info    0x0000e3e1     0x1530 libSTM32_Drivers.a(stm32f4xx_hal_spi.c.obj)
 .debug_info    0x0000f911      0xcfc libSTM32_Drivers.a(stm32f4xx_hal_cortex.c.obj)
 .debug_info    0x0001060d      0xfb8 /home/gashadokuro/.local/share/stm32cube/bundles/gnu-tools-for-stm32/14.3.1+st.2/bin/../lib/gcc/arm-none-eabi/14.3.1/../../../../arm-none-eabi/lib/thumb/v7e-m+fp/hard/libg_nano.a(libc_a-findfp.o)
 .debug_info    0x000115c5       0xe0 /home/gashadokuro/.local/share/stm32cube/bundles/gnu-tools-for-stm32/14.3.1+st.2/bin/../lib/gcc/arm-none-eabi/14.3.1/../../../../arm-none-eabi/lib/thumb/v7e-m+fp/hard/libg_nano.a(libc_a-memset.o)
 .debug_info    0x000116a5      0x715 /home/gashadokuro/.local/share/stm32cube/bundles/gnu-tools-for-stm32/14.3.1+st.2/bin/../lib/gcc/arm-none-eabi/14.3.1/../../../../arm-none-eabi/lib/thumb/v7e-m+fp/hard/libg_nano.a(libc_a-impure.o)
 .debug_info    0x00011dba      0x6fb /home/gashadokuro/.local/share/stm32cube/bundles/gnu-tools-for-stm32/14.3.1+st.2/bin/../lib/gcc/arm-none-eabi/14.3.1/../../../../arm-none-eabi/lib/thumb/v7e-m+fp/hard/libg_nano.a(libc_a-errno.o)
 .debug_info    0x000124b5      0x10b /home/gashadokuro/.local/share/stm32cube/bundles/gnu-tools-for-stm32/14.3.1+st.2/bin/../lib/gcc/arm-none-eabi/14.3.1/../../../../arm-none-eabi/lib/thumb/v7e-m+fp/hard/libg_nano.a(libc_a-init.o)
 .debug_info    0x000125c0      0x121 /home/gashadokuro/.local/share/stm32cube/bundles/gnu-tools-for-stm32/14.3.1+st.2/bin/../lib/gcc/arm-none-eabi/14.3.1/../../../../arm-none-eabi/lib/thumb/v7e-m+fp/hard/libg_nano.a(libc_a-memcpy-stub.o)

.debug_abbrev   0x00000000     0x2fc3
 .debug_abbrev  0x00000000      0x401 CMakeFiles/CanSat_Final.dir/Core/Src/main.c.obj
 .debug_abbrev  0x00000401      0x151 CMakeFiles/CanSat_Final.dir/Core/Src/gpio.c.obj
 .debug_abbrev  0x00000552      0x1f0 CMakeFiles/CanSat_Final.dir/Core/Src/i2c.c.obj
 .debug_abbrev  0x00000742      0x1f8 CMakeFiles/CanSat_Final.dir/Core/Src/spi.c.obj
 .debug_abbrev  0x0000093a       0xa0 CMakeFiles/CanSat_Final.dir/Core/Src/stm32f4xx_it.c.obj
 .debug_abbrev  0x000009da       0xd8 CMakeFiles/CanSat_Final.dir/Core/Src/stm32f4xx_hal_msp.c.obj
 .debug_abbrev  0x00000ab2      0x220 CMakeFiles/CanSat_Final.dir/Core/Src/sh2_SensorValue.c.obj
 .debug_abbrev  0x00000cd2       0xd8 CMakeFiles/CanSat_Final.dir/Core/Src/sh2_util.c.obj
 .debug_abbrev  0x00000daa      0x33e CMakeFiles/CanSat_Final.dir/Core/Src/sh2.c.obj
 .debug_abbrev  0x000010e8      0x27b CMakeFiles/CanSat_Final.dir/Core/Src/shtp.c.obj
 .debug_abbrev  0x00001363      0x257 CMakeFiles/CanSat_Final.dir/Core/Src/sx1278.c.obj
 .debug_abbrev  0x000015ba       0xb5 CMakeFiles/CanSat_Final.dir/Core/Src/telemetry.c.obj
 .debug_abbrev  0x0000166f       0x24 CMakeFiles/CanSat_Final.dir/startup_stm32f411xe.s.obj
 .debug_abbrev  0x00001693      0x11a libSTM32_Drivers.a(system_stm32f4xx.c.obj)
 .debug_abbrev  0x000017ad      0x2b6 libSTM32_Drivers.a(stm32f4xx_hal_rcc.c.obj)
 .debug_abbrev  0x00001a63      0x1d3 libSTM32_Drivers.a(stm32f4xx_hal_gpio.c.obj)
 .debug_abbrev  0x00001c36      0x24b libSTM32_Drivers.a(stm32f4xx_hal.c.obj)
 .debug_abbrev  0x00001e81      0x2bc libSTM32_Drivers.a(stm32f4xx_hal_i2c.c.obj)
 .debug_abbrev  0x0000213d      0x276 libSTM32_Drivers.a(stm32f4xx_hal_spi.c.obj)
 .debug_abbrev  0x000023b3      0x31d libSTM32_Drivers.a(stm32f4xx_hal_cortex.c.obj)
 .debug_abbrev  0x000026d0      0x424 /home/gashadokuro/.local/share/stm32cube/bundles/gnu-tools-for-stm32/14.3.1+st.2/bin/../lib/gcc/arm-none-eabi/14.3.1/../../../../arm-none-eabi/lib/thumb/v7e-m+fp/hard/libg_nano.a(libc_a-findfp.o)
 .debug_abbrev  0x00002af4       0x9e /home/gashadokuro/.local/share/stm32cube/bundles/gnu-tools-for-stm32/14.3.1+st.2/bin/../lib/gcc/arm-none-eabi/14.3.1/../../../../arm-none-eabi/lib/thumb/v7e-m+fp/hard/libg_nano.a(libc_a-memset.o)
 .debug_abbrev  0x00002b92      0x149 /home/gashadokuro/.local/share/stm32cube/bundles/gnu-tools-for-stm32/14.3.1+st.2/bin/../lib/gcc/arm-none-eabi/14.3.1/../../../../arm-none-eabi/lib/thumb/v7e-m+fp/hard/libg_nano.a(libc_a-impure.o)
 .debug_abbrev  0x00002cdb      0x15e /home/gashadokuro/.local/share/stm32cube/bundles/gnu-tools-for-stm32/14.3.1+st.2/bin/../lib/gcc/arm-none-eabi/14.3.1/../../../../arm-none-eabi/lib/thumb/v7e-m+fp/hard/libg_nano.a(libc_a-errno.o)
 .debug_abbrev  0x00002e39       0xc9 /home/gashadokuro/.local/share/stm32cube/bundles/gnu-tools-for-stm32/14.3.1+st.2/bin/../lib/gcc/arm-none-eabi/14.3.1/../../../../arm-none-eabi/lib/thumb/v7e-m+fp/hard/libg_nano.a(libc_a-init.o)
 .debug_abbrev  0x00002f02       0xc1 /home/gashadokuro/.local/share/stm32cube/bundles/gnu-tools-for-stm32/14.3.1+st.2/bin/../lib/gcc/arm-none-eabi/14.3.1/../../../../arm-none-eabi/lib/thumb/v7e-m+fp/hard/libg_nano.a(libc_a-memcpy-stub.o)

.debug_aranges  0x00000000     0x1030
 .debug_aranges
                0x00000000       0x98 CMakeFiles/CanSat_Final.dir/Core/Src/main.c.obj
 .debug_aranges
                0x00000098       0x20 CMakeFiles/CanSat_Final.dir/Core/Src/gpio.c.obj
 .debug_aranges
                0x000000b8       0x30 CMakeFiles/CanSat_Final.dir/Core/Src/i2c.c.obj
 .debug_aranges
                0x000000e8       0x30 CMakeFiles/CanSat_Final.dir/Core/Src/spi.c.obj
 .debug_aranges
                0x00000118       0x70 CMakeFiles/CanSat_Final.dir/Core/Src/stm32f4xx_it.c.obj
 .debug_aranges
                0x00000188       0x20 CMakeFiles/CanSat_Final.dir/Core/Src/stm32f4xx_hal_msp.c.obj
 .debug_aranges
                0x000001a8      0x168 CMakeFiles/CanSat_Final.dir/Core/Src/sh2_SensorValue.c.obj
 .debug_aranges
                0x00000310       0x78 CMakeFiles/CanSat_Final.dir/Core/Src/sh2_util.c.obj
 .debug_aranges
                0x00000388      0x2e0 CMakeFiles/CanSat_Final.dir/Core/Src/sh2.c.obj
 .debug_aranges
                0x00000668       0x70 CMakeFiles/CanSat_Final.dir/Core/Src/shtp.c.obj
 .debug_aranges
                0x000006d8       0x60 CMakeFiles/CanSat_Final.dir/Core/Src/sx1278.c.obj
 .debug_aranges
                0x00000738       0x20 CMakeFiles/CanSat_Final.dir/Core/Src/telemetry.c.obj
 .debug_aranges
                0x00000758       0x28 CMakeFiles/CanSat_Final.dir/startup_stm32f411xe.s.obj
 .debug_aranges
                0x00000780       0x28 libSTM32_Drivers.a(system_stm32f4xx.c.obj)
 .debug_aranges
                0x000007a8       0x88 libSTM32_Drivers.a(stm32f4xx_hal_rcc.c.obj)
 .debug_aranges
                0x00000830       0x58 libSTM32_Drivers.a(stm32f4xx_hal_gpio.c.obj)
 .debug_aranges
                0x00000888       0xf0 libSTM32_Drivers.a(stm32f4xx_hal.c.obj)
 .debug_aranges
                0x00000978      0x2a8 libSTM32_Drivers.a(stm32f4xx_hal_i2c.c.obj)
 .debug_aranges
                0x00000c20      0x1d0 libSTM32_Drivers.a(stm32f4xx_hal_spi.c.obj)
 .debug_aranges
                0x00000df0      0x130 libSTM32_Drivers.a(stm32f4xx_hal_cortex.c.obj)
 .debug_aranges
                0x00000f20       0x78 /home/gashadokuro/.local/share/stm32cube/bundles/gnu-tools-for-stm32/14.3.1+st.2/bin/../lib/gcc/arm-none-eabi/14.3.1/../../../../arm-none-eabi/lib/thumb/v7e-m+fp/hard/libg_nano.a(libc_a-findfp.o)
 .debug_aranges
                0x00000f98       0x20 /home/gashadokuro/.local/share/stm32cube/bundles/gnu-tools-for-stm32/14.3.1+st.2/bin/../lib/gcc/arm-none-eabi/14.3.1/../../../../arm-none-eabi/lib/thumb/v7e-m+fp/hard/libg_nano.a(libc_a-memset.o)
 .debug_aranges
                0x00000fb8       0x18 /home/gashadokuro/.local/share/stm32cube/bundles/gnu-tools-for-stm32/14.3.1+st.2/bin/../lib/gcc/arm-none-eabi/14.3.1/../../../../arm-none-eabi/lib/thumb/v7e-m+fp/hard/libg_nano.a(libc_a-impure.o)
 .debug_aranges
                0x00000fd0       0x20 /home/gashadokuro/.local/share/stm32cube/bundles/gnu-tools-for-stm32/14.3.1+st.2/bin/../lib/gcc/arm-none-eabi/14.3.1/../../../../arm-none-eabi/lib/thumb/v7e-m+fp/hard/libg_nano.a(libc_a-errno.o)
 .debug_aranges
                0x00000ff0       0x20 /home/gashadokuro/.local/share/stm32cube/bundles/gnu-tools-for-stm32/14.3.1+st.2/bin/../lib/gcc/arm-none-eabi/14.3.1/../../../../arm-none-eabi/lib/thumb/v7e-m+fp/hard/libg_nano.a(libc_a-init.o)
 .debug_aranges
                0x00001010       0x20 /home/gashadokuro/.local/share/stm32cube/bundles/gnu-tools-for-stm32/14.3.1+st.2/bin/../lib/gcc/arm-none-eabi/14.3.1/../../../../arm-none-eabi/lib/thumb/v7e-m+fp/hard/libg_nano.a(libc_a-memcpy-stub.o)

.debug_rnglists
                0x00000000      0xc51
 .debug_rnglists
                0x00000000       0x73 CMakeFiles/CanSat_Final.dir/Core/Src/main.c.obj
 .debug_rnglists
                0x00000073       0x14 CMakeFiles/CanSat_Final.dir/Core/Src/gpio.c.obj
 .debug_rnglists
                0x00000087       0x20 CMakeFiles/CanSat_Final.dir/Core/Src/i2c.c.obj
 .debug_rnglists
                0x000000a7       0x20 CMakeFiles/CanSat_Final.dir/Core/Src/spi.c.obj
 .debug_rnglists
                0x000000c7       0x4f CMakeFiles/CanSat_Final.dir/Core/Src/stm32f4xx_it.c.obj
 .debug_rnglists
                0x00000116       0x13 CMakeFiles/CanSat_Final.dir/Core/Src/stm32f4xx_hal_msp.c.obj
 .debug_rnglists
                0x00000129      0x119 CMakeFiles/CanSat_Final.dir/Core/Src/sh2_SensorValue.c.obj
 .debug_rnglists
                0x00000242       0x55 CMakeFiles/CanSat_Final.dir/Core/Src/sh2_util.c.obj
 .debug_rnglists
                0x00000297      0x237 CMakeFiles/CanSat_Final.dir/Core/Src/sh2.c.obj
 .debug_rnglists
                0x000004ce       0x51 CMakeFiles/CanSat_Final.dir/Core/Src/shtp.c.obj
 .debug_rnglists
                0x0000051f       0x44 CMakeFiles/CanSat_Final.dir/Core/Src/sx1278.c.obj
 .debug_rnglists
                0x00000563       0x13 CMakeFiles/CanSat_Final.dir/Core/Src/telemetry.c.obj
 .debug_rnglists
                0x00000576       0x19 CMakeFiles/CanSat_Final.dir/startup_stm32f411xe.s.obj
 .debug_rnglists
                0x0000058f       0x1a libSTM32_Drivers.a(system_stm32f4xx.c.obj)
 .debug_rnglists
                0x000005a9       0x66 libSTM32_Drivers.a(stm32f4xx_hal_rcc.c.obj)
 .debug_rnglists
                0x0000060f       0x3f libSTM32_Drivers.a(stm32f4xx_hal_gpio.c.obj)
 .debug_rnglists
                0x0000064e       0xaf libSTM32_Drivers.a(stm32f4xx_hal.c.obj)
 .debug_rnglists
                0x000006fd      0x23c libSTM32_Drivers.a(stm32f4xx_hal_i2c.c.obj)
 .debug_rnglists
                0x00000939      0x16f libSTM32_Drivers.a(stm32f4xx_hal_spi.c.obj)
 .debug_rnglists
                0x00000aa8       0xe0 libSTM32_Drivers.a(stm32f4xx_hal_cortex.c.obj)
 .debug_rnglists
                0x00000b88       0x7d /home/gashadokuro/.local/share/stm32cube/bundles/gnu-tools-for-stm32/14.3.1+st.2/bin/../lib/gcc/arm-none-eabi/14.3.1/../../../../arm-none-eabi/lib/thumb/v7e-m+fp/hard/libg_nano.a(libc_a-findfp.o)
 .debug_rnglists
                0x00000c05       0x13 /home/gashadokuro/.local/share/stm32cube/bundles/gnu-tools-for-stm32/14.3.1+st.2/bin/../lib/gcc/arm-none-eabi/14.3.1/../../../../arm-none-eabi/lib/thumb/v7e-m+fp/hard/libg_nano.a(libc_a-memset.o)
 .debug_rnglists
                0x00000c18       0x13 /home/gashadokuro/.local/share/stm32cube/bundles/gnu-tools-for-stm32/14.3.1+st.2/bin/../lib/gcc/arm-none-eabi/14.3.1/../../../../arm-none-eabi/lib/thumb/v7e-m+fp/hard/libg_nano.a(libc_a-errno.o)
 .debug_rnglists
                0x00000c2b       0x13 /home/gashadokuro/.local/share/stm32cube/bundles/gnu-tools-for-stm32/14.3.1+st.2/bin/../lib/gcc/arm-none-eabi/14.3.1/../../../../arm-none-eabi/lib/thumb/v7e-m+fp/hard/libg_nano.a(libc_a-init.o)
 .debug_rnglists
                0x00000c3e       0x13 /home/gashadokuro/.local/share/stm32cube/bundles/gnu-tools-for-stm32/14.3.1+st.2/bin/../lib/gcc/arm-none-eabi/14.3.1/../../../../arm-none-eabi/lib/thumb/v7e-m+fp/hard/libg_nano.a(libc_a-memcpy-stub.o)

.debug_macro    0x00000000    0x17600
 .debug_macro   0x00000000      0x3a6 CMakeFiles/CanSat_Final.dir/Core/Src/main.c.obj
 .debug_macro   0x000003a6      0xad8 CMakeFiles/CanSat_Final.dir/Core/Src/main.c.obj
 .debug_macro   0x00000e7e      0x2a7 CMakeFiles/CanSat_Final.dir/Core/Src/main.c.obj
 .debug_macro   0x00001125       0x2e CMakeFiles/CanSat_Final.dir/Core/Src/main.c.obj
 .debug_macro   0x00001153       0x28 CMakeFiles/CanSat_Final.dir/Core/Src/main.c.obj
 .debug_macro   0x0000117b       0x22 CMakeFiles/CanSat_Final.dir/Core/Src/main.c.obj
 .debug_macro   0x0000119d       0x8e CMakeFiles/CanSat_Final.dir/Core/Src/main.c.obj
 .debug_macro   0x0000122b       0x51 CMakeFiles/CanSat_Final.dir/Core/Src/main.c.obj
 .debug_macro   0x0000127c      0x103 CMakeFiles/CanSat_Final.dir/Core/Src/main.c.obj
 .debug_macro   0x0000137f       0x6a CMakeFiles/CanSat_Final.dir/Core/Src/main.c.obj
 .debug_macro   0x000013e9      0x1df CMakeFiles/CanSat_Final.dir/Core/Src/main.c.obj
 .debug_macro   0x000015c8       0x1c CMakeFiles/CanSat_Final.dir/Core/Src/main.c.obj
 .debug_macro   0x000015e4       0x22 CMakeFiles/CanSat_Final.dir/Core/Src/main.c.obj
 .debug_macro   0x00001606       0xfb CMakeFiles/CanSat_Final.dir/Core/Src/main.c.obj
 .debug_macro   0x00001701     0x1011 CMakeFiles/CanSat_Final.dir/Core/Src/main.c.obj
 .debug_macro   0x00002712      0x11f CMakeFiles/CanSat_Final.dir/Core/Src/main.c.obj
 .debug_macro   0x00002831     0xb968 CMakeFiles/CanSat_Final.dir/Core/Src/main.c.obj
 .debug_macro   0x0000e199       0x6d CMakeFiles/CanSat_Final.dir/Core/Src/main.c.obj
 .debug_macro   0x0000e206     0x3693 CMakeFiles/CanSat_Final.dir/Core/Src/main.c.obj
 .debug_macro   0x00011899      0x190 CMakeFiles/CanSat_Final.dir/Core/Src/main.c.obj
 .debug_macro   0x00011a29       0x5c CMakeFiles/CanSat_Final.dir/Core/Src/main.c.obj
 .debug_macro   0x00011a85      0x45c CMakeFiles/CanSat_Final.dir/Core/Src/main.c.obj
 .debug_macro   0x00011ee1      0x9e9 CMakeFiles/CanSat_Final.dir/Core/Src/main.c.obj
 .debug_macro   0x000128ca      0x115 CMakeFiles/CanSat_Final.dir/Core/Src/main.c.obj
 .debug_macro   0x000129df      0x11b CMakeFiles/CanSat_Final.dir/Core/Src/main.c.obj
 .debug_macro   0x00012afa       0xa5 CMakeFiles/CanSat_Final.dir/Core/Src/main.c.obj
 .debug_macro   0x00012b9f      0x15f CMakeFiles/CanSat_Final.dir/Core/Src/main.c.obj
 .debug_macro   0x00012cfe      0x287 CMakeFiles/CanSat_Final.dir/Core/Src/main.c.obj
 .debug_macro   0x00012f85       0x5f CMakeFiles/CanSat_Final.dir/Core/Src/main.c.obj
 .debug_macro   0x00012fe4      0x236 CMakeFiles/CanSat_Final.dir/Core/Src/main.c.obj
 .debug_macro   0x0001321a       0x22 CMakeFiles/CanSat_Final.dir/Core/Src/main.c.obj
 .debug_macro   0x0001323c      0x132 CMakeFiles/CanSat_Final.dir/Core/Src/main.c.obj
 .debug_macro   0x0001336e      0x264 CMakeFiles/CanSat_Final.dir/Core/Src/main.c.obj
 .debug_macro   0x000135d2       0x2e CMakeFiles/CanSat_Final.dir/Core/Src/main.c.obj
 .debug_macro   0x00013600      0x1b5 CMakeFiles/CanSat_Final.dir/Core/Src/main.c.obj
 .debug_macro   0x000137b5       0x22 CMakeFiles/CanSat_Final.dir/Core/Src/main.c.obj
 .debug_macro   0x000137d7       0xd6 CMakeFiles/CanSat_Final.dir/Core/Src/main.c.obj
 .debug_macro   0x000138ad      0x127 CMakeFiles/CanSat_Final.dir/Core/Src/main.c.obj
 .debug_macro   0x000139d4       0x85 CMakeFiles/CanSat_Final.dir/Core/Src/main.c.obj
 .debug_macro   0x00013a59       0x89 CMakeFiles/CanSat_Final.dir/Core/Src/main.c.obj
 .debug_macro   0x00013ae2      0x225 CMakeFiles/CanSat_Final.dir/Core/Src/main.c.obj
 .debug_macro   0x00013d07      0x2aa CMakeFiles/CanSat_Final.dir/Core/Src/main.c.obj
 .debug_macro   0x00013fb1      0x126 CMakeFiles/CanSat_Final.dir/Core/Src/main.c.obj
 .debug_macro   0x000140d7       0x7c CMakeFiles/CanSat_Final.dir/Core/Src/main.c.obj
 .debug_macro   0x00014153       0x74 CMakeFiles/CanSat_Final.dir/Core/Src/main.c.obj
 .debug_macro   0x000141c7       0x2a CMakeFiles/CanSat_Final.dir/Core/Src/main.c.obj
 .debug_macro   0x000141f1       0x3c CMakeFiles/CanSat_Final.dir/Core/Src/main.c.obj
 .debug_macro   0x0001422d       0x34 CMakeFiles/CanSat_Final.dir/Core/Src/main.c.obj
 .debug_macro   0x00014261       0x16 CMakeFiles/CanSat_Final.dir/Core/Src/main.c.obj
 .debug_macro   0x00014277       0x3c CMakeFiles/CanSat_Final.dir/Core/Src/main.c.obj
 .debug_macro   0x000142b3      0x364 CMakeFiles/CanSat_Final.dir/Core/Src/main.c.obj
 .debug_macro   0x00014617       0x10 CMakeFiles/CanSat_Final.dir/Core/Src/main.c.obj
 .debug_macro   0x00014627       0x16 CMakeFiles/CanSat_Final.dir/Core/Src/main.c.obj
 .debug_macro   0x0001463d       0x4a CMakeFiles/CanSat_Final.dir/Core/Src/main.c.obj
 .debug_macro   0x00014687       0x34 CMakeFiles/CanSat_Final.dir/Core/Src/main.c.obj
 .debug_macro   0x000146bb       0x10 CMakeFiles/CanSat_Final.dir/Core/Src/main.c.obj
 .debug_macro   0x000146cb       0x58 CMakeFiles/CanSat_Final.dir/Core/Src/main.c.obj
 .debug_macro   0x00014723      0x1de CMakeFiles/CanSat_Final.dir/Core/Src/main.c.obj
 .debug_macro   0x00014901       0x16 CMakeFiles/CanSat_Final.dir/Core/Src/main.c.obj
 .debug_macro   0x00014917       0x16 CMakeFiles/CanSat_Final.dir/Core/Src/main.c.obj
 .debug_macro   0x0001492d      0x170 CMakeFiles/CanSat_Final.dir/Core/Src/main.c.obj
 .debug_macro   0x00014a9d       0x16 CMakeFiles/CanSat_Final.dir/Core/Src/main.c.obj
 .debug_macro   0x00014ab3       0x20 CMakeFiles/CanSat_Final.dir/Core/Src/main.c.obj
 .debug_macro   0x00014ad3      0x19b CMakeFiles/CanSat_Final.dir/Core/Src/main.c.obj
 .debug_macro   0x00014c6e       0x22 CMakeFiles/CanSat_Final.dir/Core/Src/main.c.obj
 .debug_macro   0x00014c90       0x22 CMakeFiles/CanSat_Final.dir/Core/Src/main.c.obj
 .debug_macro   0x00014cb2      0x2a9 CMakeFiles/CanSat_Final.dir/Core/Src/main.c.obj
 .debug_macro   0x00014f5b       0xc1 CMakeFiles/CanSat_Final.dir/Core/Src/main.c.obj
 .debug_macro   0x0001501c      0x200 CMakeFiles/CanSat_Final.dir/Core/Src/gpio.c.obj
 .debug_macro   0x0001521c      0x200 CMakeFiles/CanSat_Final.dir/Core/Src/i2c.c.obj
 .debug_macro   0x0001541c      0x200 CMakeFiles/CanSat_Final.dir/Core/Src/spi.c.obj
 .debug_macro   0x0001561c      0x200 CMakeFiles/CanSat_Final.dir/Core/Src/stm32f4xx_it.c.obj
 .debug_macro   0x0001581c      0x1f6 CMakeFiles/CanSat_Final.dir/Core/Src/stm32f4xx_hal_msp.c.obj
 .debug_macro   0x00015a12      0x179 CMakeFiles/CanSat_Final.dir/Core/Src/sh2_SensorValue.c.obj
 .debug_macro   0x00015b8b       0x34 CMakeFiles/CanSat_Final.dir/Core/Src/sh2_SensorValue.c.obj
 .debug_macro   0x00015bbf       0x10 CMakeFiles/CanSat_Final.dir/Core/Src/sh2_SensorValue.c.obj
 .debug_macro   0x00015bcf       0x9e CMakeFiles/CanSat_Final.dir/Core/Src/sh2_SensorValue.c.obj
 .debug_macro   0x00015c6d      0x112 CMakeFiles/CanSat_Final.dir/Core/Src/sh2_SensorValue.c.obj
 .debug_macro   0x00015d7f       0x73 CMakeFiles/CanSat_Final.dir/Core/Src/sh2_util.c.obj
 .debug_macro   0x00015df2      0x413 CMakeFiles/CanSat_Final.dir/Core/Src/sh2.c.obj
 .debug_macro   0x00016205       0x10 CMakeFiles/CanSat_Final.dir/Core/Src/sh2.c.obj
 .debug_macro   0x00016215       0x1c CMakeFiles/CanSat_Final.dir/Core/Src/sh2.c.obj
 .debug_macro   0x00016231      0x15e CMakeFiles/CanSat_Final.dir/Core/Src/shtp.c.obj
 .debug_macro   0x0001638f      0x218 CMakeFiles/CanSat_Final.dir/Core/Src/sx1278.c.obj
 .debug_macro   0x000165a7      0x221 CMakeFiles/CanSat_Final.dir/Core/Src/telemetry.c.obj
 .debug_macro   0x000167c8      0x1e7 libSTM32_Drivers.a(system_stm32f4xx.c.obj)
 .debug_macro   0x000169af      0x20b libSTM32_Drivers.a(stm32f4xx_hal_rcc.c.obj)
 .debug_macro   0x00016bba      0x1ed libSTM32_Drivers.a(stm32f4xx_hal_gpio.c.obj)
 .debug_macro   0x00016da7      0x247 libSTM32_Drivers.a(stm32f4xx_hal.c.obj)
 .debug_macro   0x00016fee      0x235 libSTM32_Drivers.a(stm32f4xx_hal_i2c.c.obj)
 .debug_macro   0x00017223      0x1f6 libSTM32_Drivers.a(stm32f4xx_hal_spi.c.obj)
 .debug_macro   0x00017419      0x1e7 libSTM32_Drivers.a(stm32f4xx_hal_cortex.c.obj)

.debug_line     0x00000000    0x12a94
 .debug_line    0x00000000      0xfa5 CMakeFiles/CanSat_Final.dir/Core/Src/main.c.obj
 .debug_line    0x00000fa5      0x87e CMakeFiles/CanSat_Final.dir/Core/Src/gpio.c.obj
 .debug_line    0x00001823      0x8b9 CMakeFiles/CanSat_Final.dir/Core/Src/i2c.c.obj
 .debug_line    0x000020dc      0x8c1 CMakeFiles/CanSat_Final.dir/Core/Src/spi.c.obj
 .debug_line    0x0000299d      0x92a CMakeFiles/CanSat_Final.dir/Core/Src/stm32f4xx_it.c.obj
 .debug_line    0x000032c7      0x84b CMakeFiles/CanSat_Final.dir/Core/Src/stm32f4xx_hal_msp.c.obj
 .debug_line    0x00003b12     0x10b0 CMakeFiles/CanSat_Final.dir/Core/Src/sh2_SensorValue.c.obj
 .debug_line    0x00004bc2      0x52a CMakeFiles/CanSat_Final.dir/Core/Src/sh2_util.c.obj
 .debug_line    0x000050ec     0x1aad CMakeFiles/CanSat_Final.dir/Core/Src/sh2.c.obj
 .debug_line    0x00006b99      0x794 CMakeFiles/CanSat_Final.dir/Core/Src/shtp.c.obj
 .debug_line    0x0000732d      0x954 CMakeFiles/CanSat_Final.dir/Core/Src/sx1278.c.obj
 .debug_line    0x00007c81      0x888 CMakeFiles/CanSat_Final.dir/Core/Src/telemetry.c.obj
 .debug_line    0x00008509       0x7a CMakeFiles/CanSat_Final.dir/startup_stm32f411xe.s.obj
 .debug_line    0x00008583      0x8c1 libSTM32_Drivers.a(system_stm32f4xx.c.obj)
 .debug_line    0x00008e44      0xf4a libSTM32_Drivers.a(stm32f4xx_hal_rcc.c.obj)
 .debug_line    0x00009d8e      0xc56 libSTM32_Drivers.a(stm32f4xx_hal_gpio.c.obj)
 .debug_line    0x0000a9e4      0xb40 libSTM32_Drivers.a(stm32f4xx_hal.c.obj)
 .debug_line    0x0000b524     0x3bea libSTM32_Drivers.a(stm32f4xx_hal_i2c.c.obj)
 .debug_line    0x0000f10e     0x1dd8 libSTM32_Drivers.a(stm32f4xx_hal_spi.c.obj)
 .debug_line    0x00010ee6      0xe0d libSTM32_Drivers.a(stm32f4xx_hal_cortex.c.obj)
 .debug_line    0x00011cf3      0x5d1 /home/gashadokuro/.local/share/stm32cube/bundles/gnu-tools-for-stm32/14.3.1+st.2/bin/../lib/gcc/arm-none-eabi/14.3.1/../../../../arm-none-eabi/lib/thumb/v7e-m+fp/hard/libg_nano.a(libc_a-findfp.o)
 .debug_line    0x000122c4      0x17e /home/gashadokuro/.local/share/stm32cube/bundles/gnu-tools-for-stm32/14.3.1+st.2/bin/../lib/gcc/arm-none-eabi/14.3.1/../../../../arm-none-eabi/lib/thumb/v7e-m+fp/hard/libg_nano.a(libc_a-memset.o)
 .debug_line    0x00012442      0x163 /home/gashadokuro/.local/share/stm32cube/bundles/gnu-tools-for-stm32/14.3.1+st.2/bin/../lib/gcc/arm-none-eabi/14.3.1/../../../../arm-none-eabi/lib/thumb/v7e-m+fp/hard/libg_nano.a(libc_a-impure.o)
 .debug_line    0x000125a5      0x185 /home/gashadokuro/.local/share/stm32cube/bundles/gnu-tools-for-stm32/14.3.1+st.2/bin/../lib/gcc/arm-none-eabi/14.3.1/../../../../arm-none-eabi/lib/thumb/v7e-m+fp/hard/libg_nano.a(libc_a-errno.o)
 .debug_line    0x0001272a      0x168 /home/gashadokuro/.local/share/stm32cube/bundles/gnu-tools-for-stm32/14.3.1+st.2/bin/../lib/gcc/arm-none-eabi/14.3.1/../../../../arm-none-eabi/lib/thumb/v7e-m+fp/hard/libg_nano.a(libc_a-init.o)
 .debug_line    0x00012892      0x202 /home/gashadokuro/.local/share/stm32cube/bundles/gnu-tools-for-stm32/14.3.1+st.2/bin/../lib/gcc/arm-none-eabi/14.3.1/../../../../arm-none-eabi/lib/thumb/v7e-m+fp/hard/libg_nano.a(libc_a-memcpy-stub.o)

.debug_str      0x00000000    0x8f14e
 .debug_str     0x00000000    0x8f14e CMakeFiles/CanSat_Final.dir/Core/Src/main.c.obj
                              0x89a90 (size before relaxing)
 .debug_str     0x0008f14e    0x83457 CMakeFiles/CanSat_Final.dir/Core/Src/gpio.c.obj
 .debug_str     0x0008f14e    0x8398b CMakeFiles/CanSat_Final.dir/Core/Src/i2c.c.obj
 .debug_str     0x0008f14e    0x838e3 CMakeFiles/CanSat_Final.dir/Core/Src/spi.c.obj
 .debug_str     0x0008f14e    0x83351 CMakeFiles/CanSat_Final.dir/Core/Src/stm32f4xx_it.c.obj
 .debug_str     0x0008f14e    0x8338c CMakeFiles/CanSat_Final.dir/Core/Src/stm32f4xx_hal_msp.c.obj
 .debug_str     0x0008f14e     0x965d CMakeFiles/CanSat_Final.dir/Core/Src/sh2_SensorValue.c.obj
 .debug_str     0x0008f14e     0x3f24 CMakeFiles/CanSat_Final.dir/Core/Src/sh2_util.c.obj
 .debug_str     0x0008f14e     0xa5d8 CMakeFiles/CanSat_Final.dir/Core/Src/sh2.c.obj
 .debug_str     0x0008f14e     0x71f8 CMakeFiles/CanSat_Final.dir/Core/Src/shtp.c.obj
 .debug_str     0x0008f14e    0x838a8 CMakeFiles/CanSat_Final.dir/Core/Src/sx1278.c.obj
 .debug_str     0x0008f14e    0x84023 CMakeFiles/CanSat_Final.dir/Core/Src/telemetry.c.obj
 .debug_str     0x0008f14e      0x116 CMakeFiles/CanSat_Final.dir/startup_stm32f411xe.s.obj
 .debug_str     0x0008f14e    0x83237 libSTM32_Drivers.a(system_stm32f4xx.c.obj)
 .debug_str     0x0008f14e    0x8366b libSTM32_Drivers.a(stm32f4xx_hal_rcc.c.obj)
 .debug_str     0x0008f14e    0x833b2 libSTM32_Drivers.a(stm32f4xx_hal_gpio.c.obj)
 .debug_str     0x0008f14e    0x83c63 libSTM32_Drivers.a(stm32f4xx_hal.c.obj)
 .debug_str     0x0008f14e    0x84248 libSTM32_Drivers.a(stm32f4xx_hal_i2c.c.obj)
 .debug_str     0x0008f14e    0x83ae3 libSTM32_Drivers.a(stm32f4xx_hal_spi.c.obj)
 .debug_str     0x0008f14e    0x839cd libSTM32_Drivers.a(stm32f4xx_hal_cortex.c.obj)
 .debug_str     0x0008f14e      0x7b4 /home/gashadokuro/.local/share/stm32cube/bundles/gnu-tools-for-stm32/14.3.1+st.2/bin/../lib/gcc/arm-none-eabi/14.3.1/../../../../arm-none-eabi/lib/thumb/v7e-m+fp/hard/libg_nano.a(libc_a-findfp.o)
 .debug_str     0x0008f14e      0x211 /home/gashadokuro/.local/share/stm32cube/bundles/gnu-tools-for-stm32/14.3.1+st.2/bin/../lib/gcc/arm-none-eabi/14.3.1/../../../../arm-none-eabi/lib/thumb/v7e-m+fp/hard/libg_nano.a(libc_a-memset.o)
 .debug_str     0x0008f14e      0x531 /home/gashadokuro/.local/share/stm32cube/bundles/gnu-tools-for-stm32/14.3.1+st.2/bin/../lib/gcc/arm-none-eabi/14.3.1/../../../../arm-none-eabi/lib/thumb/v7e-m+fp/hard/libg_nano.a(libc_a-impure.o)
 .debug_str     0x0008f14e      0x52b /home/gashadokuro/.local/share/stm32cube/bundles/gnu-tools-for-stm32/14.3.1+st.2/bin/../lib/gcc/arm-none-eabi/14.3.1/../../../../arm-none-eabi/lib/thumb/v7e-m+fp/hard/libg_nano.a(libc_a-errno.o)
 .debug_str     0x0008f14e      0x272 /home/gashadokuro/.local/share/stm32cube/bundles/gnu-tools-for-stm32/14.3.1+st.2/bin/../lib/gcc/arm-none-eabi/14.3.1/../../../../arm-none-eabi/lib/thumb/v7e-m+fp/hard/libg_nano.a(libc_a-init.o)
 .debug_str     0x0008f14e      0x22f /home/gashadokuro/.local/share/stm32cube/bundles/gnu-tools-for-stm32/14.3.1+st.2/bin/../lib/gcc/arm-none-eabi/14.3.1/../../../../arm-none-eabi/lib/thumb/v7e-m+fp/hard/libg_nano.a(libc_a-memcpy-stub.o)

.debug_frame    0x00000000     0x3fb4
 .debug_frame   0x00000000      0x244 CMakeFiles/CanSat_Final.dir/Core/Src/main.c.obj
 .debug_frame   0x00000244       0x34 CMakeFiles/CanSat_Final.dir/Core/Src/gpio.c.obj
 .debug_frame   0x00000278       0x74 CMakeFiles/CanSat_Final.dir/Core/Src/i2c.c.obj
 .debug_frame   0x000002ec       0x74 CMakeFiles/CanSat_Final.dir/Core/Src/spi.c.obj
 .debug_frame   0x00000360      0x130 CMakeFiles/CanSat_Final.dir/Core/Src/stm32f4xx_it.c.obj
 .debug_frame   0x00000490       0x34 CMakeFiles/CanSat_Final.dir/Core/Src/stm32f4xx_hal_msp.c.obj
 .debug_frame   0x000004c4      0x5fc CMakeFiles/CanSat_Final.dir/Core/Src/sh2_SensorValue.c.obj
 .debug_frame   0x00000ac0      0x1c0 CMakeFiles/CanSat_Final.dir/Core/Src/sh2_util.c.obj
 .debug_frame   0x00000c80      0xcc4 CMakeFiles/CanSat_Final.dir/Core/Src/sh2.c.obj
 .debug_frame   0x00001944      0x1a8 CMakeFiles/CanSat_Final.dir/Core/Src/shtp.c.obj
 .debug_frame   0x00001aec      0x12c CMakeFiles/CanSat_Final.dir/Core/Src/sx1278.c.obj
 .debug_frame   0x00001c18       0x34 CMakeFiles/CanSat_Final.dir/Core/Src/telemetry.c.obj
 .debug_frame   0x00001c4c       0x50 libSTM32_Drivers.a(system_stm32f4xx.c.obj)
 .debug_frame   0x00001c9c      0x1d8 libSTM32_Drivers.a(stm32f4xx_hal_rcc.c.obj)
 .debug_frame   0x00001e74      0x130 libSTM32_Drivers.a(stm32f4xx_hal_gpio.c.obj)
 .debug_frame   0x00001fa4      0x31c libSTM32_Drivers.a(stm32f4xx_hal.c.obj)
 .debug_frame   0x000022c0      0xbf4 libSTM32_Drivers.a(stm32f4xx_hal_i2c.c.obj)
 .debug_frame   0x00002eb4      0x7e0 libSTM32_Drivers.a(stm32f4xx_hal_spi.c.obj)
 .debug_frame   0x00003694      0x4b8 libSTM32_Drivers.a(stm32f4xx_hal_cortex.c.obj)
 .debug_frame   0x00003b4c       0x44 /home/gashadokuro/.local/share/stm32cube/bundles/gnu-tools-for-stm32/14.3.1+st.2/bin/../lib/gcc/arm-none-eabi/14.3.1/../../../../arm-none-eabi/lib/thumb/v7e-m+fp/hard/libm.a(libm_a-wf_pow.o)
 .debug_frame   0x00003b90       0x20 /home/gashadokuro/.local/share/stm32cube/bundles/gnu-tools-for-stm32/14.3.1+st.2/bin/../lib/gcc/arm-none-eabi/14.3.1/../../../../arm-none-eabi/lib/thumb/v7e-m+fp/hard/libm.a(libm_a-sf_finite.o)
 .debug_frame   0x00003bb0       0xa0 /home/gashadokuro/.local/share/stm32cube/bundles/gnu-tools-for-stm32/14.3.1+st.2/bin/../lib/gcc/arm-none-eabi/14.3.1/../../../../arm-none-eabi/lib/thumb/v7e-m+fp/hard/libm.a(libm_a-ef_pow.o)
 .debug_frame   0x00003c50       0x20 /home/gashadokuro/.local/share/stm32cube/bundles/gnu-tools-for-stm32/14.3.1+st.2/bin/../lib/gcc/arm-none-eabi/14.3.1/../../../../arm-none-eabi/lib/thumb/v7e-m+fp/hard/libm.a(libm_a-sf_fabs.o)
 .debug_frame   0x00003c70       0x20 /home/gashadokuro/.local/share/stm32cube/bundles/gnu-tools-for-stm32/14.3.1+st.2/bin/../lib/gcc/arm-none-eabi/14.3.1/../../../../arm-none-eabi/lib/thumb/v7e-m+fp/hard/libm.a(libm_a-sf_scalbn.o)
 .debug_frame   0x00003c90       0x88 /home/gashadokuro/.local/share/stm32cube/bundles/gnu-tools-for-stm32/14.3.1+st.2/bin/../lib/gcc/arm-none-eabi/14.3.1/../../../../arm-none-eabi/lib/thumb/v7e-m+fp/hard/libm.a(libm_a-math_errf.o)
 .debug_frame   0x00003d18       0x20 /home/gashadokuro/.local/share/stm32cube/bundles/gnu-tools-for-stm32/14.3.1+st.2/bin/../lib/gcc/arm-none-eabi/14.3.1/../../../../arm-none-eabi/lib/thumb/v7e-m+fp/hard/libm.a(libm_a-ef_sqrt.o)
 .debug_frame   0x00003d38       0x44 /home/gashadokuro/.local/share/stm32cube/bundles/gnu-tools-for-stm32/14.3.1+st.2/bin/../lib/gcc/arm-none-eabi/14.3.1/thumb/v7e-m+fp/hard/libgcc.a(_aeabi_ldivmod.o)
 .debug_frame   0x00003d7c       0x2c /home/gashadokuro/.local/share/stm32cube/bundles/gnu-tools-for-stm32/14.3.1+st.2/bin/../lib/gcc/arm-none-eabi/14.3.1/thumb/v7e-m+fp/hard/libgcc.a(_aeabi_uldivmod.o)
 .debug_frame   0x00003da8       0x34 /home/gashadokuro/.local/share/stm32cube/bundles/gnu-tools-for-stm32/14.3.1+st.2/bin/../lib/gcc/arm-none-eabi/14.3.1/thumb/v7e-m+fp/hard/libgcc.a(_udivmoddi4.o)
 .debug_frame   0x00003ddc      0x144 /home/gashadokuro/.local/share/stm32cube/bundles/gnu-tools-for-stm32/14.3.1+st.2/bin/../lib/gcc/arm-none-eabi/14.3.1/../../../../arm-none-eabi/lib/thumb/v7e-m+fp/hard/libg_nano.a(libc_a-findfp.o)